ARM Linker, 4.1 [Build 644] [Professional]

==============================================================================

Section Cross References

    main.o(i.EXTI_Configuration) refers to stm32f2xx_rcc.o(i.RCC_AHB1PeriphClockCmd) for RCC_AHB1PeriphClockCmd
    main.o(i.EXTI_Configuration) refers to stm32f2xx_rcc.o(i.RCC_APB2PeriphClockCmd) for RCC_APB2PeriphClockCmd
    main.o(i.EXTI_Configuration) refers to stm32f2xx_gpio.o(i.GPIO_Init) for GPIO_Init
    main.o(i.EXTI_Configuration) refers to stm32f2xx_syscfg.o(i.SYSCFG_EXTILineConfig) for SYSCFG_EXTILineConfig
    main.o(i.EXTI_Configuration) refers to stm32f2xx_exti.o(i.EXTI_Init) for EXTI_Init
    main.o(i.EXTI_Configuration) refers to misc.o(i.NVIC_Init) for NVIC_Init
    main.o(i.main) refers to system_stm32f2xx.o(i.SystemInit) for SystemInit
    main.o(i.main) refers to stm32f2xx_rcc.o(i.RCC_PCLK2Config) for RCC_PCLK2Config
    main.o(i.main) refers to stm32f2xx_rcc.o(i.RCC_APB2PeriphClockCmd) for RCC_APB2PeriphClockCmd
    main.o(i.main) refers to stm32f2xx_rcc.o(i.RCC_APB1PeriphClockCmd) for RCC_APB1PeriphClockCmd
    main.o(i.main) refers to main.o(i.EXTI_Configuration) for EXTI_Configuration
    main.o(i.main) refers to misc.o(i.NVIC_SetVectorTable) for NVIC_SetVectorTable
    main.o(i.main) refers to misc.o(i.NVIC_PriorityGroupConfig) for NVIC_PriorityGroupConfig
    main.o(i.main) refers to misc.o(i.NVIC_Init) for NVIC_Init
    main.o(i.main) refers to stm322xg_eval_lcd.o(i.STM322xG_LCD_Init) for STM322xG_LCD_Init
    main.o(i.main) refers to main.o(i.main_lcd_msg) for main_lcd_msg
    main.o(i.main) refers to stm322xg_eval_keypad.o(i.InitKey) for InitKey
    main.o(i.main) refers to stm32f2xx_gpio.o(i.GPIO_SetBits) for GPIO_SetBits
    main.o(i.main) refers to moto.o(i.moto_test) for moto_test
    main.o(i.main) refers to stm32f2xx_gpio.o(i.GPIO_ResetBits) for GPIO_ResetBits
    main.o(i.main) refers to system_stm32f2xx.o(.data) for SystemCoreClock
    main.o(i.main) refers to stm322xg_eval_keypad.o(.data) for KeyCode
    main.o(i.main) refers to main.o(.data) for .data
    main.o(i.main_lcd_msg) refers to stm322xg_eval_lcd.o(i.LCD_Clear) for LCD_Clear
    main.o(i.main_lcd_msg) refers to stm322xg_eval_lcd.o(i.LCD_SetBackColor) for LCD_SetBackColor
    main.o(i.main_lcd_msg) refers to stm322xg_eval_lcd.o(i.LCD_SetTextColor) for LCD_SetTextColor
    main.o(i.main_lcd_msg) refers to printf6.o(i.__0sprintf$6) for __2sprintf
    main.o(i.main_lcd_msg) refers to stm322xg_eval_lcd.o(i.LCD_DisplayStringHZ) for LCD_DisplayStringHZ
    main.o(i.main_lcd_msg) refers to stm322xg_eval_lcd.o(i.LCD_Draw_Eflag_Logo) for LCD_Draw_Eflag_Logo
    main.o(i.main_lcd_msg) refers to stm322xg_eval_lcd.o(i.LCD_DrawRect) for LCD_DrawRect
    stm32f2xx_it.o(i.EXTI15_10_IRQHandler) refers to stm32f2xx_exti.o(i.EXTI_GetITStatus) for EXTI_GetITStatus
    stm32f2xx_it.o(i.EXTI15_10_IRQHandler) refers to stm322xg_eval_keypad.o(i.i2cRead_ch452) for i2cRead_ch452
    stm32f2xx_it.o(i.EXTI15_10_IRQHandler) refers to stm32f2xx_exti.o(i.EXTI_ClearFlag) for EXTI_ClearFlag
    stm32f2xx_it.o(i.EXTI15_10_IRQHandler) refers to stm32f2xx_exti.o(i.EXTI_ClearITPendingBit) for EXTI_ClearITPendingBit
    stm32f2xx_it.o(i.EXTI15_10_IRQHandler) refers to stm322xg_eval_keypad.o(.data) for KeyCode
    stm32f2xx_it.o(i.EXTI15_10_IRQHandler) refers to main.o(.data) for moto_run
    stm32f2xx_it.o(i.SysTick_Handler) refers to systick.o(i.SysTick_ISR) for SysTick_ISR
    stm32f2xx_it.o(i.SysTick_Handler) refers to stm32f2xx_it.o(.data) for .data
    stm32f2xx_it.o(i.TIM3_IRQHandler) refers to stm32f2xx_tim.o(i.TIM_GetITStatus) for TIM_GetITStatus
    stm32f2xx_it.o(i.TIM3_IRQHandler) refers to stm32f2xx_tim.o(i.TIM_ClearITPendingBit) for TIM_ClearITPendingBit
    stm32f2xx_it.o(i.TIM3_IRQHandler) refers to moto.o(.data) for motoflag
    moto.o(i.Moto_GPIO_Configuration) refers to stm32f2xx_rcc.o(i.RCC_AHB1PeriphClockCmd) for RCC_AHB1PeriphClockCmd
    moto.o(i.Moto_GPIO_Configuration) refers to stm32f2xx_gpio.o(i.GPIO_Init) for GPIO_Init
    moto.o(i.Moto_NVIC_Configuration) refers to misc.o(i.NVIC_Init) for NVIC_Init
    moto.o(i.Moto_TIM2_Configuration) refers to stm32f2xx_rcc.o(i.RCC_APB1PeriphClockCmd) for RCC_APB1PeriphClockCmd
    moto.o(i.Moto_TIM2_Configuration) refers to stm32f2xx_tim.o(i.TIM_TimeBaseInit) for TIM_TimeBaseInit
    moto.o(i.Moto_TIM2_Configuration) refers to stm32f2xx_tim.o(i.TIM_ITConfig) for TIM_ITConfig
    moto.o(i.Moto_TIM2_Configuration) refers to stm32f2xx_tim.o(i.TIM_Cmd) for TIM_Cmd
    moto.o(i.moto_lcd_msg) refers to stm322xg_eval_lcd.o(i.LCD_Clear) for LCD_Clear
    moto.o(i.moto_lcd_msg) refers to stm322xg_eval_lcd.o(i.LCD_SetBackColor) for LCD_SetBackColor
    moto.o(i.moto_lcd_msg) refers to stm322xg_eval_lcd.o(i.LCD_SetTextColor) for LCD_SetTextColor
    moto.o(i.moto_lcd_msg) refers to printf6.o(i.__0sprintf$6) for __2sprintf
    moto.o(i.moto_lcd_msg) refers to stm322xg_eval_lcd.o(i.LCD_DisplayStringHZ) for LCD_DisplayStringHZ
[...]
    Removing stm322xg_eval_lcd.o(i.Lcd_Write_Com), (8 bytes).
    Removing stm322xg_eval_lcd.o(.data), (2 bytes).
    Removing stm322xg_eval_lcd.o(.data), (2 bytes).
    Removing stm322xg_eval_keypad.o(i.GetKeyNum), (16 bytes).
    Removing stm322xg_eval_keypad.o(i.I2C_ByteWrite), (240 bytes).
    Removing stm322xg_eval_keypad.o(i.Keypad_Interrupt), (140 bytes).
    Removing misc.o(i.NVIC_SystemLPConfig), (24 bytes).
    Removing misc.o(i.SysTick_CLKSourceConfig), (24 bytes).
    Removing stm32f2xx_adc.o(i.ADC_AnalogWatchdogCmd), (16 bytes).
    Removing stm32f2xx_adc.o(i.ADC_AnalogWatchdogSingleChannelConfig), (12 bytes).
    Removing stm32f2xx_adc.o(i.ADC_AnalogWatchdogThresholdsConfig), (6 bytes).
    Removing stm32f2xx_adc.o(i.ADC_AutoInjectedConvCmd), (20 bytes).
    Removing stm32f2xx_adc.o(i.ADC_ClearFlag), (6 bytes).
    Removing stm32f2xx_adc.o(i.ADC_ClearITPendingBit), (8 bytes).
    Removing stm32f2xx_adc.o(i.ADC_Cmd), (20 bytes).
    Removing stm32f2xx_adc.o(i.ADC_CommonInit), (48 bytes).
    Removing stm32f2xx_adc.o(i.ADC_CommonStructInit), (12 bytes).
    Removing stm32f2xx_adc.o(i.ADC_ContinuousModeCmd), (20 bytes).
    Removing stm32f2xx_adc.o(i.ADC_DMACmd), (20 bytes).
    Removing stm32f2xx_adc.o(i.ADC_DMARequestAfterLastTransferCmd), (20 bytes).
    Removing stm32f2xx_adc.o(i.ADC_DeInit), (24 bytes).
    Removing stm32f2xx_adc.o(i.ADC_DiscModeChannelCountConfig), (16 bytes).
    Removing stm32f2xx_adc.o(i.ADC_DiscModeCmd), (20 bytes).
    Removing stm32f2xx_adc.o(i.ADC_EOCOnEachRegularChannelCmd), (20 bytes).
    Removing stm32f2xx_adc.o(i.ADC_ExternalTrigInjectedConvConfig), (12 bytes).
    Removing stm32f2xx_adc.o(i.ADC_ExternalTrigInjectedConvEdgeConfig), (12 bytes).
    Removing stm32f2xx_adc.o(i.ADC_GetConversionValue), (6 bytes).
    Removing stm32f2xx_adc.o(i.ADC_GetFlagStatus), (14 bytes).
    Removing stm32f2xx_adc.o(i.ADC_GetITStatus), (28 bytes).
    Removing stm32f2xx_adc.o(i.ADC_GetInjectedConversionValue), (8 bytes).
    Removing stm32f2xx_adc.o(i.ADC_GetMultiModeConversionValue), (12 bytes).
    Removing stm32f2xx_adc.o(i.ADC_GetSoftwareStartConvStatus), (14 bytes).
    Removing stm32f2xx_adc.o(i.ADC_GetSoftwareStartInjectedConvCmdStatus), (14 bytes).
    Removing stm32f2xx_adc.o(i.ADC_ITConfig), (18 bytes).
    Removing stm32f2xx_adc.o(i.ADC_Init), (76 bytes).
    Removing stm32f2xx_adc.o(i.ADC_InjectedChannelConfig), (74 bytes).
    Removing stm32f2xx_adc.o(i.ADC_InjectedDiscModeCmd), (20 bytes).
    Removing stm32f2xx_adc.o(i.ADC_InjectedSequencerLengthConfig), (16 bytes).
    Removing stm32f2xx_adc.o(i.ADC_MultiModeDMARequestAfterLastTransferCmd), (32 bytes).
    Removing stm32f2xx_adc.o(i.ADC_RegularChannelConfig), (116 bytes).
    Removing stm32f2xx_adc.o(i.ADC_SetInjectedOffset), (4 bytes).
    Removing stm32f2xx_adc.o(i.ADC_SoftwareStartConv), (10 bytes).
    Removing stm32f2xx_adc.o(i.ADC_SoftwareStartInjectedConv), (10 bytes).
    Removing stm32f2xx_adc.o(i.ADC_StructInit), (20 bytes).
    Removing stm32f2xx_adc.o(i.ADC_TempSensorVrefintCmd), (32 bytes).
    Removing stm32f2xx_adc.o(i.ADC_VBATCmd), (32 bytes).
    Removing stm32f2xx_can.o(i.CAN_CancelTransmit), (36 bytes).
    Removing stm32f2xx_can.o(i.CAN_ClearFlag), (48 bytes).
    Removing stm32f2xx_can.o(i.CAN_ClearITPendingBit), (120 bytes).
    Removing stm32f2xx_can.o(i.CAN_DBGFreeze), (20 bytes).
    Removing stm32f2xx_can.o(i.CAN_DeInit), (44 bytes).
    Removing stm32f2xx_can.o(i.CAN_FIFORelease), (22 bytes).
    Removing stm32f2xx_can.o(i.CAN_FilterInit), (216 bytes).
    Removing stm32f2xx_can.o(i.CAN_GetFlagStatus), (52 bytes).
    Removing stm32f2xx_can.o(i.CAN_GetITStatus), (180 bytes).
    Removing stm32f2xx_can.o(i.CAN_GetLSBTransmitErrorCounter), (8 bytes).
    Removing stm32f2xx_can.o(i.CAN_GetLastErrorCode), (10 bytes).
    Removing stm32f2xx_can.o(i.CAN_GetReceiveErrorCounter), (6 bytes).
    Removing stm32f2xx_can.o(i.CAN_ITConfig), (16 bytes).
    Removing stm32f2xx_can.o(i.CAN_Init), (232 bytes).
    Removing stm32f2xx_can.o(i.CAN_MessagePending), (22 bytes).
    Removing stm32f2xx_can.o(i.CAN_OperatingModeRequest), (140 bytes).
    Removing stm32f2xx_can.o(i.CAN_Receive), (140 bytes).
    Removing stm32f2xx_can.o(i.CAN_SlaveStartBank), (44 bytes).
    Removing stm32f2xx_can.o(i.CAN_Sleep), (30 bytes).
    Removing stm32f2xx_can.o(i.CAN_StructInit), (32 bytes).
    Removing stm32f2xx_can.o(i.CAN_TTComModeCmd), (90 bytes).
    Removing stm32f2xx_can.o(i.CAN_Transmit), (154 bytes).
    Removing stm32f2xx_can.o(i.CAN_TransmitStatus), (112 bytes).
    Removing stm32f2xx_can.o(i.CAN_WakeUp), (42 bytes).
    Removing stm32f2xx_can.o(i.CheckITStatus), (12 bytes).
    Removing stm32f2xx_crc.o(i.CRC_CalcBlockCRC), (28 bytes).
    Removing stm32f2xx_crc.o(i.CRC_CalcCRC), (12 bytes).
    Removing stm32f2xx_crc.o(i.CRC_GetCRC), (12 bytes).
    Removing stm32f2xx_crc.o(i.CRC_GetIDRegister), (12 bytes).
    Removing stm32f2xx_crc.o(i.CRC_ResetDR), (12 bytes).
    Removing stm32f2xx_crc.o(i.CRC_SetIDRegister), (12 bytes).
    Removing stm32f2xx_cryp.o(i.CRYP_Cmd), (28 bytes).
    Removing stm32f2xx_cryp.o(i.CRYP_DMACmd), (28 bytes).
    Removing stm32f2xx_cryp.o(i.CRYP_DataIn), (12 bytes).
    Removing stm32f2xx_cryp.o(i.CRYP_DataOut), (12 bytes).
    Removing stm32f2xx_cryp.o(i.CRYP_DeInit), (22 bytes).
    Removing stm32f2xx_cryp.o(i.CRYP_FIFOFlush), (16 bytes).
    Removing stm32f2xx_cryp.o(i.CRYP_GetFlagStatus), (28 bytes).
    Removing stm32f2xx_cryp.o(i.CRYP_GetITStatus), (20 bytes).
    Removing stm32f2xx_cryp.o(i.CRYP_ITConfig), (28 bytes).
    Removing stm32f2xx_cryp.o(i.CRYP_IVInit), (24 bytes).
    Removing stm32f2xx_cryp.o(i.CRYP_IVStructInit), (12 bytes).
    Removing stm32f2xx_cryp.o(i.CRYP_Init), (92 bytes).
    Removing stm32f2xx_cryp.o(i.CRYP_KeyInit), (40 bytes).
    Removing stm32f2xx_cryp.o(i.CRYP_KeyStructInit), (20 bytes).
    Removing stm32f2xx_cryp.o(i.CRYP_RestoreContext), (68 bytes).
    Removing stm32f2xx_cryp.o(i.CRYP_SaveContext), (136 bytes).
    Removing stm32f2xx_cryp.o(i.CRYP_StructInit), (12 bytes).
    Removing stm32f2xx_cryp_aes.o(i.CRYP_AES_CBC), (444 bytes).
    Removing stm32f2xx_cryp_aes.o(i.CRYP_AES_CTR), (376 bytes).
    Removing stm32f2xx_cryp_aes.o(i.CRYP_AES_ECB), (406 bytes).
    Removing stm32f2xx_cryp_des.o(i.CRYP_DES_CBC), (208 bytes).
    Removing stm32f2xx_cryp_des.o(i.CRYP_DES_ECB), (180 bytes).
    Removing stm32f2xx_cryp_tdes.o(i.CRYP_TDES_CBC), (232 bytes).
    Removing stm32f2xx_cryp_tdes.o(i.CRYP_TDES_ECB), (208 bytes).
    Removing stm32f2xx_dac.o(i.DAC_ClearFlag), (12 bytes).
    Removing stm32f2xx_dac.o(i.DAC_ClearITPendingBit), (12 bytes).
    Removing stm32f2xx_dac.o(i.DAC_Cmd), (28 bytes).
    Removing stm32f2xx_dac.o(i.DAC_DMACmd), (28 bytes).
    Removing stm32f2xx_dac.o(i.DAC_DeInit), (24 bytes).
    Removing stm32f2xx_dac.o(i.DAC_DualSoftwareTriggerCmd), (32 bytes).
    Removing stm32f2xx_dac.o(i.DAC_GetDataOutputValue), (16 bytes).
    Removing stm32f2xx_dac.o(i.DAC_GetFlagStatus), (24 bytes).
    Removing stm32f2xx_dac.o(i.DAC_GetITStatus), (36 bytes).
    Removing stm32f2xx_dac.o(i.DAC_ITConfig), (28 bytes).
    Removing stm32f2xx_dac.o(i.DAC_Init), (56 bytes).
    Removing stm32f2xx_dac.o(i.DAC_SetChannel1Data), (12 bytes).
    Removing stm32f2xx_dac.o(i.DAC_SetChannel2Data), (12 bytes).
    Removing stm32f2xx_dac.o(i.DAC_SetDualChannelData), (28 bytes).
    Removing stm32f2xx_dac.o(i.DAC_SoftwareTriggerCmd), (32 bytes).
    Removing stm32f2xx_dac.o(i.DAC_StructInit), (12 bytes).
    Removing stm32f2xx_dac.o(i.DAC_WaveGenerationCmd), (28 bytes).
    Removing stm32f2xx_dbgmcu.o(i.DBGMCU_APB1PeriphConfig), (24 bytes).
    Removing stm32f2xx_dbgmcu.o(i.DBGMCU_APB2PeriphConfig), (24 bytes).
    Removing stm32f2xx_dbgmcu.o(i.DBGMCU_Config), (24 bytes).
    Removing stm32f2xx_dbgmcu.o(i.DBGMCU_GetDEVID), (16 bytes).
    Removing stm32f2xx_dbgmcu.o(i.DBGMCU_GetREVID), (12 bytes).
    Removing stm32f2xx_dcmi.o(i.DCMI_CROPCmd), (28 bytes).
    Removing stm32f2xx_dcmi.o(i.DCMI_CROPConfig), (24 bytes).
    Removing stm32f2xx_dcmi.o(i.DCMI_CaptureCmd), (28 bytes).
    Removing stm32f2xx_dcmi.o(i.DCMI_ClearFlag), (12 bytes).
    Removing stm32f2xx_dcmi.o(i.DCMI_ClearITPendingBit), (12 bytes).
    Removing stm32f2xx_dcmi.o(i.DCMI_Cmd), (28 bytes).
    Removing stm32f2xx_dcmi.o(i.DCMI_DeInit), (28 bytes).
    Removing stm32f2xx_dcmi.o(i.DCMI_GetFlagStatus), (40 bytes).
    Removing stm32f2xx_dcmi.o(i.DCMI_GetITStatus), (20 bytes).
    Removing stm32f2xx_dcmi.o(i.DCMI_ITConfig), (28 bytes).
    Removing stm32f2xx_dcmi.o(i.DCMI_Init), (60 bytes).
    Removing stm32f2xx_dcmi.o(i.DCMI_JPEGCmd), (28 bytes).
    Removing stm32f2xx_dcmi.o(i.DCMI_ReadData), (12 bytes).
    Removing stm32f2xx_dcmi.o(i.DCMI_SetEmbeddedSynchroCodes), (20 bytes).
    Removing stm32f2xx_dcmi.o(i.DCMI_StructInit), (18 bytes).
    Removing stm32f2xx_dma.o(i.DMA_ClearFlag), (44 bytes).
    Removing stm32f2xx_dma.o(i.DMA_ClearITPendingBit), (44 bytes).
    Removing stm32f2xx_dma.o(i.DMA_Cmd), (20 bytes).
    Removing stm32f2xx_dma.o(i.DMA_DeInit), (292 bytes).
    Removing stm32f2xx_dma.o(i.DMA_DoubleBufferModeCmd), (20 bytes).
    Removing stm32f2xx_dma.o(i.DMA_DoubleBufferModeConfig), (22 bytes).
    Removing stm32f2xx_dma.o(i.DMA_FlowControllerConfig), (20 bytes).
    Removing stm32f2xx_dma.o(i.DMA_GetCmdStatus), (14 bytes).
    Removing stm32f2xx_dma.o(i.DMA_GetCurrDataCounter), (6 bytes).
    Removing stm32f2xx_dma.o(i.DMA_GetCurrentMemoryTarget), (14 bytes).
    Removing stm32f2xx_dma.o(i.DMA_GetFIFOStatus), (8 bytes).
    Removing stm32f2xx_dma.o(i.DMA_GetFlagStatus), (52 bytes).
    Removing stm32f2xx_dma.o(i.DMA_GetITStatus), (84 bytes).
    Removing stm32f2xx_dma.o(i.DMA_ITConfig), (44 bytes).
    Removing stm32f2xx_dma.o(i.DMA_Init), (84 bytes).
    Removing stm32f2xx_dma.o(i.DMA_MemoryTargetConfig), (10 bytes).
    Removing stm32f2xx_dma.o(i.DMA_PeriphIncOffsetSizeConfig), (20 bytes).
    Removing stm32f2xx_dma.o(i.DMA_SetCurrDataCounter), (4 bytes).
    Removing stm32f2xx_dma.o(i.DMA_StructInit), (34 bytes).
    Removing stm32f2xx_exti.o(i.EXTI_DeInit), (28 bytes).
    Removing stm32f2xx_exti.o(i.EXTI_GenerateSWInterrupt), (16 bytes).
    Removing stm32f2xx_exti.o(i.EXTI_GetFlagStatus), (20 bytes).
    Removing stm32f2xx_exti.o(i.EXTI_StructInit), (14 bytes).
    Removing stm32f2xx_flash.o(i.FLASH_ClearFlag), (12 bytes).
    Removing stm32f2xx_flash.o(i.FLASH_DataCacheCmd), (32 bytes).
    Removing stm32f2xx_flash.o(i.FLASH_DataCacheReset), (16 bytes).
    Removing stm32f2xx_flash.o(i.FLASH_EraseAllSectors), (92 bytes).
    Removing stm32f2xx_flash.o(i.FLASH_EraseSector), (112 bytes).
    Removing stm32f2xx_flash.o(i.FLASH_GetFlagStatus), (20 bytes).
    Removing stm32f2xx_flash.o(i.FLASH_GetStatus), (60 bytes).
    Removing stm32f2xx_flash.o(i.FLASH_ITConfig), (28 bytes).
    Removing stm32f2xx_flash.o(i.FLASH_InstructionCacheCmd), (32 bytes).
    Removing stm32f2xx_flash.o(i.FLASH_InstructionCacheReset), (16 bytes).
    Removing stm32f2xx_flash.o(i.FLASH_Lock), (16 bytes).
    Removing stm32f2xx_flash.o(i.FLASH_OB_BORConfig), (24 bytes).
    Removing stm32f2xx_flash.o(i.FLASH_OB_GetBOR), (16 bytes).
    Removing stm32f2xx_flash.o(i.FLASH_OB_GetRDP), (20 bytes).
    Removing stm32f2xx_flash.o(i.FLASH_OB_GetUser), (16 bytes).
    Removing stm32f2xx_flash.o(i.FLASH_OB_GetWRP), (12 bytes).
    Removing stm32f2xx_flash.o(i.FLASH_OB_Launch), (20 bytes).
    Removing stm32f2xx_flash.o(i.FLASH_OB_Lock), (16 bytes).
    Removing stm32f2xx_flash.o(i.FLASH_OB_RDPConfig), (24 bytes).
    Removing stm32f2xx_flash.o(i.FLASH_OB_Unlock), (36 bytes).
    Removing stm32f2xx_flash.o(i.FLASH_OB_UserConfig), (44 bytes).
    Removing stm32f2xx_flash.o(i.FLASH_OB_WRPConfig), (40 bytes).
    Removing stm32f2xx_flash.o(i.FLASH_PrefetchBufferCmd), (32 bytes).
    Removing stm32f2xx_flash.o(i.FLASH_ProgramByte), (56 bytes).
    Removing stm32f2xx_flash.o(i.FLASH_ProgramDoubleWord), (64 bytes).
    Removing stm32f2xx_flash.o(i.FLASH_ProgramHalfWord), (60 bytes).
    Removing stm32f2xx_flash.o(i.FLASH_ProgramWord), (60 bytes).
    Removing stm32f2xx_flash.o(i.FLASH_SetLatency), (12 bytes).
    Removing stm32f2xx_flash.o(i.FLASH_Unlock), (36 bytes).
    Removing stm32f2xx_flash.o(i.FLASH_WaitForLastOperation), (14 bytes).
    Removing stm32f2xx_fsmc.o(i.FSMC_ClearFlag), (42 bytes).
    Removing stm32f2xx_fsmc.o(i.FSMC_ClearITPendingBit), (44 bytes).
    Removing stm32f2xx_fsmc.o(i.FSMC_GetECC), (18 bytes).
    Removing stm32f2xx_fsmc.o(i.FSMC_GetFlagStatus), (40 bytes).
    Removing stm32f2xx_fsmc.o(i.FSMC_GetITStatus), (48 bytes).
    Removing stm32f2xx_fsmc.o(i.FSMC_ITConfig), (80 bytes).
    Removing stm32f2xx_fsmc.o(i.FSMC_NANDCmd), (56 bytes).
    Removing stm32f2xx_fsmc.o(i.FSMC_NANDDeInit), (40 bytes).
    Removing stm32f2xx_fsmc.o(i.FSMC_NANDECCCmd), (56 bytes).
    Removing stm32f2xx_fsmc.o(i.FSMC_NANDInit), (104 bytes).
    Removing stm32f2xx_fsmc.o(i.FSMC_NANDStructInit), (54 bytes).
    Removing stm32f2xx_fsmc.o(i.FSMC_NORSRAMDeInit), (36 bytes).
    Removing stm32f2xx_fsmc.o(i.FSMC_NORSRAMStructInit), (98 bytes).
    Removing stm32f2xx_fsmc.o(i.FSMC_PCCARDCmd), (32 bytes).
    Removing stm32f2xx_fsmc.o(i.FSMC_PCCARDDeInit), (28 bytes).
    Removing stm32f2xx_fsmc.o(i.FSMC_PCCARDInit), (116 bytes).
    Removing stm32f2xx_fsmc.o(i.FSMC_PCCARDStructInit), (60 bytes).
    Removing stm32f2xx_gpio.o(i.GPIO_DeInit), (228 bytes).
    Removing stm32f2xx_gpio.o(i.GPIO_PinLockConfig), (16 bytes).
    Removing stm32f2xx_gpio.o(i.GPIO_ReadInputData), (6 bytes).
    Removing stm32f2xx_gpio.o(i.GPIO_ReadOutputData), (6 bytes).
    Removing stm32f2xx_gpio.o(i.GPIO_ReadOutputDataBit), (14 bytes).
    Removing stm32f2xx_gpio.o(i.GPIO_StructInit), (18 bytes).
    Removing stm32f2xx_gpio.o(i.GPIO_ToggleBits), (8 bytes).
    Removing stm32f2xx_gpio.o(i.GPIO_Write), (4 bytes).
    Removing stm32f2xx_gpio.o(i.GPIO_WriteBit), (10 bytes).
    Removing stm32f2xx_hash.o(i.HASH_ClearFlag), (12 bytes).
    Removing stm32f2xx_hash.o(i.HASH_ClearITPendingBit), (16 bytes).
    Removing stm32f2xx_hash.o(i.HASH_DMACmd), (32 bytes).
    Removing stm32f2xx_hash.o(i.HASH_DataIn), (12 bytes).
    Removing stm32f2xx_hash.o(i.HASH_DeInit), (22 bytes).
    Removing stm32f2xx_hash.o(i.HASH_GetDigest), (28 bytes).
    Removing stm32f2xx_hash.o(i.HASH_GetFlagStatus), (32 bytes).
    Removing stm32f2xx_hash.o(i.HASH_GetITStatus), (28 bytes).
    Removing stm32f2xx_hash.o(i.HASH_GetInFIFOWordsNbr), (16 bytes).
    Removing stm32f2xx_hash.o(i.HASH_ITConfig), (32 bytes).
    Removing stm32f2xx_hash.o(i.HASH_Init), (88 bytes).
    Removing stm32f2xx_hash.o(i.HASH_Reset), (16 bytes).
    Removing stm32f2xx_hash.o(i.HASH_RestoreContext), (60 bytes).
    Removing stm32f2xx_hash.o(i.HASH_SaveContext), (52 bytes).
    Removing stm32f2xx_hash.o(i.HASH_SetLastWordValidBitsNbr), (24 bytes).
    Removing stm32f2xx_hash.o(i.HASH_StartDigest), (16 bytes).
    Removing stm32f2xx_hash.o(i.HASH_StructInit), (12 bytes).
    Removing stm32f2xx_hash_md5.o(i.HASH_MD5), (144 bytes).
    Removing stm32f2xx_hash_md5.o(i.HMAC_MD5), (284 bytes).
    Removing stm32f2xx_hash_sha1.o(i.HASH_SHA1), (148 bytes).
    Removing stm32f2xx_hash_sha1.o(i.HMAC_SHA1), (288 bytes).
    Removing stm32f2xx_i2c.o(i.I2C_ARPCmd), (20 bytes).
    Removing stm32f2xx_i2c.o(i.I2C_AcknowledgeConfig), (20 bytes).
    Removing stm32f2xx_i2c.o(i.I2C_CalculatePEC), (20 bytes).
    Removing stm32f2xx_i2c.o(i.I2C_CheckEvent), (24 bytes).
    Removing stm32f2xx_i2c.o(i.I2C_ClearFlag), (6 bytes).
    Removing stm32f2xx_i2c.o(i.I2C_ClearITPendingBit), (6 bytes).
    Removing stm32f2xx_i2c.o(i.I2C_Cmd), (20 bytes).
    Removing stm32f2xx_i2c.o(i.I2C_DMACmd), (20 bytes).
    Removing stm32f2xx_i2c.o(i.I2C_DMALastTransferCmd), (20 bytes).
    Removing stm32f2xx_i2c.o(i.I2C_DeInit), (68 bytes).
    Removing stm32f2xx_i2c.o(i.I2C_DualAddressCmd), (20 bytes).
    Removing stm32f2xx_i2c.o(i.I2C_FastModeDutyCycleConfig), (22 bytes).
    Removing stm32f2xx_i2c.o(i.I2C_GeneralCallCmd), (20 bytes).
    Removing stm32f2xx_i2c.o(i.I2C_GenerateSTART), (20 bytes).
    Removing stm32f2xx_i2c.o(i.I2C_GenerateSTOP), (20 bytes).
    Removing stm32f2xx_i2c.o(i.I2C_GetFlagStatus), (30 bytes).
    Removing stm32f2xx_i2c.o(i.I2C_GetITStatus), (32 bytes).
    Removing stm32f2xx_i2c.o(i.I2C_GetLastEvent), (14 bytes).
    Removing stm32f2xx_i2c.o(i.I2C_GetPEC), (6 bytes).
    Removing stm32f2xx_i2c.o(i.I2C_ITConfig), (16 bytes).
    Removing stm32f2xx_i2c.o(i.I2C_Init), (180 bytes).
    Removing stm32f2xx_i2c.o(i.I2C_NACKPositionConfig), (22 bytes).
    Removing stm32f2xx_i2c.o(i.I2C_OwnAddress2Config), (16 bytes).
    Removing stm32f2xx_i2c.o(i.I2C_PECPositionConfig), (22 bytes).
    Removing stm32f2xx_i2c.o(i.I2C_ReadRegister), (4 bytes).
    Removing stm32f2xx_i2c.o(i.I2C_ReceiveData), (6 bytes).
    Removing stm32f2xx_i2c.o(i.I2C_SMBusAlertConfig), (22 bytes).
    Removing stm32f2xx_i2c.o(i.I2C_Send7bitAddress), (16 bytes).
    Removing stm32f2xx_i2c.o(i.I2C_SendData), (4 bytes).
    Removing stm32f2xx_i2c.o(i.I2C_SoftwareResetCmd), (20 bytes).
    Removing stm32f2xx_i2c.o(i.I2C_StretchClockCmd), (20 bytes).
    Removing stm32f2xx_i2c.o(i.I2C_StructInit), (28 bytes).
    Removing stm32f2xx_i2c.o(i.I2C_TransmitPEC), (20 bytes).
    Removing stm32f2xx_iwdg.o(i.IWDG_Enable), (16 bytes).
    Removing stm32f2xx_iwdg.o(i.IWDG_GetFlagStatus), (20 bytes).
    Removing stm32f2xx_iwdg.o(i.IWDG_ReloadCounter), (16 bytes).
    Removing stm32f2xx_iwdg.o(i.IWDG_SetPrescaler), (12 bytes).
    Removing stm32f2xx_iwdg.o(i.IWDG_SetReload), (12 bytes).
    Removing stm32f2xx_iwdg.o(i.IWDG_WriteAccessCmd), (12 bytes).
    Removing stm32f2xx_pwr.o(i.PWR_BackupAccessCmd), (12 bytes).
    Removing stm32f2xx_pwr.o(i.PWR_BackupRegulatorCmd), (12 bytes).
    Removing stm32f2xx_pwr.o(i.PWR_ClearFlag), (16 bytes).
    Removing stm32f2xx_pwr.o(i.PWR_DeInit), (24 bytes).
    Removing stm32f2xx_pwr.o(i.PWR_EnterSTANDBYMode), (40 bytes).
    Removing stm32f2xx_pwr.o(i.PWR_EnterSTOPMode), (60 bytes).
    Removing stm32f2xx_pwr.o(i.PWR_FlashPowerDownCmd), (12 bytes).
    Removing stm32f2xx_pwr.o(i.PWR_GetFlagStatus), (20 bytes).
    Removing stm32f2xx_pwr.o(i.PWR_PVDCmd), (12 bytes).
    Removing stm32f2xx_pwr.o(i.PWR_PVDLevelConfig), (20 bytes).
    Removing stm32f2xx_pwr.o(i.PWR_WakeUpPinCmd), (12 bytes).
    Removing stm32f2xx_rcc.o(i.RCC_AHB1PeriphClockLPModeCmd), (28 bytes).
    Removing stm32f2xx_rcc.o(i.RCC_AHB1PeriphResetCmd), (28 bytes).
    Removing stm32f2xx_rcc.o(i.RCC_AHB2PeriphClockCmd), (28 bytes).
    Removing stm32f2xx_rcc.o(i.RCC_AHB2PeriphClockLPModeCmd), (28 bytes).
    Removing stm32f2xx_rcc.o(i.RCC_AHB2PeriphResetCmd), (28 bytes).
    Removing stm32f2xx_rcc.o(i.RCC_AHB3PeriphClockLPModeCmd), (28 bytes).
    Removing stm32f2xx_rcc.o(i.RCC_AHB3PeriphResetCmd), (28 bytes).
    Removing stm32f2xx_rcc.o(i.RCC_APB1PeriphClockLPModeCmd), (28 bytes).
    Removing stm32f2xx_rcc.o(i.RCC_APB1PeriphResetCmd), (28 bytes).
    Removing stm32f2xx_rcc.o(i.RCC_APB2PeriphClockLPModeCmd), (28 bytes).
    Removing stm32f2xx_rcc.o(i.RCC_APB2PeriphResetCmd), (28 bytes).
    Removing stm32f2xx_rcc.o(i.RCC_AdjustHSICalibrationValue), (20 bytes).
    Removing stm32f2xx_rcc.o(i.RCC_BackupResetCmd), (12 bytes).
    Removing stm32f2xx_rcc.o(i.RCC_ClearFlag), (16 bytes).
    Removing stm32f2xx_rcc.o(i.RCC_ClearITPendingBit), (12 bytes).
    Removing stm32f2xx_rcc.o(i.RCC_ClockSecuritySystemCmd), (12 bytes).
    Removing stm32f2xx_rcc.o(i.RCC_DeInit), (56 bytes).
    Removing stm32f2xx_rcc.o(i.RCC_GetClocksFreq), (168 bytes).
    Removing stm32f2xx_rcc.o(i.RCC_GetFlagStatus), (52 bytes).
    Removing stm32f2xx_rcc.o(i.RCC_GetITStatus), (20 bytes).
    Removing stm32f2xx_rcc.o(i.RCC_GetSYSCLKSource), (16 bytes).
    Removing stm32f2xx_rcc.o(i.RCC_HCLKConfig), (20 bytes).
    Removing stm32f2xx_rcc.o(i.RCC_HSEConfig), (16 bytes).
    Removing stm32f2xx_rcc.o(i.RCC_HSICmd), (12 bytes).
    Removing stm32f2xx_rcc.o(i.RCC_I2SCLKConfig), (12 bytes).
    Removing stm32f2xx_rcc.o(i.RCC_ITConfig), (28 bytes).
    Removing stm32f2xx_rcc.o(i.RCC_LSEConfig), (32 bytes).
    Removing stm32f2xx_rcc.o(i.RCC_LSICmd), (12 bytes).
    Removing stm32f2xx_rcc.o(i.RCC_MCO1Config), (24 bytes).
    Removing stm32f2xx_rcc.o(i.RCC_MCO2Config), (24 bytes).
    Removing stm32f2xx_rcc.o(i.RCC_PCLK1Config), (20 bytes).
    Removing stm32f2xx_rcc.o(i.RCC_PLLCmd), (12 bytes).
    Removing stm32f2xx_rcc.o(i.RCC_PLLConfig), (40 bytes).
    Removing stm32f2xx_rcc.o(i.RCC_PLLI2SCmd), (12 bytes).
    Removing stm32f2xx_rcc.o(i.RCC_PLLI2SConfig), (16 bytes).
    Removing stm32f2xx_rcc.o(i.RCC_RTCCLKCmd), (12 bytes).
    Removing stm32f2xx_rcc.o(i.RCC_RTCCLKConfig), (52 bytes).
    Removing stm32f2xx_rcc.o(i.RCC_SYSCLKConfig), (20 bytes).
    Removing stm32f2xx_rcc.o(i.RCC_WaitForHSEStartUp), (38 bytes).
    Removing stm32f2xx_rcc.o(.data), (16 bytes).
    Removing stm32f2xx_rng.o(i.RNG_ClearFlag), (16 bytes).
    Removing stm32f2xx_rng.o(i.RNG_ClearITPendingBit), (16 bytes).
    Removing stm32f2xx_rng.o(i.RNG_Cmd), (32 bytes).
    Removing stm32f2xx_rng.o(i.RNG_DeInit), (22 bytes).
    Removing stm32f2xx_rng.o(i.RNG_GetFlagStatus), (20 bytes).
    Removing stm32f2xx_rng.o(i.RNG_GetITStatus), (20 bytes).
    Removing stm32f2xx_rng.o(i.RNG_GetRandomNumber), (12 bytes).
    Removing stm32f2xx_rng.o(i.RNG_ITConfig), (32 bytes).
    Removing stm32f2xx_rtc.o(i.RTC_AlarmCmd), (88 bytes).
    Removing stm32f2xx_rtc.o(i.RTC_AlarmStructInit), (20 bytes).
    Removing stm32f2xx_rtc.o(i.RTC_Bcd2ToByte), (18 bytes).
    Removing stm32f2xx_rtc.o(i.RTC_ByteToBcd2), (26 bytes).
    Removing stm32f2xx_rtc.o(i.RTC_CalibOutputCmd), (48 bytes).
    Removing stm32f2xx_rtc.o(i.RTC_ClearFlag), (28 bytes).
    Removing stm32f2xx_rtc.o(i.RTC_ClearITPendingBit), (32 bytes).
    Removing stm32f2xx_rtc.o(i.RTC_CoarseCalibCmd), (68 bytes).
    Removing stm32f2xx_rtc.o(i.RTC_CoarseCalibConfig), (56 bytes).
    Removing stm32f2xx_rtc.o(i.RTC_DateStructInit), (14 bytes).
    Removing stm32f2xx_rtc.o(i.RTC_DayLightSavingConfig), (44 bytes).
    Removing stm32f2xx_rtc.o(i.RTC_DeInit), (144 bytes).
    Removing stm32f2xx_rtc.o(i.RTC_EnterInitMode), (60 bytes).
    Removing stm32f2xx_rtc.o(i.RTC_ExitInitMode), (16 bytes).
    Removing stm32f2xx_rtc.o(i.RTC_GetAlarm), (108 bytes).
    Removing stm32f2xx_rtc.o(i.RTC_GetDate), (76 bytes).
    Removing stm32f2xx_rtc.o(i.RTC_GetFlagStatus), (28 bytes).
    Removing stm32f2xx_rtc.o(i.RTC_GetITStatus), (48 bytes).
    Removing stm32f2xx_rtc.o(i.RTC_GetStoreOperation), (16 bytes).
    Removing stm32f2xx_rtc.o(i.RTC_GetTime), (80 bytes).
    Removing stm32f2xx_rtc.o(i.RTC_GetTimeStamp), (140 bytes).
    Removing stm32f2xx_rtc.o(i.RTC_GetWakeUpCounter), (12 bytes).
    Removing stm32f2xx_rtc.o(i.RTC_ITConfig), (72 bytes).
    Removing stm32f2xx_rtc.o(i.RTC_Init), (88 bytes).
    Removing stm32f2xx_rtc.o(i.RTC_OutputConfig), (44 bytes).
    Removing stm32f2xx_rtc.o(i.RTC_OutputTypeConfig), (24 bytes).
    Removing stm32f2xx_rtc.o(i.RTC_ReadBackupRegister), (12 bytes).
    Removing stm32f2xx_rtc.o(i.RTC_RefClockCmd), (68 bytes).
    Removing stm32f2xx_rtc.o(i.RTC_SetAlarm), (172 bytes).
    Removing stm32f2xx_rtc.o(i.RTC_SetDate), (152 bytes).
    Removing stm32f2xx_rtc.o(i.RTC_SetTime), (160 bytes).
    Removing stm32f2xx_rtc.o(i.RTC_SetWakeUpCounter), (28 bytes).
    Removing stm32f2xx_rtc.o(i.RTC_StructInit), (14 bytes).
    Removing stm32f2xx_rtc.o(i.RTC_TamperCmd), (28 bytes).
    Removing stm32f2xx_rtc.o(i.RTC_TamperPinSelection), (24 bytes).
    Removing stm32f2xx_rtc.o(i.RTC_TamperTriggerConfig), (32 bytes).
    Removing stm32f2xx_rtc.o(i.RTC_TimeStampCmd), (52 bytes).
    Removing stm32f2xx_rtc.o(i.RTC_TimeStampPinSelection), (24 bytes).
    Removing stm32f2xx_rtc.o(i.RTC_TimeStructInit), (12 bytes).
    Removing stm32f2xx_rtc.o(i.RTC_WaitForSynchro), (76 bytes).
    Removing stm32f2xx_rtc.o(i.RTC_WakeUpClockConfig), (40 bytes).
    Removing stm32f2xx_rtc.o(i.RTC_WakeUpCmd), (92 bytes).
    Removing stm32f2xx_rtc.o(i.RTC_WriteBackupRegister), (12 bytes).
    Removing stm32f2xx_rtc.o(i.RTC_WriteProtectionCmd), (28 bytes).
    Removing stm32f2xx_sdio.o(i.SDIO_CEATAITCmd), (16 bytes).
    Removing stm32f2xx_sdio.o(i.SDIO_ClearFlag), (12 bytes).
    Removing stm32f2xx_sdio.o(i.SDIO_ClearITPendingBit), (12 bytes).
    Removing stm32f2xx_sdio.o(i.SDIO_ClockCmd), (12 bytes).
    Removing stm32f2xx_sdio.o(i.SDIO_CmdStructInit), (14 bytes).
    Removing stm32f2xx_sdio.o(i.SDIO_CommandCompletionCmd), (12 bytes).
    Removing stm32f2xx_sdio.o(i.SDIO_DMACmd), (12 bytes).
    Removing stm32f2xx_sdio.o(i.SDIO_DataConfig), (52 bytes).
    Removing stm32f2xx_sdio.o(i.SDIO_DataStructInit), (20 bytes).
    Removing stm32f2xx_sdio.o(i.SDIO_DeInit), (24 bytes).
    Removing stm32f2xx_sdio.o(i.SDIO_GetCommandResponse), (12 bytes).
    Removing stm32f2xx_sdio.o(i.SDIO_GetDataCounter), (12 bytes).
    Removing stm32f2xx_sdio.o(i.SDIO_GetFIFOCount), (12 bytes).
    Removing stm32f2xx_sdio.o(i.SDIO_GetFlagStatus), (20 bytes).
    Removing stm32f2xx_sdio.o(i.SDIO_GetITStatus), (20 bytes).
    Removing stm32f2xx_sdio.o(i.SDIO_GetPowerState), (16 bytes).
    Removing stm32f2xx_sdio.o(i.SDIO_GetResponse), (12 bytes).
    Removing stm32f2xx_sdio.o(i.SDIO_ITConfig), (28 bytes).
    Removing stm32f2xx_sdio.o(i.SDIO_Init), (60 bytes).
    Removing stm32f2xx_sdio.o(i.SDIO_ReadData), (12 bytes).
    Removing stm32f2xx_sdio.o(i.SDIO_SendCEATACmd), (12 bytes).
    Removing stm32f2xx_sdio.o(i.SDIO_SendCommand), (52 bytes).
    Removing stm32f2xx_sdio.o(i.SDIO_SendSDIOSuspendCmd), (12 bytes).
    Removing stm32f2xx_sdio.o(i.SDIO_SetPowerState), (24 bytes).
    Removing stm32f2xx_sdio.o(i.SDIO_SetSDIOOperation), (12 bytes).
    Removing stm32f2xx_sdio.o(i.SDIO_SetSDIOReadWaitMode), (12 bytes).
    Removing stm32f2xx_sdio.o(i.SDIO_StartSDIOReadWait), (12 bytes).
    Removing stm32f2xx_sdio.o(i.SDIO_StopSDIOReadWait), (12 bytes).
    Removing stm32f2xx_sdio.o(i.SDIO_StructInit), (16 bytes).
    Removing stm32f2xx_sdio.o(i.SDIO_WriteData), (12 bytes).
    Removing stm32f2xx_spi.o(i.I2S_Cmd), (20 bytes).
    Removing stm32f2xx_spi.o(i.I2S_Init), (196 bytes).
    Removing stm32f2xx_spi.o(i.I2S_StructInit), (18 bytes).
    Removing stm32f2xx_spi.o(i.SPI_BiDirectionalLineConfig), (22 bytes).
    Removing stm32f2xx_spi.o(i.SPI_CalculateCRC), (20 bytes).
    Removing stm32f2xx_spi.o(i.SPI_Cmd), (20 bytes).
    Removing stm32f2xx_spi.o(i.SPI_DataSizeConfig), (16 bytes).
    Removing stm32f2xx_spi.o(i.SPI_GetCRC), (12 bytes).
    Removing stm32f2xx_spi.o(i.SPI_GetCRCPolynomial), (4 bytes).
    Removing stm32f2xx_spi.o(i.SPI_I2S_ClearFlag), (6 bytes).
    Removing stm32f2xx_spi.o(i.SPI_I2S_ClearITPendingBit), (14 bytes).
    Removing stm32f2xx_spi.o(i.SPI_I2S_DMACmd), (16 bytes).
    Removing stm32f2xx_spi.o(i.SPI_I2S_DeInit), (84 bytes).
    Removing stm32f2xx_spi.o(i.SPI_I2S_GetFlagStatus), (14 bytes).
    Removing stm32f2xx_spi.o(i.SPI_I2S_GetITStatus), (40 bytes).
    Removing stm32f2xx_spi.o(i.SPI_I2S_ITConfig), (24 bytes).
    Removing stm32f2xx_spi.o(i.SPI_I2S_ReceiveData), (4 bytes).
    Removing stm32f2xx_spi.o(i.SPI_I2S_SendData), (4 bytes).
    Removing stm32f2xx_spi.o(i.SPI_Init), (56 bytes).
    Removing stm32f2xx_spi.o(i.SPI_NSSInternalSoftwareConfig), (24 bytes).
    Removing stm32f2xx_spi.o(i.SPI_SSOutputCmd), (20 bytes).
    Removing stm32f2xx_spi.o(i.SPI_StructInit), (24 bytes).
    Removing stm32f2xx_spi.o(i.SPI_TIModeCmd), (20 bytes).
    Removing stm32f2xx_spi.o(i.SPI_TransmitCRC), (10 bytes).
    Removing stm32f2xx_syscfg.o(i.SYSCFG_CompensationCellCmd), (12 bytes).
    Removing stm32f2xx_syscfg.o(i.SYSCFG_DeInit), (24 bytes).
    Removing stm32f2xx_syscfg.o(i.SYSCFG_ETH_MediaInterfaceConfig), (12 bytes).
    Removing stm32f2xx_syscfg.o(i.SYSCFG_GetCompensationCellStatus), (20 bytes).
    Removing stm32f2xx_syscfg.o(i.SYSCFG_MemoryRemapConfig), (12 bytes).
    Removing stm32f2xx_tim.o(i.TI1_Config), (40 bytes).
    Removing stm32f2xx_tim.o(i.TI2_Config), (44 bytes).
    Removing stm32f2xx_tim.o(i.TIM_ARRPreloadConfig), (20 bytes).
    Removing stm32f2xx_tim.o(i.TIM_BDTRConfig), (34 bytes).
    Removing stm32f2xx_tim.o(i.TIM_BDTRStructInit), (18 bytes).
    Removing stm32f2xx_tim.o(i.TIM_CCPreloadControl), (20 bytes).
    Removing stm32f2xx_tim.o(i.TIM_CCxCmd), (22 bytes).
    Removing stm32f2xx_tim.o(i.TIM_CCxNCmd), (22 bytes).
    Removing stm32f2xx_tim.o(i.TIM_ClearFlag), (6 bytes).
    Removing stm32f2xx_tim.o(i.TIM_ClearOC1Ref), (12 bytes).
    Removing stm32f2xx_tim.o(i.TIM_ClearOC2Ref), (14 bytes).
    Removing stm32f2xx_tim.o(i.TIM_ClearOC3Ref), (12 bytes).
    Removing stm32f2xx_tim.o(i.TIM_ClearOC4Ref), (14 bytes).
    Removing stm32f2xx_tim.o(i.TIM_CounterModeConfig), (12 bytes).
    Removing stm32f2xx_tim.o(i.TIM_CtrlPWMOutputs), (22 bytes).
    Removing stm32f2xx_tim.o(i.TIM_DMACmd), (16 bytes).
    Removing stm32f2xx_tim.o(i.TIM_DMAConfig), (8 bytes).
    Removing stm32f2xx_tim.o(i.TIM_DeInit), (336 bytes).
    Removing stm32f2xx_tim.o(i.TIM_ETRClockMode1Config), (18 bytes).
    Removing stm32f2xx_tim.o(i.TIM_ETRClockMode2Config), (18 bytes).
    Removing stm32f2xx_tim.o(i.TIM_ETRConfig), (18 bytes).
    Removing stm32f2xx_tim.o(i.TIM_EncoderInterfaceConfig), (44 bytes).
    Removing stm32f2xx_tim.o(i.TIM_ForcedOC1Config), (12 bytes).
    Removing stm32f2xx_tim.o(i.TIM_ForcedOC2Config), (14 bytes).
    Removing stm32f2xx_tim.o(i.TIM_ForcedOC3Config), (12 bytes).
    Removing stm32f2xx_tim.o(i.TIM_ForcedOC4Config), (14 bytes).
    Removing stm32f2xx_tim.o(i.TIM_GenerateEvent), (4 bytes).
    Removing stm32f2xx_tim.o(i.TIM_GetCapture1), (4 bytes).
    Removing stm32f2xx_tim.o(i.TIM_GetCapture2), (4 bytes).
    Removing stm32f2xx_tim.o(i.TIM_GetCapture3), (4 bytes).
    Removing stm32f2xx_tim.o(i.TIM_GetCapture4), (4 bytes).
    Removing stm32f2xx_tim.o(i.TIM_GetCounter), (4 bytes).
    Removing stm32f2xx_tim.o(i.TIM_GetFlagStatus), (14 bytes).
    Removing stm32f2xx_tim.o(i.TIM_GetPrescaler), (4 bytes).
    Removing stm32f2xx_tim.o(i.TIM_ICInit), (160 bytes).
    Removing stm32f2xx_tim.o(i.TIM_ICStructInit), (16 bytes).
    Removing stm32f2xx_tim.o(i.TIM_ITRxExternalClockConfig), (18 bytes).
    Removing stm32f2xx_tim.o(i.TIM_InternalClockConfig), (10 bytes).
    Removing stm32f2xx_tim.o(i.TIM_OC1FastConfig), (12 bytes).
    Removing stm32f2xx_tim.o(i.TIM_OC1Init), (96 bytes).
    Removing stm32f2xx_tim.o(i.TIM_OC1NPolarityConfig), (12 bytes).
    Removing stm32f2xx_tim.o(i.TIM_OC1PolarityConfig), (12 bytes).
    Removing stm32f2xx_tim.o(i.TIM_OC1PreloadConfig), (12 bytes).
    Removing stm32f2xx_tim.o(i.TIM_OC2FastConfig), (14 bytes).
    Removing stm32f2xx_tim.o(i.TIM_OC2Init), (124 bytes).
    Removing stm32f2xx_tim.o(i.TIM_OC2NPolarityConfig), (14 bytes).
    Removing stm32f2xx_tim.o(i.TIM_OC2PolarityConfig), (14 bytes).
    Removing stm32f2xx_tim.o(i.TIM_OC2PreloadConfig), (14 bytes).
    Removing stm32f2xx_tim.o(i.TIM_OC3FastConfig), (12 bytes).
    Removing stm32f2xx_tim.o(i.TIM_OC3Init), (120 bytes).
    Removing stm32f2xx_tim.o(i.TIM_OC3NPolarityConfig), (14 bytes).
    Removing stm32f2xx_tim.o(i.TIM_OC3PolarityConfig), (14 bytes).
    Removing stm32f2xx_tim.o(i.TIM_OC3PreloadConfig), (12 bytes).
    Removing stm32f2xx_tim.o(i.TIM_OC4FastConfig), (14 bytes).
    Removing stm32f2xx_tim.o(i.TIM_OC4Init), (92 bytes).
    Removing stm32f2xx_tim.o(i.TIM_OC4PolarityConfig), (14 bytes).
    Removing stm32f2xx_tim.o(i.TIM_OC4PreloadConfig), (14 bytes).
    Removing stm32f2xx_tim.o(i.TIM_OCStructInit), (20 bytes).
    Removing stm32f2xx_tim.o(i.TIM_PWMIConfig), (108 bytes).
    Removing stm32f2xx_tim.o(i.TIM_PrescalerConfig), (6 bytes).
    Removing stm32f2xx_tim.o(i.TIM_RemapConfig), (6 bytes).
    Removing stm32f2xx_tim.o(i.TIM_SelectCCDMA), (20 bytes).
    Removing stm32f2xx_tim.o(i.TIM_SelectCOM), (20 bytes).
    Removing stm32f2xx_tim.o(i.TIM_SelectHallSensor), (20 bytes).
    Removing stm32f2xx_tim.o(i.TIM_SelectInputTrigger), (12 bytes).
    Removing stm32f2xx_tim.o(i.TIM_SelectMasterSlaveMode), (16 bytes).
    Removing stm32f2xx_tim.o(i.TIM_SelectOCxM), (70 bytes).
    Removing stm32f2xx_tim.o(i.TIM_SelectOnePulseMode), (16 bytes).
    Removing stm32f2xx_tim.o(i.TIM_SelectOutputTrigger), (16 bytes).
    Removing stm32f2xx_tim.o(i.TIM_SelectSlaveMode), (16 bytes).
    Removing stm32f2xx_tim.o(i.TIM_SetAutoreload), (4 bytes).
    Removing stm32f2xx_tim.o(i.TIM_SetClockDivision), (16 bytes).
    Removing stm32f2xx_tim.o(i.TIM_SetCompare1), (4 bytes).
    Removing stm32f2xx_tim.o(i.TIM_SetCompare2), (4 bytes).
    Removing stm32f2xx_tim.o(i.TIM_SetCompare3), (4 bytes).
    Removing stm32f2xx_tim.o(i.TIM_SetCompare4), (4 bytes).
    Removing stm32f2xx_tim.o(i.TIM_SetCounter), (4 bytes).
    Removing stm32f2xx_tim.o(i.TIM_SetIC1Prescaler), (16 bytes).
    Removing stm32f2xx_tim.o(i.TIM_SetIC2Prescaler), (18 bytes).
    Removing stm32f2xx_tim.o(i.TIM_SetIC3Prescaler), (16 bytes).
    Removing stm32f2xx_tim.o(i.TIM_SetIC4Prescaler), (18 bytes).
    Removing stm32f2xx_tim.o(i.TIM_TIxExternalClockConfig), (44 bytes).
    Removing stm32f2xx_tim.o(i.TIM_TimeBaseStructInit), (18 bytes).
    Removing stm32f2xx_tim.o(i.TIM_UpdateDisableConfig), (20 bytes).
    Removing stm32f2xx_tim.o(i.TIM_UpdateRequestConfig), (20 bytes).
    Removing stm32f2xx_usart.o(i.USART_ClearFlag), (6 bytes).
    Removing stm32f2xx_usart.o(i.USART_ClearITPendingBit), (12 bytes).
    Removing stm32f2xx_usart.o(i.USART_ClockInit), (28 bytes).
    Removing stm32f2xx_usart.o(i.USART_ClockStructInit), (12 bytes).
    Removing stm32f2xx_usart.o(i.USART_Cmd), (20 bytes).
    Removing stm32f2xx_usart.o(i.USART_DMACmd), (16 bytes).
    Removing stm32f2xx_usart.o(i.USART_DeInit), (140 bytes).
    Removing stm32f2xx_usart.o(i.USART_GetFlagStatus), (14 bytes).
    Removing stm32f2xx_usart.o(i.USART_GetITStatus), (62 bytes).
    Removing stm32f2xx_usart.o(i.USART_HalfDuplexCmd), (20 bytes).
    Removing stm32f2xx_usart.o(i.USART_ITConfig), (48 bytes).
    Removing stm32f2xx_usart.o(i.USART_Init), (184 bytes).
    Removing stm32f2xx_usart.o(i.USART_IrDACmd), (20 bytes).
    Removing stm32f2xx_usart.o(i.USART_IrDAConfig), (16 bytes).
    Removing stm32f2xx_usart.o(i.USART_LINBreakDetectLengthConfig), (16 bytes).
    Removing stm32f2xx_usart.o(i.USART_LINCmd), (20 bytes).
    Removing stm32f2xx_usart.o(i.USART_OneBitMethodCmd), (20 bytes).
    Removing stm32f2xx_usart.o(i.USART_OverSampling8Cmd), (20 bytes).
    Removing stm32f2xx_usart.o(i.USART_ReceiveData), (8 bytes).
    Removing stm32f2xx_usart.o(i.USART_ReceiverWakeUpCmd), (20 bytes).
    Removing stm32f2xx_usart.o(i.USART_SendBreak), (10 bytes).
    Removing stm32f2xx_usart.o(i.USART_SendData), (8 bytes).
    Removing stm32f2xx_usart.o(i.USART_SetAddress), (16 bytes).
    Removing stm32f2xx_usart.o(i.USART_SetGuardTime), (16 bytes).
    Removing stm32f2xx_usart.o(i.USART_SetPrescaler), (16 bytes).
    Removing stm32f2xx_usart.o(i.USART_SmartCardCmd), (20 bytes).
    Removing stm32f2xx_usart.o(i.USART_SmartCardNACKCmd), (20 bytes).
    Removing stm32f2xx_usart.o(i.USART_StructInit), (22 bytes).
    Removing stm32f2xx_usart.o(i.USART_WakeUpConfig), (16 bytes).
    Removing stm32f2xx_wwdg.o(i.WWDG_ClearFlag), (12 bytes).
    Removing stm32f2xx_wwdg.o(i.WWDG_DeInit), (24 bytes).
    Removing stm32f2xx_wwdg.o(i.WWDG_Enable), (16 bytes).
    Removing stm32f2xx_wwdg.o(i.WWDG_EnableIT), (12 bytes).
    Removing stm32f2xx_wwdg.o(i.WWDG_GetFlagStatus), (20 bytes).
    Removing stm32f2xx_wwdg.o(i.WWDG_SetCounter), (16 bytes).
    Removing stm32f2xx_wwdg.o(i.WWDG_SetPrescaler), (20 bytes).
    Removing stm32f2xx_wwdg.o(i.WWDG_SetWindowValue), (24 bytes).
    Removing system_stm32f2xx.o(i.SystemCoreClockUpdate), (2 bytes).
    Removing startup_stm32f2xx.o(HEAP), (512 bytes).
    Removing dadd.o(.text), (336 bytes).
    Removing dmul.o(.text), (226 bytes).
    Removing ddiv.o(.text), (226 bytes).
    Removing dfixul.o(.text), (48 bytes).
    Removing cdrcmple.o(.text), (40 bytes).
    Removing depilogue.o(.text), (198 bytes).

618 unused section(s) (total 36002 bytes) removed from the image.

==============================================================================

Image Symbol Table

    Local Symbols

    Symbol Name                              Value     Ov Type        Size  Object(Section)

    ../../microlib/division.c                0x00000000   Number         0  uidiv.o ABSOLUTE
    ../../microlib/division.c                0x00000000   Number         0  uldiv.o ABSOLUTE
    ../../microlib/fpadd.c                   0x00000000   Number         0  dadd.o ABSOLUTE
    ../../microlib/fpdiv.c                   0x00000000   Number         0  ddiv.o ABSOLUTE
    ../../microlib/fpepilogue.c              0x00000000   Number         0  depilogue.o ABSOLUTE
    ../../microlib/fpfix.c                   0x00000000   Number         0  dfixul.o ABSOLUTE
    ../../microlib/fpmul.c                   0x00000000   Number         0  dmul.o ABSOLUTE
    ../../microlib/init/entry.s              0x00000000   Number         0  entry2.o ABSOLUTE
    ../../microlib/init/entry.s              0x00000000   Number         0  entry7.o ABSOLUTE
    ../../microlib/init/entry.s              0x00000000   Number         0  entry5.o ABSOLUTE
    ../../microlib/init/entry.s              0x00000000   Number         0  entry.o ABSOLUTE
    ../../microlib/longlong.c                0x00000000   Number         0  llushr.o ABSOLUTE
    ../../microlib/longlong.c                0x00000000   Number         0  llsshr.o ABSOLUTE
    ../../microlib/longlong.c                0x00000000   Number         0  llshl.o ABSOLUTE
    ../../microlib/printf/printf.c           0x00000000   Number         0  printf6.o ABSOLUTE
    ../../microlib/printf/printf.c           0x00000000   Number         0  printf5.o ABSOLUTE
    ../../microlib/printf/printf.c           0x00000000   Number         0  printf4.o ABSOLUTE
    ../../microlib/printf/printf.c           0x00000000   Number         0  printf2.o ABSOLUTE
    ../../microlib/printf/printf.c           0x00000000   Number         0  printf1.o ABSOLUTE
    ../../microlib/printf/printf.c           0x00000000   Number         0  printf0.o ABSOLUTE
    ../../microlib/printf/printf.c           0x00000000   Number         0  printfb.o ABSOLUTE
    ../../microlib/printf/printf.c           0x00000000   Number         0  printf7.o ABSOLUTE
    ../../microlib/printf/printf.c           0x00000000   Number         0  printfa.o ABSOLUTE
    ../../microlib/printf/printf.c           0x00000000   Number         0  printf8.o ABSOLUTE
    ../../microlib/printf/printf.c           0x00000000   Number         0  printf3.o ABSOLUTE
    ../../microlib/printf/stubs.s            0x00000000   Number         0  stubs.o ABSOLUTE
    ../../microlib/stdio/fputc.c             0x00000000   Number         0  fputc.o ABSOLUTE
    ../../microlib/stdio/streams.c           0x00000000   Number         0  stdout.o ABSOLUTE
    ../../microlib/stubs.s                   0x00000000   Number         0  iusesemip.o ABSOLUTE
    ../../microlib/stubs.s                   0x00000000   Number         0  iusefp.o ABSOLUTE
    ..\..\..\..\Libraries\CMSIS\CM3\DeviceSupport\ST\STM32F2xx\startup\arm\startup_stm32f2xx.s 0x00000000   Number         0  startup_stm32f2xx.o ABSOLUTE
    ..\..\..\..\Libraries\STM32F2xx_StdPeriph_Driver\src\misc.c 0x00000000   Number         0  misc.o ABSOLUTE
    ..\..\..\..\Libraries\STM32F2xx_StdPeriph_Driver\src\stm32f2xx_adc.c 0x00000000   Number         0  stm32f2xx_adc.o ABSOLUTE
    ..\..\..\..\Libraries\STM32F2xx_StdPeriph_Driver\src\stm32f2xx_can.c 0x00000000   Number         0  stm32f2xx_can.o ABSOLUTE
    ..\..\..\..\Libraries\STM32F2xx_StdPeriph_Driver\src\stm32f2xx_crc.c 0x00000000   Number         0  stm32f2xx_crc.o ABSOLUTE
    ..\..\..\..\Libraries\STM32F2xx_StdPeriph_Driver\src\stm32f2xx_cryp.c 0x00000000   Number         0  stm32f2xx_cryp.o ABSOLUTE
    ..\..\..\..\Libraries\STM32F2xx_StdPeriph_Driver\src\stm32f2xx_cryp_aes.c 0x00000000   Number         0  stm32f2xx_cryp_aes.o ABSOLUTE
    ..\..\..\..\Libraries\STM32F2xx_StdPeriph_Driver\src\stm32f2xx_cryp_des.c 0x00000000   Number         0  stm32f2xx_cryp_des.o ABSOLUTE
    ..\..\..\..\Libraries\STM32F2xx_StdPeriph_Driver\src\stm32f2xx_cryp_tdes.c 0x00000000   Number         0  stm32f2xx_cryp_tdes.o ABSOLUTE
    ..\..\..\..\Libraries\STM32F2xx_StdPeriph_Driver\src\stm32f2xx_dac.c 0x00000000   Number         0  stm32f2xx_dac.o ABSOLUTE
    ..\..\..\..\Libraries\STM32F2xx_StdPeriph_Driver\src\stm32f2xx_dbgmcu.c 0x00000000   Number         0  stm32f2xx_dbgmcu.o ABSOLUTE
    ..\..\..\..\Libraries\STM32F2xx_StdPeriph_Driver\src\stm32f2xx_dcmi.c 0x00000000   Number         0  stm32f2xx_dcmi.o ABSOLUTE
    ..\..\..\..\Libraries\STM32F2xx_StdPeriph_Driver\src\stm32f2xx_dma.c 0x00000000   Number         0  stm32f2xx_dma.o ABSOLUTE
    ..\..\..\..\Libraries\STM32F2xx_StdPeriph_Driver\src\stm32f2xx_exti.c 0x00000000   Number         0  stm32f2xx_exti.o ABSOLUTE
    ..\..\..\..\Libraries\STM32F2xx_StdPeriph_Driver\src\stm32f2xx_flash.c 0x00000000   Number         0  stm32f2xx_flash.o ABSOLUTE
    ..\..\..\..\Libraries\STM32F2xx_StdPeriph_Driver\src\stm32f2xx_fsmc.c 0x00000000   Number         0  stm32f2xx_fsmc.o ABSOLUTE
    ..\..\..\..\Libraries\STM32F2xx_StdPeriph_Driver\src\stm32f2xx_gpio.c 0x00000000   Number         0  stm32f2xx_gpio.o ABSOLUTE
    ..\..\..\..\Libraries\STM32F2xx_StdPeriph_Driver\src\stm32f2xx_hash.c 0x00000000   Number         0  stm32f2xx_hash.o ABSOLUTE
    ..\..\..\..\Libraries\STM32F2xx_StdPeriph_Driver\src\stm32f2xx_hash_md5.c 0x00000000   Number         0  stm32f2xx_hash_md5.o ABSOLUTE
    ..\..\..\..\Libraries\STM32F2xx_StdPeriph_Driver\src\stm32f2xx_hash_sha1.c 0x00000000   Number         0  stm32f2xx_hash_sha1.o ABSOLUTE
    ..\..\..\..\Libraries\STM32F2xx_StdPeriph_Driver\src\stm32f2xx_i2c.c 0x00000000   Number         0  stm32f2xx_i2c.o ABSOLUTE
    ..\..\..\..\Libraries\STM32F2xx_StdPeriph_Driver\src\stm32f2xx_iwdg.c 0x00000000   Number         0  stm32f2xx_iwdg.o ABSOLUTE
    ..\..\..\..\Libraries\STM32F2xx_StdPeriph_Driver\src\stm32f2xx_pwr.c 0x00000000   Number         0  stm32f2xx_pwr.o ABSOLUTE
    ..\..\..\..\Libraries\STM32F2xx_StdPeriph_Driver\src\stm32f2xx_rcc.c 0x00000000   Number         0  stm32f2xx_rcc.o ABSOLUTE
    ..\..\..\..\Libraries\STM32F2xx_StdPeriph_Driver\src\stm32f2xx_rng.c 0x00000000   Number         0  stm32f2xx_rng.o ABSOLUTE
    ..\..\..\..\Libraries\STM32F2xx_StdPeriph_Driver\src\stm32f2xx_rtc.c 0x00000000   Number         0  stm32f2xx_rtc.o ABSOLUTE
    ..\..\..\..\Libraries\STM32F2xx_StdPeriph_Driver\src\stm32f2xx_sdio.c 0x00000000   Number         0  stm32f2xx_sdio.o ABSOLUTE
    ..\..\..\..\Libraries\STM32F2xx_StdPeriph_Driver\src\stm32f2xx_spi.c 0x00000000   Number         0  stm32f2xx_spi.o ABSOLUTE
    ..\..\..\..\Libraries\STM32F2xx_StdPeriph_Driver\src\stm32f2xx_syscfg.c 0x00000000   Number         0  stm32f2xx_syscfg.o ABSOLUTE
    ..\..\..\..\Libraries\STM32F2xx_StdPeriph_Driver\src\stm32f2xx_tim.c 0x00000000   Number         0  stm32f2xx_tim.o ABSOLUTE
    ..\..\..\..\Libraries\STM32F2xx_StdPeriph_Driver\src\stm32f2xx_usart.c 0x00000000   Number         0  stm32f2xx_usart.o ABSOLUTE
    ..\..\..\..\Libraries\STM32F2xx_StdPeriph_Driver\src\stm32f2xx_wwdg.c 0x00000000   Number         0  stm32f2xx_wwdg.o ABSOLUTE
    ..\..\..\..\Utilities\STM32_EVAL\Common\ASC16.c 0x00000000   Number         0  asc16.o ABSOLUTE
    ..\..\..\..\Utilities\STM32_EVAL\Common\HzLib.c 0x00000000   Number         0  hzlib.o ABSOLUTE
    ..\..\..\..\Utilities\STM32_EVAL\Common\fonts.c 0x00000000   Number         0  fonts.o ABSOLUTE
    ..\..\..\..\Utilities\STM32_EVAL\Common\large_font.c 0x00000000   Number         0  large_font.o ABSOLUTE
    ..\..\..\..\Utilities\STM32_EVAL\STM322xG_EVAL\stm322xg_eval_keypad.c 0x00000000   Number         0  stm322xg_eval_keypad.o ABSOLUTE
    ..\..\..\..\Utilities\STM32_EVAL\STM322xG_EVAL\stm322xg_eval_lcd.c 0x00000000   Number         0  stm322xg_eval_lcd.o ABSOLUTE
    ..\..\..\..\Utilities\STM32_EVAL\stm32_eval.c 0x00000000   Number         0  stm32_eval.o ABSOLUTE
    ..\main.c                                0x00000000   Number         0  main.o ABSOLUTE
    ..\moto.c                                0x00000000   Number         0  moto.o ABSOLUTE
    ..\stm32f2xx_it.c                        0x00000000   Number         0  stm32f2xx_it.o ABSOLUTE
    ..\system_stm32f2xx.c                    0x00000000   Number         0  system_stm32f2xx.o ABSOLUTE
    ..\systick.c                             0x00000000   Number         0  systick.o ABSOLUTE
    cdrcmple.s                               0x00000000   Number         0  cdrcmple.o ABSOLUTE
    dc.s                                     0x00000000   Number         0  dc.o ABSOLUTE
    handlers.s                               0x00000000   Number         0  handlers.o ABSOLUTE
    init.s                                   0x00000000   Number         0  init.o ABSOLUTE
    RESET                                    0x08000000   Section      388  startup_stm32f2xx.o(RESET)
    .ARM.Collect$$$$00000000                 0x08000184   Section        0  entry.o(.ARM.Collect$$$$00000000)
    .ARM.Collect$$$$00000001                 0x08000184   Section        4  entry2.o(.ARM.Collect$$$$00000001)
    .ARM.Collect$$$$00000004                 0x08000188   Section        4  entry5.o(.ARM.Collect$$$$00000004)
    .ARM.Collect$$$$00000007                 0x0800018c   Section        8  entry7.o(.ARM.Collect$$$$00000007)
    .ARM.Collect$$$$00002712                 0x08000194   Section        4  entry2.o(.ARM.Collect$$$$00002712)
    __lit__00000000                          0x08000194   Data           4  entry2.o(.ARM.Collect$$$$00002712)
    .text                                    0x08000198   Section       36  startup_stm32f2xx.o(.text)
    .text                                    0x080001bc   Section        0  uidiv.o(.text)
    .text                                    0x080001e8   Section       36  init.o(.text)
    i.BusFault_Handler                       0x0800020c   Section        0  stm32f2xx_it.o(i.BusFault_Handler)
    i.DebugMon_Handler                       0x0800020e   Section        0  stm32f2xx_it.o(i.DebugMon_Handler)
    i.Delay                                  0x08000210   Section        0  stm322xg_eval_keypad.o(i.Delay)
    Delay                                    0x08000211   Thumb Code    22  stm322xg_eval_keypad.o(i.Delay)
    i.DelayMs                                0x08000228   Section        0  systick.o(i.DelayMs)
    i.EXTI15_10_IRQHandler                   0x08000244   Section        0  stm32f2xx_it.o(i.EXTI15_10_IRQHandler)
    i.EXTI_ClearFlag                         0x08000284   Section        0  stm32f2xx_exti.o(i.EXTI_ClearFlag)
    i.EXTI_ClearITPendingBit                 0x08000290   Section        0  stm32f2xx_exti.o(i.EXTI_ClearITPendingBit)
    i.EXTI_Configuration                     0x0800029c   Section        0  main.o(i.EXTI_Configuration)
    EXTI_Configuration                       0x0800029d   Thumb Code   106  main.o(i.EXTI_Configuration)
    i.EXTI_GetITStatus                       0x0800030c   Section        0  stm32f2xx_exti.o(i.EXTI_GetITStatus)
    i.EXTI_Init                              0x0800032c   Section        0  stm32f2xx_exti.o(i.EXTI_Init)
    i.FSMC_NORSRAMCmd                        0x080003b0   Section        0  stm32f2xx_fsmc.o(i.FSMC_NORSRAMCmd)
    i.FSMC_NORSRAMInit                       0x080003d0   Section        0  stm32f2xx_fsmc.o(i.FSMC_NORSRAMInit)
    i.GPIO_Init                              0x08000490   Section        0  stm32f2xx_gpio.o(i.GPIO_Init)
    i.GPIO_PinAFConfig                       0x0800050e   Section        0  stm32f2xx_gpio.o(i.GPIO_PinAFConfig)
    i.GPIO_ReadInputDataBit                  0x0800052e   Section        0  stm32f2xx_gpio.o(i.GPIO_ReadInputDataBit)
    i.GPIO_ResetBits                         0x0800053c   Section        0  stm32f2xx_gpio.o(i.GPIO_ResetBits)
    i.GPIO_SetBits                           0x08000540   Section        0  stm32f2xx_gpio.o(i.GPIO_SetBits)
    i.HardFault_Handler                      0x08000544   Section        0  stm32f2xx_it.o(i.HardFault_Handler)
    i.I2C_Start                              0x08000548   Section        0  stm322xg_eval_keypad.o(i.I2C_Start)
    I2C_Start                                0x08000549   Thumb Code    64  stm322xg_eval_keypad.o(i.I2C_Start)
    i.I2C_Stop                               0x0800058c   Section        0  stm322xg_eval_keypad.o(i.I2C_Stop)
    I2C_Stop                                 0x0800058d   Thumb Code    64  stm322xg_eval_keypad.o(i.I2C_Stop)
    i.InitKey                                0x080005d0   Section        0  stm322xg_eval_keypad.o(i.InitKey)
    i.LCD_Clear                              0x0800064c   Section        0  stm322xg_eval_lcd.o(i.LCD_Clear)
    i.LCD_CtrlLinesConfig                    0x08000670   Section        0  stm322xg_eval_lcd.o(i.LCD_CtrlLinesConfig)
    i.LCD_DisplayStringHZ                    0x080007a4   Section        0  stm322xg_eval_lcd.o(i.LCD_DisplayStringHZ)
    i.LCD_DisplayStringLargeFont             0x08000824   Section        0  stm322xg_eval_lcd.o(i.LCD_DisplayStringLargeFont)
    i.LCD_DrawCharHZ                         0x0800086c   Section        0  stm322xg_eval_lcd.o(i.LCD_DrawCharHZ)
    i.LCD_DrawCharLargeFont                  0x08000934   Section        0  stm322xg_eval_lcd.o(i.LCD_DrawCharLargeFont)
    i.LCD_DrawLine                           0x080009fc   Section        0  stm322xg_eval_lcd.o(i.LCD_DrawLine)
    i.LCD_DrawRect                           0x08000a58   Section        0  stm322xg_eval_lcd.o(i.LCD_DrawRect)
    i.LCD_Draw_Eflag_Logo                    0x08000a98   Section        0  stm322xg_eval_lcd.o(i.LCD_Draw_Eflag_Logo)
    i.LCD_FSMCConfig                         0x08000ae8   Section        0  stm322xg_eval_lcd.o(i.LCD_FSMCConfig)
    i.LCD_SetBackColor                       0x08000b48   Section        0  stm322xg_eval_lcd.o(i.LCD_SetBackColor)
    i.LCD_SetCursor                          0x08000b54   Section        0  stm322xg_eval_lcd.o(i.LCD_SetCursor)
    i.LCD_SetTextColor                       0x08000b6c   Section        0  stm322xg_eval_lcd.o(i.LCD_SetTextColor)
    i.LCD_WriteReg                           0x08000b78   Section        0  stm322xg_eval_lcd.o(i.LCD_WriteReg)
    i.MemManage_Handler                      0x08000b82   Section        0  stm32f2xx_it.o(i.MemManage_Handler)
    i.Moto_GPIO_Configuration                0x08000b84   Section        0  moto.o(i.Moto_GPIO_Configuration)
    i.Moto_NVIC_Configuration                0x08000c3c   Section        0  moto.o(i.Moto_NVIC_Configuration)
    i.Moto_TIM2_Configuration                0x08000c60   Section        0  moto.o(i.Moto_TIM2_Configuration)
    i.NMI_Handler                            0x08000cac   Section        0  stm32f2xx_it.o(i.NMI_Handler)
    i.NVIC_Init                              0x08000cae   Section        0  misc.o(i.NVIC_Init)
    i.NVIC_PriorityGroupConfig               0x08000d0c   Section        0  misc.o(i.NVIC_PriorityGroupConfig)
    i.NVIC_SetVectorTable                    0x08000d20   Section        0  misc.o(i.NVIC_SetVectorTable)
    i.PendSV_Handler                         0x08000d34   Section        0  stm32f2xx_it.o(i.PendSV_Handler)
    i.RCC_AHB1PeriphClockCmd                 0x08000d38   Section        0  stm32f2xx_rcc.o(i.RCC_AHB1PeriphClockCmd)
    i.RCC_AHB3PeriphClockCmd                 0x08000d54   Section        0  stm32f2xx_rcc.o(i.RCC_AHB3PeriphClockCmd)
    i.RCC_APB1PeriphClockCmd                 0x08000d70   Section        0  stm32f2xx_rcc.o(i.RCC_APB1PeriphClockCmd)
    i.RCC_APB2PeriphClockCmd                 0x08000d8c   Section        0  stm32f2xx_rcc.o(i.RCC_APB2PeriphClockCmd)
    i.RCC_PCLK2Config                        0x08000da8   Section        0  stm32f2xx_rcc.o(i.RCC_PCLK2Config)
    i.STM322xG_LCD_Init                      0x08000dbc   Section        0  stm322xg_eval_lcd.o(i.STM322xG_LCD_Init)
    i.SVC_Handler                            0x08001148   Section        0  stm32f2xx_it.o(i.SVC_Handler)
    i.SYSCFG_EXTILineConfig                  0x0800114c   Section        0  stm32f2xx_syscfg.o(i.SYSCFG_EXTILineConfig)
    i.SetSysClock                            0x0800117c   Section        0  system_stm32f2xx.o(i.SetSysClock)
    SetSysClock                              0x0800117d   Thumb Code   142  system_stm32f2xx.o(i.SetSysClock)
    i.SysTick_Handler                        0x08001214   Section        0  stm32f2xx_it.o(i.SysTick_Handler)
    i.SysTick_ISR                            0x08001228   Section        0  systick.o(i.SysTick_ISR)
    i.SystemInit                             0x08001250   Section        0  system_stm32f2xx.o(i.SystemInit)
    i.TIM3_IRQHandler                        0x08001294   Section        0  stm32f2xx_it.o(i.TIM3_IRQHandler)
    i.TIM_ClearITPendingBit                  0x080012c4   Section        0  stm32f2xx_tim.o(i.TIM_ClearITPendingBit)
    i.TIM_Cmd                                0x080012ca   Section        0  stm32f2xx_tim.o(i.TIM_Cmd)
    i.TIM_GetITStatus                        0x080012de   Section        0  stm32f2xx_tim.o(i.TIM_GetITStatus)
    i.TIM_ITConfig                           0x080012f4   Section        0  stm32f2xx_tim.o(i.TIM_ITConfig)
    i.TIM_TimeBaseInit                       0x08001304   Section        0  stm32f2xx_tim.o(i.TIM_TimeBaseInit)
    i.UsageFault_Handler                     0x08001380   Section        0  stm32f2xx_it.o(i.UsageFault_Handler)
    i.WriteI2CByte                           0x08001384   Section        0  stm322xg_eval_keypad.o(i.WriteI2CByte)
    WriteI2CByte                             0x08001385   Thumb Code    98  stm322xg_eval_keypad.o(i.WriteI2CByte)
    i.__0sprintf$6                           0x080013ec   Section        0  printf6.o(i.__0sprintf$6)
    i.__scatterload_copy                     0x08001414   Section       14  handlers.o(i.__scatterload_copy)
    i.__scatterload_null                     0x08001422   Section        2  handlers.o(i.__scatterload_null)
    i.__scatterload_zeroinit                 0x08001424   Section       14  handlers.o(i.__scatterload_zeroinit)
    i._printf_core                           0x08001434   Section        0  printf6.o(i._printf_core)
    _printf_core                             0x08001435   Thumb Code   818  printf6.o(i._printf_core)
    i._printf_post_padding                   0x0800176c   Section        0  printf6.o(i._printf_post_padding)
    _printf_post_padding                     0x0800176d   Thumb Code    38  printf6.o(i._printf_post_padding)
    i._printf_pre_padding                    0x08001792   Section        0  printf6.o(i._printf_pre_padding)
    _printf_pre_padding                      0x08001793   Thumb Code    46  printf6.o(i._printf_pre_padding)
    i._sputc                                 0x080017c0   Section        0  printf6.o(i._sputc)
    _sputc                                   0x080017c1   Thumb Code    10  printf6.o(i._sputc)
    i.i2cRead_ch452                          0x080017cc   Section        0  stm322xg_eval_keypad.o(i.i2cRead_ch452)
    i.i2cWrite_ch452                         0x080018cc   Section        0  stm322xg_eval_keypad.o(i.i2cWrite_ch452)
    i.main                                   0x08001970   Section        0  main.o(i.main)
    i.main_lcd_msg                           0x08001a3c   Section        0  main.o(i.main_lcd_msg)
    main_lcd_msg                             0x08001a3d   Thumb Code   156  main.o(i.main_lcd_msg)
    i.moto_lcd_msg                           0x08001b4c   Section        0  moto.o(i.moto_lcd_msg)
    i.moto_test                              0x08001c58   Section        0  moto.o(i.moto_test)
    .constdata                               0x08001d48   Section     5950  hzlib.o(.constdata)
    .constdata                               0x08003486   Section     4096  asc16.o(.constdata)
    .constdata                               0x08004486   Section     3328  large_font.o(.constdata)
    .constdata                               0x08005186   Section     6056  stm322xg_eval_lcd.o(.constdata)
    .data                                    0x20000000   Section        1  main.o(.data)
    .data                                    0x20000004   Section        4  stm32f2xx_it.o(.data)
    .data                                    0x20000008   Section        8  moto.o(.data)
    .data                                    0x20000010   Section        8  systick.o(.data)
    .data                                    0x20000018   Section       12  stm322xg_eval_lcd.o(.data)
    s_Transparent                            0x20000018   Data           1  stm322xg_eval_lcd.o(.data)
    LCD_Currentfonts                         0x20000020   Data           4  stm322xg_eval_lcd.o(.data)
    .data                                    0x20000024   Section        1  stm322xg_eval_keypad.o(.data)
    .data                                    0x20000028   Section        4  system_stm32f2xx.o(.data)
    STACK                                    0x20000030   Section     1024  startup_stm32f2xx.o(STACK)

    Global Symbols

    Symbol Name                              Value     Ov Type        Size  Object(Section)

    BuildAttributes$$THM_ISAv4$P$D$K$B$S$PE$A:L22UL41UL21$X:L11$S22US41US21$IEEE1$IW$USESV6$~STKCKD$USESV7$~SHL$OSPACE$ROPI$EBA8$MICROLIB$REQ8$PRES8$EABIv2 0x00000000   Number         0  anon$$obj.o ABSOLUTE
    __ARM_use_no_argv                        0x00000000   Number         0  main.o ABSOLUTE
    _printf_a                                0x00000000   Number         0  stubs.o ABSOLUTE
    _printf_c                                0x00000000   Number         0  stubs.o ABSOLUTE
    _printf_charcount                        0x00000000   Number         0  stubs.o ABSOLUTE
    _printf_d                                0x00000000   Number         0  stubs.o ABSOLUTE
    _printf_e                                0x00000000   Number         0  stubs.o ABSOLUTE
    _printf_f                                0x00000000   Number         0  stubs.o ABSOLUTE
    _printf_flags                            0x00000000   Number         0  stubs.o ABSOLUTE
    _printf_fp_dec                           0x00000000   Number         0  stubs.o ABSOLUTE
    _printf_fp_hex                           0x00000000   Number         0  stubs.o ABSOLUTE
    _printf_g                                0x00000000   Number         0  stubs.o ABSOLUTE
    _printf_i                                0x00000000   Number         0  stubs.o ABSOLUTE
    _printf_int_dec                          0x00000000   Number         0  stubs.o ABSOLUTE
    _printf_l                                0x00000000   Number         0  stubs.o ABSOLUTE
    _printf_lc                               0x00000000   Number         0  stubs.o ABSOLUTE
    _printf_ll                               0x00000000   Number         0  stubs.o ABSOLUTE
    _printf_lld                              0x00000000   Number         0  stubs.o ABSOLUTE
    _printf_lli                              0x00000000   Number         0  stubs.o ABSOLUTE
    _printf_llo                              0x00000000   Number         0  stubs.o ABSOLUTE
    _printf_llu                              0x00000000   Number         0  stubs.o ABSOLUTE
    _printf_llx                              0x00000000   Number         0  stubs.o ABSOLUTE
    _printf_longlong_dec                     0x00000000   Number         0  stubs.o ABSOLUTE
    _printf_longlong_hex                     0x00000000   Number         0  stubs.o ABSOLUTE
    _printf_longlong_oct                     0x00000000   Number         0  stubs.o ABSOLUTE
    _printf_ls                               0x00000000   Number         0  stubs.o ABSOLUTE
    _printf_mbtowc                           0x00000000   Number         0  stubs.o ABSOLUTE
    _printf_n                                0x00000000   Number         0  stubs.o ABSOLUTE
    _printf_o                                0x00000000   Number         0  stubs.o ABSOLUTE
    _printf_p                                0x00000000   Number         0  stubs.o ABSOLUTE
    _printf_percent                          0x00000000   Number         0  stubs.o ABSOLUTE
    _printf_pre_padding                      0x00000000   Number         0  stubs.o ABSOLUTE
    _printf_return_value                     0x00000000   Number         0  stubs.o ABSOLUTE
    _printf_s                                0x00000000   Number         0  stubs.o ABSOLUTE
    _printf_sizespec                         0x00000000   Number         0  stubs.o ABSOLUTE
    _printf_str                              0x00000000   Number         0  stubs.o ABSOLUTE
    _printf_truncate_signed                  0x00000000   Number         0  stubs.o ABSOLUTE
    _printf_truncate_unsigned                0x00000000   Number         0  stubs.o ABSOLUTE
    _printf_u                                0x00000000   Number         0  stubs.o ABSOLUTE
    _printf_wc                               0x00000000   Number         0  stubs.o ABSOLUTE
    _printf_wctomb                           0x00000000   Number         0  stubs.o ABSOLUTE
    _printf_widthprec                        0x00000000   Number         0  stubs.o ABSOLUTE
    _printf_x                                0x00000000   Number         0  stubs.o ABSOLUTE
    __decompress                              - Undefined Weak Reference
    __Vectors_Size                           0x00000184   Number         0  startup_stm32f2xx.o ABSOLUTE
    __Vectors                                0x08000000   Data           4  startup_stm32f2xx.o(RESET)
    __Vectors_End                            0x08000184   Data           0  startup_stm32f2xx.o(RESET)
    __main                                   0x08000185   Thumb Code     0  entry.o(.ARM.Collect$$$$00000000)
    _main_stk                                0x08000185   Thumb Code     0  entry2.o(.ARM.Collect$$$$00000001)
    _main_scatterload                        0x08000189   Thumb Code     0  entry5.o(.ARM.Collect$$$$00000004)
    __main_after_scatterload                 0x0800018d   Thumb Code     0  entry5.o(.ARM.Collect$$$$00000004)
    _main_init                               0x0800018d   Thumb Code     0  entry7.o(.ARM.Collect$$$$00000007)
    Reset_Handler                            0x08000199   Thumb Code     8  startup_stm32f2xx.o(.text)
    ADC_IRQHandler                           0x080001b3   Thumb Code     0  startup_stm32f2xx.o(.text)
    CAN1_RX0_IRQHandler                      0x080001b3   Thumb Code     0  startup_stm32f2xx.o(.text)
    CAN1_RX1_IRQHandler                      0x080001b3   Thumb Code     0  startup_stm32f2xx.o(.text)
    CAN1_SCE_IRQHandler                      0x080001b3   Thumb Code     0  startup_stm32f2xx.o(.text)
    CAN1_TX_IRQHandler                       0x080001b3   Thumb Code     0  startup_stm32f2xx.o(.text)
    CAN2_RX0_IRQHandler                      0x080001b3   Thumb Code     0  startup_stm32f2xx.o(.text)
    CAN2_RX1_IRQHandler                      0x080001b3   Thumb Code     0  startup_stm32f2xx.o(.text)
    CAN2_SCE_IRQHandler                      0x080001b3   Thumb Code     0  startup_stm32f2xx.o(.text)
    CAN2_TX_IRQHandler                       0x080001b3   Thumb Code     0  startup_stm32f2xx.o(.text)
    CRYP_IRQHandler                          0x080001b3   Thumb Code     0  startup_stm32f2xx.o(.text)
    DCMI_IRQHandler                          0x080001b3   Thumb Code     0  startup_stm32f2xx.o(.text)
    DMA1_Stream0_IRQHandler                  0x080001b3   Thumb Code     0  startup_stm32f2xx.o(.text)
    DMA1_Stream1_IRQHandler                  0x080001b3   Thumb Code     0  startup_stm32f2xx.o(.text)
    DMA1_Stream2_IRQHandler                  0x080001b3   Thumb Code     0  startup_stm32f2xx.o(.text)
    DMA1_Stream3_IRQHandler                  0x080001b3   Thumb Code     0  startup_stm32f2xx.o(.text)
    DMA1_Stream4_IRQHandler                  0x080001b3   Thumb Code     0  startup_stm32f2xx.o(.text)
    DMA1_Stream5_IRQHandler                  0x080001b3   Thumb Code     0  startup_stm32f2xx.o(.text)
    DMA1_Stream6_IRQHandler                  0x080001b3   Thumb Code     0  startup_stm32f2xx.o(.text)
    DMA1_Stream7_IRQHandler                  0x080001b3   Thumb Code     0  startup_stm32f2xx.o(.text)
    DMA2_Stream0_IRQHandler                  0x080001b3   Thumb Code     0  startup_stm32f2xx.o(.text)
    DMA2_Stream1_IRQHandler                  0x080001b3   Thumb Code     0  startup_stm32f2xx.o(.text)
    DMA2_Stream2_IRQHandler                  0x080001b3   Thumb Code     0  startup_stm32f2xx.o(.text)
    DMA2_Stream3_IRQHandler                  0x080001b3   Thumb Code     0  startup_stm32f2xx.o(.text)
    DMA2_Stream4_IRQHandler                  0x080001b3   Thumb Code     0  startup_stm32f2xx.o(.text)
    DMA2_Stream5_IRQHandler                  0x080001b3   Thumb Code     0  startup_stm32f2xx.o(.text)
    DMA2_Stream6_IRQHandler                  0x080001b3   Thumb Code     0  startup_stm32f2xx.o(.text)
    DMA2_Stream7_IRQHandler                  0x080001b3   Thumb Code     0  startup_stm32f2xx.o(.text)
    ETH_IRQHandler                           0x080001b3   Thumb Code     0  startup_stm32f2xx.o(.text)
    ETH_WKUP_IRQHandler                      0x080001b3   Thumb Code     0  startup_stm32f2xx.o(.text)
    EXTI0_IRQHandler                         0x080001b3   Thumb Code     0  startup_stm32f2xx.o(.text)
    EXTI1_IRQHandler                         0x080001b3   Thumb Code     0  startup_stm32f2xx.o(.text)
    EXTI2_IRQHandler                         0x080001b3   Thumb Code     0  startup_stm32f2xx.o(.text)
    EXTI3_IRQHandler                         0x080001b3   Thumb Code     0  startup_stm32f2xx.o(.text)
    EXTI4_IRQHandler                         0x080001b3   Thumb Code     0  startup_stm32f2xx.o(.text)
    EXTI9_5_IRQHandler                       0x080001b3   Thumb Code     0  startup_stm32f2xx.o(.text)
    FLASH_IRQHandler                         0x080001b3   Thumb Code     0  startup_stm32f2xx.o(.text)
    FSMC_IRQHandler                          0x080001b3   Thumb Code     0  startup_stm32f2xx.o(.text)
    HASH_RNG_IRQHandler                      0x080001b3   Thumb Code     0  startup_stm32f2xx.o(.text)
    I2C1_ER_IRQHandler                       0x080001b3   Thumb Code     0  startup_stm32f2xx.o(.text)
    I2C1_EV_IRQHandler                       0x080001b3   Thumb Code     0  startup_stm32f2xx.o(.text)
    I2C2_ER_IRQHandler                       0x080001b3   Thumb Code     0  startup_stm32f2xx.o(.text)
    I2C2_EV_IRQHandler                       0x080001b3   Thumb Code     0  startup_stm32f2xx.o(.text)
    I2C3_ER_IRQHandler                       0x080001b3   Thumb Code     0  startup_stm32f2xx.o(.text)
    I2C3_EV_IRQHandler                       0x080001b3   Thumb Code     0  startup_stm32f2xx.o(.text)
    OTG_FS_IRQHandler                        0x080001b3   Thumb Code     0  startup_stm32f2xx.o(.text)
    OTG_FS_WKUP_IRQHandler                   0x080001b3   Thumb Code     0  startup_stm32f2xx.o(.text)
    OTG_HS_EP1_IN_IRQHandler                 0x080001b3   Thumb Code     0  startup_stm32f2xx.o(.text)
    OTG_HS_EP1_OUT_IRQHandler                0x080001b3   Thumb Code     0  startup_stm32f2xx.o(.text)
    OTG_HS_IRQHandler                        0x080001b3   Thumb Code     0  startup_stm32f2xx.o(.text)
    OTG_HS_WKUP_IRQHandler                   0x080001b3   Thumb Code     0  startup_stm32f2xx.o(.text)
    PVD_IRQHandler                           0x080001b3   Thumb Code     0  startup_stm32f2xx.o(.text)
    RCC_IRQHandler                           0x080001b3   Thumb Code     0  startup_stm32f2xx.o(.text)
    RTC_Alarm_IRQHandler                     0x080001b3   Thumb Code     0  startup_stm32f2xx.o(.text)
    RTC_WKUP_IRQHandler                      0x080001b3   Thumb Code     0  startup_stm32f2xx.o(.text)
    SDIO_IRQHandler                          0x080001b3   Thumb Code     0  startup_stm32f2xx.o(.text)
    SPI1_IRQHandler                          0x080001b3   Thumb Code     0  startup_stm32f2xx.o(.text)
    SPI2_IRQHandler                          0x080001b3   Thumb Code     0  startup_stm32f2xx.o(.text)
    SPI3_IRQHandler                          0x080001b3   Thumb Code     0  startup_stm32f2xx.o(.text)
    TAMP_STAMP_IRQHandler                    0x080001b3   Thumb Code     0  startup_stm32f2xx.o(.text)
    TIM1_BRK_TIM9_IRQHandler                 0x080001b3   Thumb Code     0  startup_stm32f2xx.o(.text)
    TIM1_CC_IRQHandler                       0x080001b3   Thumb Code     0  startup_stm32f2xx.o(.text)
    TIM1_TRG_COM_TIM11_IRQHandler            0x080001b3   Thumb Code     0  startup_stm32f2xx.o(.text)
    TIM1_UP_TIM10_IRQHandler                 0x080001b3   Thumb Code     0  startup_stm32f2xx.o(.text)
    TIM2_IRQHandler                          0x080001b3   Thumb Code     0  startup_stm32f2xx.o(.text)
    TIM4_IRQHandler                          0x080001b3   Thumb Code     0  startup_stm32f2xx.o(.text)
    TIM5_IRQHandler                          0x080001b3   Thumb Code     0  startup_stm32f2xx.o(.text)
    TIM6_DAC_IRQHandler                      0x080001b3   Thumb Code     0  startup_stm32f2xx.o(.text)
    TIM7_IRQHandler                          0x080001b3   Thumb Code     0  startup_stm32f2xx.o(.text)
    TIM8_BRK_TIM12_IRQHandler                0x080001b3   Thumb Code     0  startup_stm32f2xx.o(.text)
    TIM8_CC_IRQHandler                       0x080001b3   Thumb Code     0  startup_stm32f2xx.o(.text)
    TIM8_TRG_COM_TIM14_IRQHandler            0x080001b3   Thumb Code     0  startup_stm32f2xx.o(.text)
    TIM8_UP_TIM13_IRQHandler                 0x080001b3   Thumb Code     0  startup_stm32f2xx.o(.text)
    UART4_IRQHandler                         0x080001b3   Thumb Code     0  startup_stm32f2xx.o(.text)
    UART5_IRQHandler                         0x080001b3   Thumb Code     0  startup_stm32f2xx.o(.text)
    USART1_IRQHandler                        0x080001b3   Thumb Code     0  startup_stm32f2xx.o(.text)
    USART2_IRQHandler                        0x080001b3   Thumb Code     0  startup_stm32f2xx.o(.text)
    USART3_IRQHandler                        0x080001b3   Thumb Code     0  startup_stm32f2xx.o(.text)
    USART6_IRQHandler                        0x080001b3   Thumb Code     0  startup_stm32f2xx.o(.text)
    WWDG_IRQHandler                          0x080001b3   Thumb Code     0  startup_stm32f2xx.o(.text)
    __aeabi_uidiv                            0x080001bd   Thumb Code     0  uidiv.o(.text)
    __aeabi_uidivmod                         0x080001bd   Thumb Code    44  uidiv.o(.text)
    __scatterload                            0x080001e9   Thumb Code    28  init.o(.text)
    __scatterload_rt2                        0x080001e9   Thumb Code     0  init.o(.text)
    BusFault_Handler                         0x0800020d   Thumb Code     2  stm32f2xx_it.o(i.BusFault_Handler)
    DebugMon_Handler                         0x0800020f   Thumb Code     2  stm32f2xx_it.o(i.DebugMon_Handler)
    DelayMs                                  0x08000229   Thumb Code    22  systick.o(i.DelayMs)
    EXTI15_10_IRQHandler                     0x08000245   Thumb Code    56  stm32f2xx_it.o(i.EXTI15_10_IRQHandler)
    EXTI_ClearFlag                           0x08000285   Thumb Code     6  stm32f2xx_exti.o(i.EXTI_ClearFlag)
    EXTI_ClearITPendingBit                   0x08000291   Thumb Code     6  stm32f2xx_exti.o(i.EXTI_ClearITPendingBit)
    EXTI_GetITStatus                         0x0800030d   Thumb Code    26  stm32f2xx_exti.o(i.EXTI_GetITStatus)
    EXTI_Init                                0x0800032d   Thumb Code   128  stm32f2xx_exti.o(i.EXTI_Init)
    FSMC_NORSRAMCmd                          0x080003b1   Thumb Code    28  stm32f2xx_fsmc.o(i.FSMC_NORSRAMCmd)
    FSMC_NORSRAMInit                         0x080003d1   Thumb Code   192  stm32f2xx_fsmc.o(i.FSMC_NORSRAMInit)
    GPIO_Init                                0x08000491   Thumb Code   126  stm32f2xx_gpio.o(i.GPIO_Init)
    GPIO_PinAFConfig                         0x0800050f   Thumb Code    32  stm32f2xx_gpio.o(i.GPIO_PinAFConfig)
    GPIO_ReadInputDataBit                    0x0800052f   Thumb Code    14  stm32f2xx_gpio.o(i.GPIO_ReadInputDataBit)
    GPIO_ResetBits                           0x0800053d   Thumb Code     4  stm32f2xx_gpio.o(i.GPIO_ResetBits)
    GPIO_SetBits                             0x08000541   Thumb Code     4  stm32f2xx_gpio.o(i.GPIO_SetBits)
    HardFault_Handler                        0x08000545   Thumb Code     2  stm32f2xx_it.o(i.HardFault_Handler)
    InitKey                                  0x080005d1   Thumb Code   114  stm322xg_eval_keypad.o(i.InitKey)
    LCD_Clear                                0x0800064d   Thumb Code    36  stm322xg_eval_lcd.o(i.LCD_Clear)
    LCD_CtrlLinesConfig                      0x08000671   Thumb Code   290  stm322xg_eval_lcd.o(i.LCD_CtrlLinesConfig)
    LCD_DisplayStringHZ                      0x080007a5   Thumb Code   120  stm322xg_eval_lcd.o(i.LCD_DisplayStringHZ)
    LCD_DisplayStringLargeFont               0x08000825   Thumb Code    66  stm322xg_eval_lcd.o(i.LCD_DisplayStringLargeFont)
    LCD_DrawCharHZ                           0x0800086d   Thumb Code   194  stm322xg_eval_lcd.o(i.LCD_DrawCharHZ)
    LCD_DrawCharLargeFont                    0x08000935   Thumb Code   194  stm322xg_eval_lcd.o(i.LCD_DrawCharLargeFont)
    LCD_DrawLine                             0x080009fd   Thumb Code    86  stm322xg_eval_lcd.o(i.LCD_DrawLine)
    LCD_DrawRect                             0x08000a59   Thumb Code    62  stm322xg_eval_lcd.o(i.LCD_DrawRect)
    LCD_Draw_Eflag_Logo                      0x08000a99   Thumb Code    74  stm322xg_eval_lcd.o(i.LCD_Draw_Eflag_Logo)
    LCD_FSMCConfig                           0x08000ae9   Thumb Code    96  stm322xg_eval_lcd.o(i.LCD_FSMCConfig)
    LCD_SetBackColor                         0x08000b49   Thumb Code     6  stm322xg_eval_lcd.o(i.LCD_SetBackColor)
    LCD_SetCursor                            0x08000b55   Thumb Code    22  stm322xg_eval_lcd.o(i.LCD_SetCursor)
    LCD_SetTextColor                         0x08000b6d   Thumb Code     6  stm322xg_eval_lcd.o(i.LCD_SetTextColor)
    LCD_WriteReg                             0x08000b79   Thumb Code    10  stm322xg_eval_lcd.o(i.LCD_WriteReg)
    MemManage_Handler                        0x08000b83   Thumb Code     2  stm32f2xx_it.o(i.MemManage_Handler)
    Moto_GPIO_Configuration                  0x08000b85   Thumb Code   160  moto.o(i.Moto_GPIO_Configuration)
    Moto_NVIC_Configuration                  0x08000c3d   Thumb Code    34  moto.o(i.Moto_NVIC_Configuration)
    Moto_TIM2_Configuration                  0x08000c61   Thumb Code    70  moto.o(i.Moto_TIM2_Configuration)
    NMI_Handler                              0x08000cad   Thumb Code     2  stm32f2xx_it.o(i.NMI_Handler)
    NVIC_Init                                0x08000caf   Thumb Code    94  misc.o(i.NVIC_Init)
    NVIC_PriorityGroupConfig                 0x08000d0d   Thumb Code    10  misc.o(i.NVIC_PriorityGroupConfig)
    NVIC_SetVectorTable                      0x08000d21   Thumb Code    12  misc.o(i.NVIC_SetVectorTable)
    PendSV_Handler                           0x08000d35   Thumb Code     2  stm32f2xx_it.o(i.PendSV_Handler)
    RCC_AHB1PeriphClockCmd                   0x08000d39   Thumb Code    22  stm32f2xx_rcc.o(i.RCC_AHB1PeriphClockCmd)
    RCC_AHB3PeriphClockCmd                   0x08000d55   Thumb Code    22  stm32f2xx_rcc.o(i.RCC_AHB3PeriphClockCmd)
    RCC_APB1PeriphClockCmd                   0x08000d71   Thumb Code    22  stm32f2xx_rcc.o(i.RCC_APB1PeriphClockCmd)
    RCC_APB2PeriphClockCmd                   0x08000d8d   Thumb Code    22  stm32f2xx_rcc.o(i.RCC_APB2PeriphClockCmd)
    RCC_PCLK2Config                          0x08000da9   Thumb Code    16  stm32f2xx_rcc.o(i.RCC_PCLK2Config)
    STM322xG_LCD_Init                        0x08000dbd   Thumb Code   902  stm322xg_eval_lcd.o(i.STM322xG_LCD_Init)
    SVC_Handler                              0x08001149   Thumb Code     2  stm32f2xx_it.o(i.SVC_Handler)
    SYSCFG_EXTILineConfig                    0x0800114d   Thumb Code    44  stm32f2xx_syscfg.o(i.SYSCFG_EXTILineConfig)
    SysTick_Handler                          0x08001215   Thumb Code    16  stm32f2xx_it.o(i.SysTick_Handler)
    SysTick_ISR                              0x08001229   Thumb Code    36  systick.o(i.SysTick_ISR)
    SystemInit                               0x08001251   Thumb Code    58  system_stm32f2xx.o(i.SystemInit)
    TIM3_IRQHandler                          0x08001295   Thumb Code    40  stm32f2xx_it.o(i.TIM3_IRQHandler)
    TIM_ClearITPendingBit                    0x080012c5   Thumb Code     6  stm32f2xx_tim.o(i.TIM_ClearITPendingBit)
    TIM_Cmd                                  0x080012cb   Thumb Code    20  stm32f2xx_tim.o(i.TIM_Cmd)
    TIM_GetITStatus                          0x080012df   Thumb Code    22  stm32f2xx_tim.o(i.TIM_GetITStatus)
    TIM_ITConfig                             0x080012f5   Thumb Code    16  stm32f2xx_tim.o(i.TIM_ITConfig)
    TIM_TimeBaseInit                         0x08001305   Thumb Code    96  stm32f2xx_tim.o(i.TIM_TimeBaseInit)
    UsageFault_Handler                       0x08001381   Thumb Code     2  stm32f2xx_it.o(i.UsageFault_Handler)
    __0sprintf$6                             0x080013ed   Thumb Code    34  printf6.o(i.__0sprintf$6)
    __1sprintf$6                             0x080013ed   Thumb Code     0  printf6.o(i.__0sprintf$6)
    __2sprintf                               0x080013ed   Thumb Code     0  printf6.o(i.__0sprintf$6)
    __scatterload_copy                       0x08001415   Thumb Code    14  handlers.o(i.__scatterload_copy)
    __scatterload_null                       0x08001423   Thumb Code     2  handlers.o(i.__scatterload_null)
    __scatterload_zeroinit                   0x08001425   Thumb Code    14  handlers.o(i.__scatterload_zeroinit)
    i2cRead_ch452                            0x080017cd   Thumb Code   252  stm322xg_eval_keypad.o(i.i2cRead_ch452)
    i2cWrite_ch452                           0x080018cd   Thumb Code   160  stm322xg_eval_keypad.o(i.i2cWrite_ch452)
    main                                     0x08001971   Thumb Code   184  main.o(i.main)
    moto_lcd_msg                             0x08001b4d   Thumb Code   160  moto.o(i.moto_lcd_msg)
    moto_test                                0x08001c59   Thumb Code   212  moto.o(i.moto_test)
    g_Hz16                                   0x08001d48   Data        5950  hzlib.o(.constdata)
    Ascii16                                  0x08003486   Data        4096  asc16.o(.constdata)
    large_font_64                            0x08004486   Data        3328  large_font.o(.constdata)
    gImage_logo                              0x08005186   Data        6056  stm322xg_eval_lcd.o(.constdata)
    Region$$Table$$Base                      0x08006930   Number         0  anon$$obj.o(Region$$Table)
    Region$$Table$$Limit                     0x08006950   Number         0  anon$$obj.o(Region$$Table)
    moto_run                                 0x20000000   Data           1  main.o(.data)
    sys_clk                                  0x20000004   Data           4  stm32f2xx_it.o(.data)
    motoflag                                 0x20000008   Data           1  moto.o(.data)
    motofreq                                 0x2000000c   Data           4  moto.o(.data)
    g_Tmr                                    0x20000010   Data           8  systick.o(.data)
    s_TextColor                              0x2000001a   Data           2  stm322xg_eval_lcd.o(.data)
    s_BackColor                              0x2000001c   Data           2  stm322xg_eval_lcd.o(.data)
    KeyCode                                  0x20000024   Data           1  stm322xg_eval_keypad.o(.data)
    SystemCoreClock                          0x20000028   Data           4  system_stm32f2xx.o(.data)
    __initial_sp                             0x20000430   Data           0  startup_stm32f2xx.o(STACK)



==============================================================================

Memory Map of the image

  Image Entry point : 0x08000185

  Load Region LR_IROM1 (Base: 0x08000000, Size: 0x0000697c, Max: 0x00100000, ABSOLUTE)

    Execution Region ER_IROM1 (Base: 0x08000000, Size: 0x00006950, Max: 0x00100000, ABSOLUTE)

    Base Addr    Size         Type   Attr      Idx    E Section Name        Object

    0x08000000   0x00000184   Data   RO         4442    RESET               startup_stm32f2xx.o
    0x08000184   0x00000000   Code   RO         4448  * .ARM.Collect$$$$00000000  mc_w.l(entry.o)
    0x08000184   0x00000004   Code   RO         4712    .ARM.Collect$$$$00000001  mc_w.l(entry2.o)
    0x08000188   0x00000004   Code   RO         4715    .ARM.Collect$$$$00000004  mc_w.l(entry5.o)
    0x0800018c   0x00000008   Code   RO         4716    .ARM.Collect$$$$00000007  mc_w.l(entry7.o)
    0x08000194   0x00000004   Code   RO         4713    .ARM.Collect$$$$00002712  mc_w.l(entry2.o)
    0x08000198   0x00000024   Code   RO         4443    .text               startup_stm32f2xx.o
    0x080001bc   0x0000002c   Code   RO         4720    .text               mc_w.l(uidiv.o)
    0x080001e8   0x00000024   Code   RO         4735    .text               mc_w.l(init.o)
    0x0800020c   0x00000002   Code   RO          112    i.BusFault_Handler  stm32f2xx_it.o
    0x0800020e   0x00000002   Code   RO          113    i.DebugMon_Handler  stm32f2xx_it.o
    0x08000210   0x00000016   Code   RO          649    i.Delay             stm322xg_eval_keypad.o
    0x08000226   0x00000002   PAD
    0x08000228   0x0000001c   Code   RO          280    i.DelayMs           systick.o
    0x08000244   0x00000040   Code   RO          114    i.EXTI15_10_IRQHandler  stm32f2xx_it.o
    0x08000284   0x0000000c   Code   RO         1733    i.EXTI_ClearFlag    stm32f2xx_exti.o
    0x08000290   0x0000000c   Code   RO         1734    i.EXTI_ClearITPendingBit  stm32f2xx_exti.o
    0x0800029c   0x00000070   Code   RO            1    i.EXTI_Configuration  main.o
    0x0800030c   0x00000020   Code   RO         1738    i.EXTI_GetITStatus  stm32f2xx_exti.o
    0x0800032c   0x00000084   Code   RO         1739    i.EXTI_Init         stm32f2xx_exti.o
    0x080003b0   0x00000020   Code   RO         1987    i.FSMC_NORSRAMCmd   stm32f2xx_fsmc.o
    0x080003d0   0x000000c0   Code   RO         1989    i.FSMC_NORSRAMInit  stm32f2xx_fsmc.o
    0x08000490   0x0000007e   Code   RO         2097    i.GPIO_Init         stm32f2xx_gpio.o
    0x0800050e   0x00000020   Code   RO         2098    i.GPIO_PinAFConfig  stm32f2xx_gpio.o
    0x0800052e   0x0000000e   Code   RO         2101    i.GPIO_ReadInputDataBit  stm32f2xx_gpio.o
    0x0800053c   0x00000004   Code   RO         2104    i.GPIO_ResetBits    stm32f2xx_gpio.o
    0x08000540   0x00000004   Code   RO         2105    i.GPIO_SetBits      stm32f2xx_gpio.o
    0x08000544   0x00000002   Code   RO          115    i.HardFault_Handler  stm32f2xx_it.o
    0x08000546   0x00000002   PAD
    0x08000548   0x00000044   Code   RO          652    i.I2C_Start         stm322xg_eval_keypad.o
    0x0800058c   0x00000044   Code   RO          653    i.I2C_Stop          stm322xg_eval_keypad.o
    0x080005d0   0x0000007c   Code   RO          654    i.InitKey           stm322xg_eval_keypad.o
    0x0800064c   0x00000024   Code   RO          403    i.LCD_Clear         stm322xg_eval_lcd.o
    0x08000670   0x00000134   Code   RO          405    i.LCD_CtrlLinesConfig  stm322xg_eval_lcd.o
    0x080007a4   0x00000080   Code   RO          409    i.LCD_DisplayStringHZ  stm322xg_eval_lcd.o
    0x08000824   0x00000048   Code   RO          410    i.LCD_DisplayStringLargeFont  stm322xg_eval_lcd.o
    0x0800086c   0x000000c8   Code   RO          413    i.LCD_DrawCharHZ    stm322xg_eval_lcd.o
    0x08000934   0x000000c8   Code   RO          414    i.LCD_DrawCharLargeFont  stm322xg_eval_lcd.o
    0x080009fc   0x0000005c   Code   RO          417    i.LCD_DrawLine      stm322xg_eval_lcd.o
    0x08000a58   0x0000003e   Code   RO          422    i.LCD_DrawRect      stm322xg_eval_lcd.o
    0x08000a96   0x00000002   PAD
    0x08000a98   0x00000050   Code   RO          424    i.LCD_Draw_Eflag_Logo  stm322xg_eval_lcd.o
    0x08000ae8   0x00000060   Code   RO          425    i.LCD_FSMCConfig    stm322xg_eval_lcd.o
    0x08000b48   0x0000000c   Code   RO          429    i.LCD_SetBackColor  stm322xg_eval_lcd.o
    0x08000b54   0x00000016   Code   RO          430    i.LCD_SetCursor     stm322xg_eval_lcd.o
    0x08000b6a   0x00000002   PAD
    0x08000b6c   0x0000000c   Code   RO          433    i.LCD_SetTextColor  stm322xg_eval_lcd.o
    0x08000b78   0x0000000a   Code   RO          438    i.LCD_WriteReg      stm322xg_eval_lcd.o
    0x08000b82   0x00000002   Code   RO          116    i.MemManage_Handler  stm32f2xx_it.o
    0x08000b84   0x000000b8   Code   RO          196    i.Moto_GPIO_Configuration  moto.o
    0x08000c3c   0x00000022   Code   RO          197    i.Moto_NVIC_Configuration  moto.o
    0x08000c5e   0x00000002   PAD
    0x08000c60   0x0000004c   Code   RO          198    i.Moto_TIM2_Configuration  moto.o
    0x08000cac   0x00000002   Code   RO          117    i.NMI_Handler       stm32f2xx_it.o
    0x08000cae   0x0000005e   Code   RO          717    i.NVIC_Init         misc.o
    0x08000d0c   0x00000014   Code   RO          718    i.NVIC_PriorityGroupConfig  misc.o
    0x08000d20   0x00000014   Code   RO          719    i.NVIC_SetVectorTable  misc.o
    0x08000d34   0x00000002   Code   RO          118    i.PendSV_Handler    stm32f2xx_it.o
    0x08000d36   0x00000002   PAD
    0x08000d38   0x0000001c   Code   RO         2657    i.RCC_AHB1PeriphClockCmd  stm32f2xx_rcc.o
    0x08000d54   0x0000001c   Code   RO         2663    i.RCC_AHB3PeriphClockCmd  stm32f2xx_rcc.o
    0x08000d70   0x0000001c   Code   RO         2666    i.RCC_APB1PeriphClockCmd  stm32f2xx_rcc.o
    0x08000d8c   0x0000001c   Code   RO         2669    i.RCC_APB2PeriphClockCmd  stm32f2xx_rcc.o
    0x08000da8   0x00000014   Code   RO         2692    i.RCC_PCLK2Config   stm32f2xx_rcc.o
    0x08000dbc   0x0000038c   Code   RO          440    i.STM322xG_LCD_Init  stm322xg_eval_lcd.o
    0x08001148   0x00000002   Code   RO          119    i.SVC_Handler       stm32f2xx_it.o
    0x0800114a   0x00000002   PAD
    0x0800114c   0x00000030   Code   RO         3596    i.SYSCFG_EXTILineConfig  stm32f2xx_syscfg.o
    0x0800117c   0x00000098   Code   RO         4411    i.SetSysClock       system_stm32f2xx.o
    0x08001214   0x00000014   Code   RO          120    i.SysTick_Handler   stm32f2xx_it.o
    0x08001228   0x00000028   Code   RO          282    i.SysTick_ISR       systick.o
    0x08001250   0x00000044   Code   RO         4413    i.SystemInit        system_stm32f2xx.o
    0x08001294   0x00000030   Code   RO          121    i.TIM3_IRQHandler   stm32f2xx_it.o
    0x080012c4   0x00000006   Code   RO         3644    i.TIM_ClearITPendingBit  stm32f2xx_tim.o
    0x080012ca   0x00000014   Code   RO         3649    i.TIM_Cmd           stm32f2xx_tim.o
    0x080012de   0x00000016   Code   RO         3670    i.TIM_GetITStatus   stm32f2xx_tim.o
    0x080012f4   0x00000010   Code   RO         3674    i.TIM_ITConfig      stm32f2xx_tim.o
    0x08001304   0x0000007c   Code   RO         3721    i.TIM_TimeBaseInit  stm32f2xx_tim.o
    0x08001380   0x00000002   Code   RO          122    i.UsageFault_Handler  stm32f2xx_it.o
    0x08001382   0x00000002   PAD
    0x08001384   0x00000068   Code   RO          656    i.WriteI2CByte      stm322xg_eval_keypad.o
    0x080013ec   0x00000028   Code   RO         4608    i.__0sprintf$6      mc_w.l(printf6.o)
    0x08001414   0x0000000e   Code   RO         4748    i.__scatterload_copy  mc_w.l(handlers.o)
    0x08001422   0x00000002   Code   RO         4749    i.__scatterload_null  mc_w.l(handlers.o)
    0x08001424   0x0000000e   Code   RO         4750    i.__scatterload_zeroinit  mc_w.l(handlers.o)
    0x08001432   0x00000002   PAD
    0x08001434   0x00000338   Code   RO         4613    i._printf_core      mc_w.l(printf6.o)
    0x0800176c   0x00000026   Code   RO         4614    i._printf_post_padding  mc_w.l(printf6.o)
    0x08001792   0x0000002e   Code   RO         4615    i._printf_pre_padding  mc_w.l(printf6.o)
    0x080017c0   0x0000000a   Code   RO         4617    i._sputc            mc_w.l(printf6.o)
    0x080017ca   0x00000002   PAD
    0x080017cc   0x00000100   Code   RO          657    i.i2cRead_ch452     stm322xg_eval_keypad.o
    0x080018cc   0x000000a4   Code   RO          658    i.i2cWrite_ch452    stm322xg_eval_keypad.o
    0x08001970   0x000000cc   Code   RO            2    i.main              main.o
    0x08001a3c   0x00000110   Code   RO            3    i.main_lcd_msg      main.o
    0x08001b4c   0x0000010c   Code   RO          199    i.moto_lcd_msg      moto.o
    0x08001c58   0x000000f0   Code   RO          200    i.moto_test         moto.o
    0x08001d48   0x0000173e   Data   RO          258    .constdata          hzlib.o
    0x08003486   0x00001000   Data   RO          265    .constdata          asc16.o
    0x08004486   0x00000d00   Data   RO          272    .constdata          large_font.o
    0x08005186   0x000017a8   Data   RO          441    .constdata          stm322xg_eval_lcd.o
    0x0800692e   0x00000002   PAD
    0x08006930   0x00000020   Data   RO         4746    Region$$Table       anon$$obj.o


    Execution Region RW_IRAM1 (Base: 0x20000000, Size: 0x00000430, Max: 0x00020000, ABSOLUTE)

    Base Addr    Size         Type   Attr      Idx    E Section Name        Object

    0x20000000   0x00000001   Data   RW            4    .data               main.o
    0x20000001   0x00000003   PAD
    0x20000004   0x00000004   Data   RW          124    .data               stm32f2xx_it.o
    0x20000008   0x00000008   Data   RW          201    .data               moto.o
    0x20000010   0x00000008   Data   RW          283    .data               systick.o
    0x20000018   0x0000000c   Data   RW          442    .data               stm322xg_eval_lcd.o
    0x20000024   0x00000001   Data   RW          659    .data               stm322xg_eval_keypad.o
    0x20000025   0x00000003   PAD
    0x20000028   0x00000004   Data   RW         4414    .data               system_stm32f2xx.o
    0x2000002c   0x00000004   PAD
    0x20000030   0x00000400   Zero   RW         4440    STACK               startup_stm32f2xx.o


==============================================================================

Image component sizes


      Code (inc. data)   RO Data    RW Data    ZI Data      Debug   Object Name

         0          0       4096          0          0        530   asc16.o
         0          0       5950          0          0        529   hzlib.o
         0          0       3328          0          0        552   large_font.o
       588        142          0          1          0     266940   main.o
       134         18          0          0          0       2405   misc.o
       802        166          0          8          0       3601   moto.o
        36          8        388          0       1024        964   startup_stm32f2xx.o
       806         32          0          1          0       6093   stm322xg_eval_keypad.o
      2238         74       6056         12          0      20469   stm322xg_eval_lcd.o
       188         22          0          0          0       3153   stm32f2xx_exti.o
       224          4          0          0          0       2165   stm32f2xx_fsmc.o
       180          0          0          0          0       3987   stm32f2xx_gpio.o
       148         20          0          4          0       5349   stm32f2xx_it.o
       132         28          0          0          0       3290   stm32f2xx_rcc.o
        48          4          0          0          0        736   stm32f2xx_syscfg.o
       188         28          0          0          0       5149   stm32f2xx_tim.o
       220         20          0          4          0       1771   system_stm32f2xx.o
        68         10          0          8          0       1636   systick.o

    ----------------------------------------------------------------------
      6016        576      19852         44       1028     329319   Object Totals
         0          0         32          0          0          0   (incl. Generated)
        16          0          2          6          4          1   (incl. Padding)

    ----------------------------------------------------------------------

      Code (inc. data)   RO Data    RW Data    ZI Data      Debug   Library Member Name

         0          0          0          0          0          0   entry.o
         8          4          0          0          0          0   entry2.o
         4          0          0          0          0          0   entry5.o
         8          4          0          0          0          0   entry7.o
        30          0          0          0          0          0   handlers.o
        36          8          0          0          0         68   init.o
       958         12          0          0          0        420   printf6.o
        44          0          0          0          0         80   uidiv.o

    ----------------------------------------------------------------------
      1092         28          0          0          0        568   Library Totals
         4          0          0          0          0          0   (incl. Padding)

    ----------------------------------------------------------------------

      Code (inc. data)   RO Data    RW Data    ZI Data      Debug   Library Name

      1088         28          0          0          0        568   mc_w.l

    ----------------------------------------------------------------------
      1092         28          0          0          0        568   Library Totals

    ----------------------------------------------------------------------

==============================================================================


      Code (inc. data)   RO Data    RW Data    ZI Data      Debug   

      7108        604      19852         44       1028     326144   Grand Totals
      7108        604      19852         44       1028     326144   ELF Image Totals
      7108        604      19852         44          0          0   ROM Totals

==============================================================================

    Total RO  Size (Code + RO Data)                26960 (  26.33kB)
    Total RW  Size (RW Data + ZI Data)              1072 (   1.05kB)
    Total ROM Size (Code + RO Data + RW Data)      27004 (  26.37kB)

==============================================================================

