<html>
<body>
<pre>
<h1>礦ision Build Log</h1>
<h2>Tool Versions:</h2>
IDE-Version: μVision V5.21.1.0
Copyright (C) 2016 ARM Ltd and ARM Germany GmbH. All rights reserved.
License Information: Z Microsoft, Microsoft, LIC=JL2VE-56QI5-2LVCT-R4XIJ-VVYYH-TQ18T
 
Tool Versions:
Toolchain:       MDK-ARM Plus  Version: 5.21a
Toolchain Path:  C:\Keil_v5\ARM\ARMCC\Bin
C Compiler:      Armcc.exe V5.06 update 3 (build 300)
Assembler:       Armasm.exe V5.06 update 3 (build 300)
Linker/Locator:  ArmLink.exe V5.06 update 3 (build 300)
Library Manager: ArmAr.exe V5.06 update 3 (build 300)
Hex Converter:   FromElf.exe V5.06 update 3 (build 300)
CPU DLL:         SARMCM3.DLL V5.21a
Dialog DLL:      DCM.DLL V1.13.8.0
Target DLL:      Segger\JL2CM3.dll V2.99.23.0
Dialog DLL:      TCM.DLL V1.14.14.0
 
<h2>Project:</h2>
E:\资料\现代通信课程设计\给学生\project\STM32F2xx_StdPeriph_Lib_1.0.0\Project\显示模块\LCD显示\MDK-ARM\Project.uvprojx
Project File Date:  04/27/2018

<h2>Output:</h2>
*** Using Compiler 'V5.06 update 3 (build 300)', folder: 'C:\Keil_v5\ARM\ARMCC\Bin'
Build target 'LCD'
compiling ASC16.c...
compiling fonts.c...
compiling HzLib.c...
compiling stm32f2xx_it.c...
compiling main.c...
compiling large_font.c...
compiling stm32_eval.c...
compiling stm322xg_eval_lcd.c...
compiling misc.c...
compiling stm32f2xx_adc.c...
compiling stm32f2xx_crc.c...
compiling stm32f2xx_can.c...
compiling stm32f2xx_cryp.c...
compiling stm32f2xx_cryp_aes.c...
compiling stm32f2xx_cryp_des.c...
compiling stm32f2xx_cryp_tdes.c...
compiling stm32f2xx_dac.c...
compiling stm32f2xx_dbgmcu.c...
compiling stm32f2xx_dcmi.c...
compiling stm32f2xx_exti.c...
compiling stm32f2xx_dma.c...
compiling stm32f2xx_flash.c...
compiling stm32f2xx_fsmc.c...
compiling stm32f2xx_gpio.c...
compiling stm32f2xx_hash.c...
compiling stm32f2xx_hash_md5.c...
compiling stm32f2xx_hash_sha1.c...
compiling stm32f2xx_iwdg.c...
compiling stm32f2xx_i2c.c...
compiling stm32f2xx_pwr.c...
compiling stm32f2xx_rcc.c...
compiling stm32f2xx_rng.c...
compiling stm32f2xx_rtc.c...
compiling stm32f2xx_spi.c...
compiling stm32f2xx_sdio.c...
compiling stm32f2xx_syscfg.c...
compiling stm32f2xx_usart.c...
compiling stm32f2xx_tim.c...
assembling startup_stm32f2xx.s...
compiling system_stm32f2xx.c...
compiling stm32f2xx_wwdg.c...
linking...
Program Size: Code=3924 RO-data=156836 RW-data=20 ZI-data=1028  
FromELF: creating hex file...
".\Obj\STM3220F_EVAL.axf" - 0 Error(s), 0 Warning(s).

<h2>Collection of Component include folders:</h2>
  E:\资料\现代通信课程设计\给学生\project\STM32F2xx_StdPeriph_Lib_1.0.0\Project\显示模块\LCD显示\MDK-ARM\RTE
  C:\Keil_v5\ARM\PACK\Keil\STM32F2xx_DFP\2.6.0\Drivers\CMSIS\Device\ST\STM32F2xx\Include

<h2>Collection of Component Files used:</h2>
Build Time Elapsed:  00:00:05
</pre>
</body>
</html>
