<html>
<body>
<pre>
<h1>礦ision Build Log</h1>
<h2>Project:</h2>
D:\实验中心工作\现代通信课程设计\给学生\project\STM32F2xx_StdPeriph_Lib_1.0.0\Project\显示模块\LCD显示\MDK-ARM\Project.uvproj
Project File Date:  09/12/2015

<h2>Output:</h2>
Build target 'LCD'
compiling main.c...
compiling stm32f2xx_it.c...
compiling ASC16.c...
compiling fonts.c...
compiling HzLib.c...
compiling stm32_eval.c...
compiling stm322xg_eval_lcd.c...
compiling large_font.c...
compiling misc.c...
compiling stm32f2xx_adc.c...
compiling stm32f2xx_can.c...
compiling stm32f2xx_crc.c...
compiling stm32f2xx_cryp.c...
compiling stm32f2xx_cryp_aes.c...
compiling stm32f2xx_cryp_des.c...
compiling stm32f2xx_cryp_tdes.c...
compiling stm32f2xx_dac.c...
compiling stm32f2xx_dbgmcu.c...
compiling stm32f2xx_dcmi.c...
compiling stm32f2xx_dma.c...
compiling stm32f2xx_exti.c...
compiling stm32f2xx_flash.c...
compiling stm32f2xx_fsmc.c...
compiling stm32f2xx_gpio.c...
compiling stm32f2xx_hash.c...
compiling stm32f2xx_hash_md5.c...
compiling stm32f2xx_hash_sha1.c...
compiling stm32f2xx_i2c.c...
compiling stm32f2xx_iwdg.c...
compiling stm32f2xx_pwr.c...
compiling stm32f2xx_rcc.c...
compiling stm32f2xx_rng.c...
compiling stm32f2xx_rtc.c...
compiling stm32f2xx_sdio.c...
compiling stm32f2xx_spi.c...
compiling stm32f2xx_syscfg.c...
compiling stm32f2xx_tim.c...
compiling stm32f2xx_usart.c...
compiling stm32f2xx_wwdg.c...
compiling system_stm32f2xx.c...
assembling startup_stm32f2xx.s...
linking...
Program Size: Code=3660 RO-data=156836 RW-data=20 ZI-data=1028  
FromELF: creating hex file...
".\Obj\STM3220F_EVAL.axf" - 0 Error(s), 0 Warning(s).
