Component: ARM Compiler 5.06 update 3 (build 300) Tool: armlink [4d35c9]

==============================================================================

Section Cross References

    stm32f2xx_it.o(i.CAN1_RX0_IRQHandler) refers to stm32f2xx_can.o(i.CAN_Receive) for CAN_Receive
    stm32f2xx_it.o(i.CAN1_RX0_IRQHandler) refers to printf1.o(i.__0sprintf$1) for __2sprintf
    stm32f2xx_it.o(i.CAN1_RX0_IRQHandler) refers to stm322xg_eval_lcd.o(i.LCD_GetFont) for LCD_GetFont
    stm32f2xx_it.o(i.CAN1_RX0_IRQHandler) refers to stm322xg_eval_lcd.o(i.LCD_DisplayStringLine) for LCD_DisplayStringLine
    stm32f2xx_it.o(i.CAN1_RX0_IRQHandler) refers to stm32f2xx_it.o(.bss) for .bss
    main.o(i.CAN_Config) refers to stm32f2xx_rcc.o(i.RCC_AHB1PeriphClockCmd) for RCC_AHB1PeriphClockCmd
    main.o(i.CAN_Config) refers to stm32f2xx_gpio.o(i.GPIO_PinAFConfig) for GPIO_PinAFConfig
    main.o(i.CAN_Config) refers to stm32f2xx_gpio.o(i.GPIO_Init) for GPIO_Init
    main.o(i.CAN_Config) refers to stm32f2xx_rcc.o(i.RCC_APB1PeriphClockCmd) for RCC_APB1PeriphClockCmd
    main.o(i.CAN_Config) refers to stm32f2xx_can.o(i.CAN_DeInit) for CAN_DeInit
    main.o(i.CAN_Config) refers to stm32f2xx_can.o(i.CAN_StructInit) for CAN_StructInit
    main.o(i.CAN_Config) refers to stm32f2xx_can.o(i.CAN_Init) for CAN_Init
    main.o(i.CAN_Config) refers to stm32f2xx_can.o(i.CAN_FilterInit) for CAN_FilterInit
    main.o(i.CAN_Config) refers to stm32f2xx_can.o(i.CAN_ITConfig) for CAN_ITConfig
    main.o(i.CAN_Config) refers to main.o(.bss) for .bss
    main.o(i.Display_Init) refers to stm322xg_eval_lcd.o(i.STM322xG_LCD_Init) for STM322xG_LCD_Init
    main.o(i.Display_Init) refers to stm322xg_eval_lcd.o(i.LCD_Clear) for LCD_Clear
    main.o(i.Display_Init) refers to stm322xg_eval_lcd.o(i.LCD_SetFont) for LCD_SetFont
    main.o(i.Display_Init) refers to stm322xg_eval_lcd.o(i.LCD_SetBackColor) for LCD_SetBackColor
    main.o(i.Display_Init) refers to stm322xg_eval_lcd.o(i.LCD_SetTextColor) for LCD_SetTextColor
    main.o(i.Display_Init) refers to stm322xg_eval_lcd.o(i.LCD_GetFont) for LCD_GetFont
    main.o(i.Display_Init) refers to stm322xg_eval_lcd.o(i.LCD_DisplayStringLine) for LCD_DisplayStringLine
    main.o(i.Display_Init) refers to fonts.o(.data) for Font8x12
    main.o(i.Display_Init) refers to fonts.o(.data) for Font16x24
    main.o(i.LED_Display) refers to stm32_eval.o(i.STM_EVAL_LEDOff) for STM_EVAL_LEDOff
    main.o(i.LED_Display) refers to stm32_eval.o(i.STM_EVAL_LEDOn) for STM_EVAL_LEDOn
    main.o(i.NVIC_Config) refers to misc.o(i.NVIC_Init) for NVIC_Init
    main.o(i.main) refers to memseta.o(.text) for __aeabi_memclr4
    main.o(i.main) refers to main.o(i.NVIC_Config) for NVIC_Config
    main.o(i.main) refers to stm32_eval.o(i.STM_EVAL_LEDInit) for STM_EVAL_LEDInit
    main.o(i.main) refers to stm32_eval.o(i.STM_EVAL_LEDOff) for STM_EVAL_LEDOff
    main.o(i.main) refers to main.o(i.Display_Init) for Display_Init
    main.o(i.main) refers to main.o(i.CAN_Config) for CAN_Config
    main.o(i.main) refers to stm32f2xx_can.o(i.CAN_Transmit) for CAN_Transmit
    main.o(i.main) refers to printf1.o(i.__0sprintf$1) for __2sprintf
    main.o(i.main) refers to stm322xg_eval_lcd.o(i.LCD_GetFont) for LCD_GetFont
    main.o(i.main) refers to stm322xg_eval_lcd.o(i.LCD_DisplayStringLine) for LCD_DisplayStringLine
    main.o(i.main) refers to stm322xg_eval_systick.o(i.delay_ms) for delay_ms
    main.o(i.main) refers to main.o(.bss) for .bss
    stm32_eval.o(i.SD_LowLevel_DeInit) refers to stm32f2xx_spi.o(i.SPI_Cmd) for SPI_Cmd
    stm32_eval.o(i.SD_LowLevel_DeInit) refers to stm32f2xx_spi.o(i.SPI_I2S_DeInit) for SPI_I2S_DeInit
    stm32_eval.o(i.SD_LowLevel_Init) refers to stm32f2xx_rcc.o(i.RCC_AHB1PeriphClockCmd) for RCC_AHB1PeriphClockCmd
    stm32_eval.o(i.SD_LowLevel_Init) refers to stm32f2xx_rcc.o(i.RCC_APB1PeriphClockCmd) for RCC_APB1PeriphClockCmd
    stm32_eval.o(i.SD_LowLevel_Init) refers to stm32f2xx_gpio.o(i.GPIO_Init) for GPIO_Init
    stm32_eval.o(i.SD_LowLevel_Init) refers to stm32f2xx_gpio.o(i.GPIO_PinAFConfig) for GPIO_PinAFConfig
    stm32_eval.o(i.SD_LowLevel_Init) refers to stm32f2xx_spi.o(i.SPI_I2S_DeInit) for SPI_I2S_DeInit
    stm32_eval.o(i.SD_LowLevel_Init) refers to stm32f2xx_spi.o(i.SPI_Init) for SPI_Init
    stm32_eval.o(i.SD_LowLevel_Init) refers to stm32f2xx_spi.o(i.SPI_Cmd) for SPI_Cmd
    stm32_eval.o(i.STM_EVAL_COMInit) refers to stm32f2xx_rcc.o(i.RCC_AHB1PeriphClockCmd) for RCC_AHB1PeriphClockCmd
    stm32_eval.o(i.STM_EVAL_COMInit) refers to stm32f2xx_rcc.o(i.RCC_APB2PeriphClockCmd) for RCC_APB2PeriphClockCmd
    stm32_eval.o(i.STM_EVAL_COMInit) refers to stm32f2xx_gpio.o(i.GPIO_PinAFConfig) for GPIO_PinAFConfig
    stm32_eval.o(i.STM_EVAL_COMInit) refers to stm32f2xx_gpio.o(i.GPIO_Init) for GPIO_Init
    stm32_eval.o(i.STM_EVAL_COMInit) refers to stm32f2xx_usart.o(i.USART_Init) for USART_Init
    stm32_eval.o(i.STM_EVAL_COMInit) refers to stm32f2xx_usart.o(i.USART_Cmd) for USART_Cmd
[...]
    Removing stm322xg_eval_lcd.o(i.LCD_DisplayStringLargeFont), (72 bytes).
    Removing stm322xg_eval_lcd.o(i.LCD_DrawCharHZ), (196 bytes).
    Removing stm322xg_eval_lcd.o(i.LCD_DrawCharLargeFont), (196 bytes).
    Removing stm322xg_eval_lcd.o(i.LCD_DrawCircle), (264 bytes).
    Removing stm322xg_eval_lcd.o(i.LCD_DrawFullRect), (152 bytes).
    Removing stm322xg_eval_lcd.o(i.LCD_DrawLine), (92 bytes).
    Removing stm322xg_eval_lcd.o(i.LCD_DrawLine_Color), (84 bytes).
    Removing stm322xg_eval_lcd.o(i.LCD_DrawMonoPict), (76 bytes).
    Removing stm322xg_eval_lcd.o(i.LCD_DrawPoint), (20 bytes).
    Removing stm322xg_eval_lcd.o(i.LCD_DrawPoints), (68 bytes).
    Removing stm322xg_eval_lcd.o(i.LCD_DrawRect), (62 bytes).
    Removing stm322xg_eval_lcd.o(i.LCD_DrawRectFill), (100 bytes).
    Removing stm322xg_eval_lcd.o(i.LCD_Draw_Eflag_Logo), (80 bytes).
    Removing stm322xg_eval_lcd.o(i.LCD_ReadRAM), (8 bytes).
    Removing stm322xg_eval_lcd.o(i.LCD_ReadReg), (16 bytes).
    Removing stm322xg_eval_lcd.o(i.LCD_SetDisplayWindow), (76 bytes).
    Removing stm322xg_eval_lcd.o(i.LCD_SetTransparent), (16 bytes).
    Removing stm322xg_eval_lcd.o(i.LCD_WriteBMP), (42 bytes).
    Removing stm322xg_eval_lcd.o(i.LCD_WriteRAM), (8 bytes).
    Removing stm322xg_eval_lcd.o(i.LCD_WriteRAM_Prepare), (10 bytes).
    Removing stm322xg_eval_lcd.o(i.Lcd_Write_Com), (8 bytes).
    Removing stm322xg_eval_lcd.o(.constdata), (6056 bytes).
    Removing stm322xg_eval_lcd.o(.data), (2 bytes).
    Removing stm322xg_eval_lcd.o(.data), (2 bytes).
    Removing fonts.o(.constdata), (2304 bytes).
    Removing fonts.o(.constdata), (1536 bytes).
    Removing fonts.o(.data), (8 bytes).
    Removing fonts.o(.data), (8 bytes).
    Removing asc16.o(.constdata), (4096 bytes).
    Removing hzlib.o(.constdata), (5950 bytes).
    Removing large_font.o(.constdata), (3328 bytes).
    Removing stm32f2xx_wwdg.o(i.WWDG_ClearFlag), (12 bytes).
    Removing stm32f2xx_wwdg.o(i.WWDG_DeInit), (24 bytes).
    Removing stm32f2xx_wwdg.o(i.WWDG_Enable), (16 bytes).
    Removing stm32f2xx_wwdg.o(i.WWDG_EnableIT), (16 bytes).
    Removing stm32f2xx_wwdg.o(i.WWDG_GetFlagStatus), (20 bytes).
    Removing stm32f2xx_wwdg.o(i.WWDG_SetCounter), (16 bytes).
    Removing stm32f2xx_wwdg.o(i.WWDG_SetPrescaler), (20 bytes).
    Removing stm32f2xx_wwdg.o(i.WWDG_SetWindowValue), (28 bytes).
    Removing misc.o(i.NVIC_PriorityGroupConfig), (20 bytes).
    Removing misc.o(i.NVIC_SetVectorTable), (20 bytes).
    Removing misc.o(i.NVIC_SystemLPConfig), (24 bytes).
    Removing misc.o(i.SysTick_CLKSourceConfig), (24 bytes).
    Removing stm32f2xx_adc.o(i.ADC_AnalogWatchdogCmd), (16 bytes).
    Removing stm32f2xx_adc.o(i.ADC_AnalogWatchdogSingleChannelConfig), (12 bytes).
    Removing stm32f2xx_adc.o(i.ADC_AnalogWatchdogThresholdsConfig), (6 bytes).
    Removing stm32f2xx_adc.o(i.ADC_AutoInjectedConvCmd), (20 bytes).
    Removing stm32f2xx_adc.o(i.ADC_ClearFlag), (6 bytes).
    Removing stm32f2xx_adc.o(i.ADC_ClearITPendingBit), (8 bytes).
    Removing stm32f2xx_adc.o(i.ADC_Cmd), (20 bytes).
    Removing stm32f2xx_adc.o(i.ADC_CommonInit), (44 bytes).
    Removing stm32f2xx_adc.o(i.ADC_CommonStructInit), (12 bytes).
    Removing stm32f2xx_adc.o(i.ADC_ContinuousModeCmd), (20 bytes).
    Removing stm32f2xx_adc.o(i.ADC_DMACmd), (20 bytes).
    Removing stm32f2xx_adc.o(i.ADC_DMARequestAfterLastTransferCmd), (20 bytes).
    Removing stm32f2xx_adc.o(i.ADC_DeInit), (24 bytes).
    Removing stm32f2xx_adc.o(i.ADC_DiscModeChannelCountConfig), (16 bytes).
    Removing stm32f2xx_adc.o(i.ADC_DiscModeCmd), (20 bytes).
    Removing stm32f2xx_adc.o(i.ADC_EOCOnEachRegularChannelCmd), (20 bytes).
    Removing stm32f2xx_adc.o(i.ADC_ExternalTrigInjectedConvConfig), (12 bytes).
    Removing stm32f2xx_adc.o(i.ADC_ExternalTrigInjectedConvEdgeConfig), (12 bytes).
    Removing stm32f2xx_adc.o(i.ADC_GetConversionValue), (6 bytes).
    Removing stm32f2xx_adc.o(i.ADC_GetFlagStatus), (14 bytes).
    Removing stm32f2xx_adc.o(i.ADC_GetITStatus), (30 bytes).
    Removing stm32f2xx_adc.o(i.ADC_GetInjectedConversionValue), (14 bytes).
    Removing stm32f2xx_adc.o(i.ADC_GetMultiModeConversionValue), (12 bytes).
    Removing stm32f2xx_adc.o(i.ADC_GetSoftwareStartConvStatus), (14 bytes).
    Removing stm32f2xx_adc.o(i.ADC_GetSoftwareStartInjectedConvCmdStatus), (14 bytes).
    Removing stm32f2xx_adc.o(i.ADC_ITConfig), (18 bytes).
    Removing stm32f2xx_adc.o(i.ADC_Init), (76 bytes).
    Removing stm32f2xx_adc.o(i.ADC_InjectedChannelConfig), (74 bytes).
    Removing stm32f2xx_adc.o(i.ADC_InjectedDiscModeCmd), (20 bytes).
    Removing stm32f2xx_adc.o(i.ADC_InjectedSequencerLengthConfig), (16 bytes).
    Removing stm32f2xx_adc.o(i.ADC_MultiModeDMARequestAfterLastTransferCmd), (32 bytes).
    Removing stm32f2xx_adc.o(i.ADC_RegularChannelConfig), (116 bytes).
    Removing stm32f2xx_adc.o(i.ADC_SetInjectedOffset), (10 bytes).
    Removing stm32f2xx_adc.o(i.ADC_SoftwareStartConv), (10 bytes).
    Removing stm32f2xx_adc.o(i.ADC_SoftwareStartInjectedConv), (10 bytes).
    Removing stm32f2xx_adc.o(i.ADC_StructInit), (20 bytes).
    Removing stm32f2xx_adc.o(i.ADC_TempSensorVrefintCmd), (32 bytes).
    Removing stm32f2xx_adc.o(i.ADC_VBATCmd), (32 bytes).
    Removing stm32f2xx_can.o(i.CAN_CancelTransmit), (36 bytes).
    Removing stm32f2xx_can.o(i.CAN_ClearFlag), (48 bytes).
    Removing stm32f2xx_can.o(i.CAN_ClearITPendingBit), (120 bytes).
    Removing stm32f2xx_can.o(i.CAN_DBGFreeze), (20 bytes).
    Removing stm32f2xx_can.o(i.CAN_FIFORelease), (22 bytes).
    Removing stm32f2xx_can.o(i.CAN_GetFlagStatus), (52 bytes).
    Removing stm32f2xx_can.o(i.CAN_GetITStatus), (168 bytes).
    Removing stm32f2xx_can.o(i.CAN_GetLSBTransmitErrorCounter), (8 bytes).
    Removing stm32f2xx_can.o(i.CAN_GetLastErrorCode), (10 bytes).
    Removing stm32f2xx_can.o(i.CAN_GetReceiveErrorCounter), (6 bytes).
    Removing stm32f2xx_can.o(i.CAN_MessagePending), (22 bytes).
    Removing stm32f2xx_can.o(i.CAN_OperatingModeRequest), (140 bytes).
    Removing stm32f2xx_can.o(i.CAN_SlaveStartBank), (44 bytes).
    Removing stm32f2xx_can.o(i.CAN_Sleep), (30 bytes).
    Removing stm32f2xx_can.o(i.CAN_TTComModeCmd), (90 bytes).
    Removing stm32f2xx_can.o(i.CAN_TransmitStatus), (108 bytes).
    Removing stm32f2xx_can.o(i.CAN_WakeUp), (40 bytes).
    Removing stm32f2xx_can.o(i.CheckITStatus), (12 bytes).
    Removing stm32f2xx_crc.o(i.CRC_CalcBlockCRC), (28 bytes).
    Removing stm32f2xx_crc.o(i.CRC_CalcCRC), (12 bytes).
    Removing stm32f2xx_crc.o(i.CRC_GetCRC), (12 bytes).
    Removing stm32f2xx_crc.o(i.CRC_GetIDRegister), (12 bytes).
    Removing stm32f2xx_crc.o(i.CRC_ResetDR), (12 bytes).
    Removing stm32f2xx_crc.o(i.CRC_SetIDRegister), (12 bytes).
    Removing stm32f2xx_cryp.o(i.CRYP_Cmd), (28 bytes).
    Removing stm32f2xx_cryp.o(i.CRYP_DMACmd), (28 bytes).
    Removing stm32f2xx_cryp.o(i.CRYP_DataIn), (12 bytes).
    Removing stm32f2xx_cryp.o(i.CRYP_DataOut), (12 bytes).
    Removing stm32f2xx_cryp.o(i.CRYP_DeInit), (22 bytes).
    Removing stm32f2xx_cryp.o(i.CRYP_FIFOFlush), (16 bytes).
    Removing stm32f2xx_cryp.o(i.CRYP_GetFlagStatus), (28 bytes).
    Removing stm32f2xx_cryp.o(i.CRYP_GetITStatus), (20 bytes).
    Removing stm32f2xx_cryp.o(i.CRYP_ITConfig), (28 bytes).
    Removing stm32f2xx_cryp.o(i.CRYP_IVInit), (24 bytes).
    Removing stm32f2xx_cryp.o(i.CRYP_IVStructInit), (12 bytes).
    Removing stm32f2xx_cryp.o(i.CRYP_Init), (92 bytes).
    Removing stm32f2xx_cryp.o(i.CRYP_KeyInit), (40 bytes).
    Removing stm32f2xx_cryp.o(i.CRYP_KeyStructInit), (20 bytes).
    Removing stm32f2xx_cryp.o(i.CRYP_RestoreContext), (68 bytes).
    Removing stm32f2xx_cryp.o(i.CRYP_SaveContext), (144 bytes).
    Removing stm32f2xx_cryp.o(i.CRYP_StructInit), (12 bytes).
    Removing stm32f2xx_cryp_aes.o(i.CRYP_AES_CBC), (446 bytes).
    Removing stm32f2xx_cryp_aes.o(i.CRYP_AES_CTR), (390 bytes).
    Removing stm32f2xx_cryp_aes.o(i.CRYP_AES_ECB), (412 bytes).
    Removing stm32f2xx_cryp_des.o(i.CRYP_DES_CBC), (224 bytes).
    Removing stm32f2xx_cryp_des.o(i.CRYP_DES_ECB), (202 bytes).
    Removing stm32f2xx_cryp_tdes.o(i.CRYP_TDES_CBC), (248 bytes).
    Removing stm32f2xx_cryp_tdes.o(i.CRYP_TDES_ECB), (224 bytes).
    Removing stm32f2xx_dac.o(i.DAC_ClearFlag), (12 bytes).
    Removing stm32f2xx_dac.o(i.DAC_ClearITPendingBit), (12 bytes).
    Removing stm32f2xx_dac.o(i.DAC_Cmd), (24 bytes).
    Removing stm32f2xx_dac.o(i.DAC_DMACmd), (24 bytes).
    Removing stm32f2xx_dac.o(i.DAC_DeInit), (24 bytes).
    Removing stm32f2xx_dac.o(i.DAC_DualSoftwareTriggerCmd), (28 bytes).
    Removing stm32f2xx_dac.o(i.DAC_GetDataOutputValue), (24 bytes).
    Removing stm32f2xx_dac.o(i.DAC_GetFlagStatus), (24 bytes).
    Removing stm32f2xx_dac.o(i.DAC_GetITStatus), (36 bytes).
    Removing stm32f2xx_dac.o(i.DAC_ITConfig), (24 bytes).
    Removing stm32f2xx_dac.o(i.DAC_Init), (40 bytes).
    Removing stm32f2xx_dac.o(i.DAC_SetChannel1Data), (20 bytes).
    Removing stm32f2xx_dac.o(i.DAC_SetChannel2Data), (20 bytes).
    Removing stm32f2xx_dac.o(i.DAC_SetDualChannelData), (28 bytes).
    Removing stm32f2xx_dac.o(i.DAC_SoftwareTriggerCmd), (28 bytes).
    Removing stm32f2xx_dac.o(i.DAC_StructInit), (12 bytes).
    Removing stm32f2xx_dac.o(i.DAC_WaveGenerationCmd), (24 bytes).
    Removing stm32f2xx_dbgmcu.o(i.DBGMCU_APB1PeriphConfig), (24 bytes).
    Removing stm32f2xx_dbgmcu.o(i.DBGMCU_APB2PeriphConfig), (24 bytes).
    Removing stm32f2xx_dbgmcu.o(i.DBGMCU_Config), (24 bytes).
    Removing stm32f2xx_dbgmcu.o(i.DBGMCU_GetDEVID), (16 bytes).
    Removing stm32f2xx_dbgmcu.o(i.DBGMCU_GetREVID), (12 bytes).
    Removing stm32f2xx_dcmi.o(i.DCMI_CROPCmd), (28 bytes).
    Removing stm32f2xx_dcmi.o(i.DCMI_CROPConfig), (24 bytes).
    Removing stm32f2xx_dcmi.o(i.DCMI_CaptureCmd), (28 bytes).
    Removing stm32f2xx_dcmi.o(i.DCMI_ClearFlag), (12 bytes).
    Removing stm32f2xx_dcmi.o(i.DCMI_ClearITPendingBit), (12 bytes).
    Removing stm32f2xx_dcmi.o(i.DCMI_Cmd), (28 bytes).
    Removing stm32f2xx_dcmi.o(i.DCMI_DeInit), (28 bytes).
    Removing stm32f2xx_dcmi.o(i.DCMI_GetFlagStatus), (40 bytes).
    Removing stm32f2xx_dcmi.o(i.DCMI_GetITStatus), (20 bytes).
    Removing stm32f2xx_dcmi.o(i.DCMI_ITConfig), (28 bytes).
    Removing stm32f2xx_dcmi.o(i.DCMI_Init), (60 bytes).
    Removing stm32f2xx_dcmi.o(i.DCMI_JPEGCmd), (28 bytes).
    Removing stm32f2xx_dcmi.o(i.DCMI_ReadData), (12 bytes).
    Removing stm32f2xx_dcmi.o(i.DCMI_SetEmbeddedSynchroCodes), (20 bytes).
    Removing stm32f2xx_dcmi.o(i.DCMI_StructInit), (18 bytes).
    Removing stm32f2xx_dma.o(i.DMA_ClearFlag), (44 bytes).
    Removing stm32f2xx_dma.o(i.DMA_ClearITPendingBit), (44 bytes).
    Removing stm32f2xx_dma.o(i.DMA_Cmd), (20 bytes).
    Removing stm32f2xx_dma.o(i.DMA_DeInit), (292 bytes).
    Removing stm32f2xx_dma.o(i.DMA_DoubleBufferModeCmd), (20 bytes).
    Removing stm32f2xx_dma.o(i.DMA_DoubleBufferModeConfig), (22 bytes).
    Removing stm32f2xx_dma.o(i.DMA_FlowControllerConfig), (20 bytes).
    Removing stm32f2xx_dma.o(i.DMA_GetCmdStatus), (14 bytes).
    Removing stm32f2xx_dma.o(i.DMA_GetCurrDataCounter), (6 bytes).
    Removing stm32f2xx_dma.o(i.DMA_GetCurrentMemoryTarget), (14 bytes).
    Removing stm32f2xx_dma.o(i.DMA_GetFIFOStatus), (8 bytes).
    Removing stm32f2xx_dma.o(i.DMA_GetFlagStatus), (52 bytes).
    Removing stm32f2xx_dma.o(i.DMA_GetITStatus), (84 bytes).
    Removing stm32f2xx_dma.o(i.DMA_ITConfig), (44 bytes).
    Removing stm32f2xx_dma.o(i.DMA_Init), (84 bytes).
    Removing stm32f2xx_dma.o(i.DMA_MemoryTargetConfig), (10 bytes).
    Removing stm32f2xx_dma.o(i.DMA_PeriphIncOffsetSizeConfig), (20 bytes).
    Removing stm32f2xx_dma.o(i.DMA_SetCurrDataCounter), (4 bytes).
    Removing stm32f2xx_dma.o(i.DMA_StructInit), (34 bytes).
    Removing stm32f2xx_exti.o(i.EXTI_ClearFlag), (12 bytes).
    Removing stm32f2xx_exti.o(i.EXTI_ClearITPendingBit), (12 bytes).
    Removing stm32f2xx_exti.o(i.EXTI_DeInit), (36 bytes).
    Removing stm32f2xx_exti.o(i.EXTI_GenerateSWInterrupt), (16 bytes).
    Removing stm32f2xx_exti.o(i.EXTI_GetFlagStatus), (20 bytes).
    Removing stm32f2xx_exti.o(i.EXTI_GetITStatus), (32 bytes).
    Removing stm32f2xx_exti.o(i.EXTI_Init), (112 bytes).
    Removing stm32f2xx_exti.o(i.EXTI_StructInit), (14 bytes).
    Removing stm32f2xx_flash.o(i.FLASH_ClearFlag), (12 bytes).
    Removing stm32f2xx_flash.o(i.FLASH_DataCacheCmd), (28 bytes).
    Removing stm32f2xx_flash.o(i.FLASH_DataCacheReset), (16 bytes).
    Removing stm32f2xx_flash.o(i.FLASH_EraseAllSectors), (92 bytes).
    Removing stm32f2xx_flash.o(i.FLASH_EraseSector), (108 bytes).
    Removing stm32f2xx_flash.o(i.FLASH_GetFlagStatus), (20 bytes).
    Removing stm32f2xx_flash.o(i.FLASH_GetStatus), (52 bytes).
    Removing stm32f2xx_flash.o(i.FLASH_ITConfig), (24 bytes).
    Removing stm32f2xx_flash.o(i.FLASH_InstructionCacheCmd), (28 bytes).
    Removing stm32f2xx_flash.o(i.FLASH_InstructionCacheReset), (16 bytes).
    Removing stm32f2xx_flash.o(i.FLASH_Lock), (16 bytes).
    Removing stm32f2xx_flash.o(i.FLASH_OB_BORConfig), (24 bytes).
    Removing stm32f2xx_flash.o(i.FLASH_OB_GetBOR), (16 bytes).
    Removing stm32f2xx_flash.o(i.FLASH_OB_GetRDP), (20 bytes).
    Removing stm32f2xx_flash.o(i.FLASH_OB_GetUser), (16 bytes).
    Removing stm32f2xx_flash.o(i.FLASH_OB_GetWRP), (12 bytes).
    Removing stm32f2xx_flash.o(i.FLASH_OB_Launch), (20 bytes).
    Removing stm32f2xx_flash.o(i.FLASH_OB_Lock), (16 bytes).
    Removing stm32f2xx_flash.o(i.FLASH_OB_RDPConfig), (24 bytes).
    Removing stm32f2xx_flash.o(i.FLASH_OB_Unlock), (36 bytes).
    Removing stm32f2xx_flash.o(i.FLASH_OB_UserConfig), (40 bytes).
    Removing stm32f2xx_flash.o(i.FLASH_OB_WRPConfig), (36 bytes).
    Removing stm32f2xx_flash.o(i.FLASH_PrefetchBufferCmd), (28 bytes).
    Removing stm32f2xx_flash.o(i.FLASH_ProgramByte), (56 bytes).
    Removing stm32f2xx_flash.o(i.FLASH_ProgramDoubleWord), (64 bytes).
    Removing stm32f2xx_flash.o(i.FLASH_ProgramHalfWord), (60 bytes).
    Removing stm32f2xx_flash.o(i.FLASH_ProgramWord), (60 bytes).
    Removing stm32f2xx_flash.o(i.FLASH_SetLatency), (12 bytes).
    Removing stm32f2xx_flash.o(i.FLASH_Unlock), (36 bytes).
    Removing stm32f2xx_flash.o(i.FLASH_WaitForLastOperation), (30 bytes).
    Removing stm32f2xx_fsmc.o(i.FSMC_ClearFlag), (38 bytes).
    Removing stm32f2xx_fsmc.o(i.FSMC_ClearITPendingBit), (44 bytes).
    Removing stm32f2xx_fsmc.o(i.FSMC_GetECC), (18 bytes).
    Removing stm32f2xx_fsmc.o(i.FSMC_GetFlagStatus), (40 bytes).
    Removing stm32f2xx_fsmc.o(i.FSMC_GetITStatus), (48 bytes).
    Removing stm32f2xx_fsmc.o(i.FSMC_ITConfig), (72 bytes).
    Removing stm32f2xx_fsmc.o(i.FSMC_NANDCmd), (56 bytes).
    Removing stm32f2xx_fsmc.o(i.FSMC_NANDDeInit), (40 bytes).
    Removing stm32f2xx_fsmc.o(i.FSMC_NANDECCCmd), (56 bytes).
    Removing stm32f2xx_fsmc.o(i.FSMC_NANDInit), (104 bytes).
    Removing stm32f2xx_fsmc.o(i.FSMC_NANDStructInit), (54 bytes).
    Removing stm32f2xx_fsmc.o(i.FSMC_NORSRAMDeInit), (40 bytes).
    Removing stm32f2xx_fsmc.o(i.FSMC_NORSRAMStructInit), (98 bytes).
    Removing stm32f2xx_fsmc.o(i.FSMC_PCCARDCmd), (32 bytes).
    Removing stm32f2xx_fsmc.o(i.FSMC_PCCARDDeInit), (26 bytes).
    Removing stm32f2xx_fsmc.o(i.FSMC_PCCARDInit), (102 bytes).
    Removing stm32f2xx_fsmc.o(i.FSMC_PCCARDStructInit), (60 bytes).
    Removing stm32f2xx_gpio.o(i.GPIO_DeInit), (228 bytes).
    Removing stm32f2xx_gpio.o(i.GPIO_PinLockConfig), (24 bytes).
    Removing stm32f2xx_gpio.o(i.GPIO_ReadInputData), (6 bytes).
    Removing stm32f2xx_gpio.o(i.GPIO_ReadInputDataBit), (14 bytes).
    Removing stm32f2xx_gpio.o(i.GPIO_ReadOutputData), (6 bytes).
    Removing stm32f2xx_gpio.o(i.GPIO_ReadOutputDataBit), (14 bytes).
    Removing stm32f2xx_gpio.o(i.GPIO_ResetBits), (4 bytes).
    Removing stm32f2xx_gpio.o(i.GPIO_SetBits), (4 bytes).
    Removing stm32f2xx_gpio.o(i.GPIO_StructInit), (18 bytes).
    Removing stm32f2xx_gpio.o(i.GPIO_ToggleBits), (8 bytes).
    Removing stm32f2xx_gpio.o(i.GPIO_Write), (4 bytes).
    Removing stm32f2xx_gpio.o(i.GPIO_WriteBit), (10 bytes).
    Removing stm32f2xx_hash.o(i.HASH_ClearFlag), (12 bytes).
    Removing stm32f2xx_hash.o(i.HASH_ClearITPendingBit), (16 bytes).
    Removing stm32f2xx_hash.o(i.HASH_DMACmd), (28 bytes).
    Removing stm32f2xx_hash.o(i.HASH_DataIn), (12 bytes).
    Removing stm32f2xx_hash.o(i.HASH_DeInit), (22 bytes).
    Removing stm32f2xx_hash.o(i.HASH_GetDigest), (44 bytes).
    Removing stm32f2xx_hash.o(i.HASH_GetFlagStatus), (32 bytes).
    Removing stm32f2xx_hash.o(i.HASH_GetITStatus), (28 bytes).
    Removing stm32f2xx_hash.o(i.HASH_GetInFIFOWordsNbr), (16 bytes).
    Removing stm32f2xx_hash.o(i.HASH_ITConfig), (28 bytes).
    Removing stm32f2xx_hash.o(i.HASH_Init), (64 bytes).
    Removing stm32f2xx_hash.o(i.HASH_Reset), (16 bytes).
    Removing stm32f2xx_hash.o(i.HASH_RestoreContext), (68 bytes).
    Removing stm32f2xx_hash.o(i.HASH_SaveContext), (60 bytes).
    Removing stm32f2xx_hash.o(i.HASH_SetLastWordValidBitsNbr), (24 bytes).
    Removing stm32f2xx_hash.o(i.HASH_StartDigest), (16 bytes).
    Removing stm32f2xx_hash.o(i.HASH_StructInit), (12 bytes).
    Removing stm32f2xx_hash_md5.o(i.HASH_MD5), (158 bytes).
    Removing stm32f2xx_hash_md5.o(i.HMAC_MD5), (320 bytes).
    Removing stm32f2xx_hash_sha1.o(i.HASH_SHA1), (164 bytes).
    Removing stm32f2xx_hash_sha1.o(i.HMAC_SHA1), (324 bytes).
    Removing stm32f2xx_i2c.o(i.I2C_ARPCmd), (20 bytes).
    Removing stm32f2xx_i2c.o(i.I2C_AcknowledgeConfig), (20 bytes).
    Removing stm32f2xx_i2c.o(i.I2C_CalculatePEC), (20 bytes).
    Removing stm32f2xx_i2c.o(i.I2C_CheckEvent), (24 bytes).
    Removing stm32f2xx_i2c.o(i.I2C_ClearFlag), (6 bytes).
    Removing stm32f2xx_i2c.o(i.I2C_ClearITPendingBit), (6 bytes).
    Removing stm32f2xx_i2c.o(i.I2C_Cmd), (20 bytes).
    Removing stm32f2xx_i2c.o(i.I2C_DMACmd), (20 bytes).
    Removing stm32f2xx_i2c.o(i.I2C_DMALastTransferCmd), (20 bytes).
    Removing stm32f2xx_i2c.o(i.I2C_DeInit), (68 bytes).
    Removing stm32f2xx_i2c.o(i.I2C_DualAddressCmd), (20 bytes).
    Removing stm32f2xx_i2c.o(i.I2C_FastModeDutyCycleConfig), (22 bytes).
    Removing stm32f2xx_i2c.o(i.I2C_GeneralCallCmd), (20 bytes).
    Removing stm32f2xx_i2c.o(i.I2C_GenerateSTART), (20 bytes).
    Removing stm32f2xx_i2c.o(i.I2C_GenerateSTOP), (20 bytes).
    Removing stm32f2xx_i2c.o(i.I2C_GetFlagStatus), (42 bytes).
    Removing stm32f2xx_i2c.o(i.I2C_GetITStatus), (36 bytes).
    Removing stm32f2xx_i2c.o(i.I2C_GetLastEvent), (14 bytes).
    Removing stm32f2xx_i2c.o(i.I2C_GetPEC), (6 bytes).
    Removing stm32f2xx_i2c.o(i.I2C_ITConfig), (16 bytes).
    Removing stm32f2xx_i2c.o(i.I2C_Init), (184 bytes).
    Removing stm32f2xx_i2c.o(i.I2C_NACKPositionConfig), (22 bytes).
    Removing stm32f2xx_i2c.o(i.I2C_OwnAddress2Config), (16 bytes).
    Removing stm32f2xx_i2c.o(i.I2C_PECPositionConfig), (22 bytes).
    Removing stm32f2xx_i2c.o(i.I2C_ReadRegister), (10 bytes).
    Removing stm32f2xx_i2c.o(i.I2C_ReceiveData), (6 bytes).
    Removing stm32f2xx_i2c.o(i.I2C_SMBusAlertConfig), (22 bytes).
    Removing stm32f2xx_i2c.o(i.I2C_Send7bitAddress), (16 bytes).
    Removing stm32f2xx_i2c.o(i.I2C_SendData), (4 bytes).
    Removing stm32f2xx_i2c.o(i.I2C_SoftwareResetCmd), (20 bytes).
    Removing stm32f2xx_i2c.o(i.I2C_StretchClockCmd), (20 bytes).
    Removing stm32f2xx_i2c.o(i.I2C_StructInit), (28 bytes).
    Removing stm32f2xx_i2c.o(i.I2C_TransmitPEC), (20 bytes).
    Removing stm32f2xx_iwdg.o(i.IWDG_Enable), (16 bytes).
    Removing stm32f2xx_iwdg.o(i.IWDG_GetFlagStatus), (20 bytes).
    Removing stm32f2xx_iwdg.o(i.IWDG_ReloadCounter), (16 bytes).
    Removing stm32f2xx_iwdg.o(i.IWDG_SetPrescaler), (12 bytes).
    Removing stm32f2xx_iwdg.o(i.IWDG_SetReload), (12 bytes).
    Removing stm32f2xx_iwdg.o(i.IWDG_WriteAccessCmd), (12 bytes).
    Removing stm32f2xx_pwr.o(i.PWR_BackupAccessCmd), (12 bytes).
    Removing stm32f2xx_pwr.o(i.PWR_BackupRegulatorCmd), (12 bytes).
    Removing stm32f2xx_pwr.o(i.PWR_ClearFlag), (16 bytes).
    Removing stm32f2xx_pwr.o(i.PWR_DeInit), (24 bytes).
    Removing stm32f2xx_pwr.o(i.PWR_EnterSTANDBYMode), (40 bytes).
    Removing stm32f2xx_pwr.o(i.PWR_EnterSTOPMode), (52 bytes).
    Removing stm32f2xx_pwr.o(i.PWR_FlashPowerDownCmd), (12 bytes).
    Removing stm32f2xx_pwr.o(i.PWR_GetFlagStatus), (20 bytes).
    Removing stm32f2xx_pwr.o(i.PWR_PVDCmd), (12 bytes).
    Removing stm32f2xx_pwr.o(i.PWR_PVDLevelConfig), (20 bytes).
    Removing stm32f2xx_pwr.o(i.PWR_WakeUpPinCmd), (12 bytes).
    Removing stm32f2xx_rcc.o(i.RCC_AHB1PeriphClockLPModeCmd), (24 bytes).
    Removing stm32f2xx_rcc.o(i.RCC_AHB1PeriphResetCmd), (24 bytes).
    Removing stm32f2xx_rcc.o(i.RCC_AHB2PeriphClockCmd), (24 bytes).
    Removing stm32f2xx_rcc.o(i.RCC_AHB2PeriphClockLPModeCmd), (24 bytes).
    Removing stm32f2xx_rcc.o(i.RCC_AHB2PeriphResetCmd), (24 bytes).
    Removing stm32f2xx_rcc.o(i.RCC_AHB3PeriphClockLPModeCmd), (24 bytes).
    Removing stm32f2xx_rcc.o(i.RCC_AHB3PeriphResetCmd), (24 bytes).
    Removing stm32f2xx_rcc.o(i.RCC_APB1PeriphClockLPModeCmd), (24 bytes).
    Removing stm32f2xx_rcc.o(i.RCC_APB2PeriphClockLPModeCmd), (24 bytes).
    Removing stm32f2xx_rcc.o(i.RCC_APB2PeriphResetCmd), (24 bytes).
    Removing stm32f2xx_rcc.o(i.RCC_AdjustHSICalibrationValue), (20 bytes).
    Removing stm32f2xx_rcc.o(i.RCC_BackupResetCmd), (12 bytes).
    Removing stm32f2xx_rcc.o(i.RCC_ClearFlag), (16 bytes).
    Removing stm32f2xx_rcc.o(i.RCC_ClearITPendingBit), (12 bytes).
    Removing stm32f2xx_rcc.o(i.RCC_ClockSecuritySystemCmd), (12 bytes).
    Removing stm32f2xx_rcc.o(i.RCC_DeInit), (60 bytes).
    Removing stm32f2xx_rcc.o(i.RCC_GetClocksFreq), (148 bytes).
    Removing stm32f2xx_rcc.o(i.RCC_GetFlagStatus), (52 bytes).
    Removing stm32f2xx_rcc.o(i.RCC_GetITStatus), (20 bytes).
    Removing stm32f2xx_rcc.o(i.RCC_GetSYSCLKSource), (16 bytes).
    Removing stm32f2xx_rcc.o(i.RCC_HCLKConfig), (20 bytes).
    Removing stm32f2xx_rcc.o(i.RCC_HSEConfig), (16 bytes).
    Removing stm32f2xx_rcc.o(i.RCC_HSICmd), (12 bytes).
    Removing stm32f2xx_rcc.o(i.RCC_I2SCLKConfig), (12 bytes).
    Removing stm32f2xx_rcc.o(i.RCC_ITConfig), (24 bytes).
    Removing stm32f2xx_rcc.o(i.RCC_LSEConfig), (28 bytes).
    Removing stm32f2xx_rcc.o(i.RCC_LSICmd), (12 bytes).
    Removing stm32f2xx_rcc.o(i.RCC_MCO1Config), (20 bytes).
    Removing stm32f2xx_rcc.o(i.RCC_MCO2Config), (20 bytes).
    Removing stm32f2xx_rcc.o(i.RCC_PCLK1Config), (20 bytes).
    Removing stm32f2xx_rcc.o(i.RCC_PCLK2Config), (20 bytes).
    Removing stm32f2xx_rcc.o(i.RCC_PLLCmd), (12 bytes).
    Removing stm32f2xx_rcc.o(i.RCC_PLLConfig), (40 bytes).
    Removing stm32f2xx_rcc.o(i.RCC_PLLI2SCmd), (12 bytes).
    Removing stm32f2xx_rcc.o(i.RCC_PLLI2SConfig), (16 bytes).
    Removing stm32f2xx_rcc.o(i.RCC_RTCCLKCmd), (12 bytes).
    Removing stm32f2xx_rcc.o(i.RCC_RTCCLKConfig), (48 bytes).
    Removing stm32f2xx_rcc.o(i.RCC_SYSCLKConfig), (20 bytes).
    Removing stm32f2xx_rcc.o(i.RCC_WaitForHSEStartUp), (44 bytes).
    Removing stm32f2xx_rcc.o(.data), (16 bytes).
    Removing stm32f2xx_rng.o(i.RNG_ClearFlag), (16 bytes).
    Removing stm32f2xx_rng.o(i.RNG_ClearITPendingBit), (16 bytes).
    Removing stm32f2xx_rng.o(i.RNG_Cmd), (28 bytes).
    Removing stm32f2xx_rng.o(i.RNG_DeInit), (22 bytes).
    Removing stm32f2xx_rng.o(i.RNG_GetFlagStatus), (20 bytes).
    Removing stm32f2xx_rng.o(i.RNG_GetITStatus), (20 bytes).
    Removing stm32f2xx_rng.o(i.RNG_GetRandomNumber), (12 bytes).
    Removing stm32f2xx_rng.o(i.RNG_ITConfig), (28 bytes).
    Removing stm32f2xx_rtc.o(i.RTC_AlarmCmd), (84 bytes).
    Removing stm32f2xx_rtc.o(i.RTC_AlarmStructInit), (20 bytes).
    Removing stm32f2xx_rtc.o(i.RTC_Bcd2ToByte), (18 bytes).
    Removing stm32f2xx_rtc.o(i.RTC_ByteToBcd2), (24 bytes).
    Removing stm32f2xx_rtc.o(i.RTC_CalibOutputCmd), (44 bytes).
    Removing stm32f2xx_rtc.o(i.RTC_ClearFlag), (28 bytes).
    Removing stm32f2xx_rtc.o(i.RTC_ClearITPendingBit), (28 bytes).
    Removing stm32f2xx_rtc.o(i.RTC_CoarseCalibCmd), (60 bytes).
    Removing stm32f2xx_rtc.o(i.RTC_CoarseCalibConfig), (52 bytes).
    Removing stm32f2xx_rtc.o(i.RTC_DateStructInit), (14 bytes).
    Removing stm32f2xx_rtc.o(i.RTC_DayLightSavingConfig), (44 bytes).
    Removing stm32f2xx_rtc.o(i.RTC_DeInit), (152 bytes).
    Removing stm32f2xx_rtc.o(i.RTC_EnterInitMode), (60 bytes).
    Removing stm32f2xx_rtc.o(i.RTC_ExitInitMode), (16 bytes).
    Removing stm32f2xx_rtc.o(i.RTC_GetAlarm), (108 bytes).
    Removing stm32f2xx_rtc.o(i.RTC_GetDate), (72 bytes).
    Removing stm32f2xx_rtc.o(i.RTC_GetFlagStatus), (28 bytes).
    Removing stm32f2xx_rtc.o(i.RTC_GetITStatus), (56 bytes).
    Removing stm32f2xx_rtc.o(i.RTC_GetStoreOperation), (16 bytes).
    Removing stm32f2xx_rtc.o(i.RTC_GetTime), (76 bytes).
    Removing stm32f2xx_rtc.o(i.RTC_GetTimeStamp), (136 bytes).
    Removing stm32f2xx_rtc.o(i.RTC_GetWakeUpCounter), (12 bytes).
    Removing stm32f2xx_rtc.o(i.RTC_ITConfig), (64 bytes).
    Removing stm32f2xx_rtc.o(i.RTC_Init), (80 bytes).
    Removing stm32f2xx_rtc.o(i.RTC_OutputConfig), (44 bytes).
    Removing stm32f2xx_rtc.o(i.RTC_OutputTypeConfig), (24 bytes).
    Removing stm32f2xx_rtc.o(i.RTC_ReadBackupRegister), (20 bytes).
    Removing stm32f2xx_rtc.o(i.RTC_RefClockCmd), (60 bytes).
    Removing stm32f2xx_rtc.o(i.RTC_SetAlarm), (164 bytes).
    Removing stm32f2xx_rtc.o(i.RTC_SetDate), (144 bytes).
    Removing stm32f2xx_rtc.o(i.RTC_SetTime), (152 bytes).
    Removing stm32f2xx_rtc.o(i.RTC_SetWakeUpCounter), (28 bytes).
    Removing stm32f2xx_rtc.o(i.RTC_StructInit), (14 bytes).
    Removing stm32f2xx_rtc.o(i.RTC_TamperCmd), (24 bytes).
    Removing stm32f2xx_rtc.o(i.RTC_TamperPinSelection), (24 bytes).
    Removing stm32f2xx_rtc.o(i.RTC_TamperTriggerConfig), (28 bytes).
    Removing stm32f2xx_rtc.o(i.RTC_TimeStampCmd), (48 bytes).
    Removing stm32f2xx_rtc.o(i.RTC_TimeStampPinSelection), (24 bytes).
    Removing stm32f2xx_rtc.o(i.RTC_TimeStructInit), (12 bytes).
    Removing stm32f2xx_rtc.o(i.RTC_WaitForSynchro), (72 bytes).
    Removing stm32f2xx_rtc.o(i.RTC_WakeUpClockConfig), (40 bytes).
    Removing stm32f2xx_rtc.o(i.RTC_WakeUpCmd), (88 bytes).
    Removing stm32f2xx_rtc.o(i.RTC_WriteBackupRegister), (20 bytes).
    Removing stm32f2xx_rtc.o(i.RTC_WriteProtectionCmd), (24 bytes).
    Removing stm32f2xx_sdio.o(i.SDIO_CEATAITCmd), (16 bytes).
    Removing stm32f2xx_sdio.o(i.SDIO_ClearFlag), (12 bytes).
    Removing stm32f2xx_sdio.o(i.SDIO_ClearITPendingBit), (12 bytes).
    Removing stm32f2xx_sdio.o(i.SDIO_ClockCmd), (12 bytes).
    Removing stm32f2xx_sdio.o(i.SDIO_CmdStructInit), (14 bytes).
    Removing stm32f2xx_sdio.o(i.SDIO_CommandCompletionCmd), (12 bytes).
    Removing stm32f2xx_sdio.o(i.SDIO_DMACmd), (12 bytes).
    Removing stm32f2xx_sdio.o(i.SDIO_DataConfig), (48 bytes).
    Removing stm32f2xx_sdio.o(i.SDIO_DataStructInit), (20 bytes).
    Removing stm32f2xx_sdio.o(i.SDIO_DeInit), (24 bytes).
    Removing stm32f2xx_sdio.o(i.SDIO_GetCommandResponse), (12 bytes).
    Removing stm32f2xx_sdio.o(i.SDIO_GetDataCounter), (12 bytes).
    Removing stm32f2xx_sdio.o(i.SDIO_GetFIFOCount), (12 bytes).
    Removing stm32f2xx_sdio.o(i.SDIO_GetFlagStatus), (20 bytes).
    Removing stm32f2xx_sdio.o(i.SDIO_GetITStatus), (20 bytes).
    Removing stm32f2xx_sdio.o(i.SDIO_GetPowerState), (16 bytes).
    Removing stm32f2xx_sdio.o(i.SDIO_GetResponse), (16 bytes).
    Removing stm32f2xx_sdio.o(i.SDIO_ITConfig), (24 bytes).
    Removing stm32f2xx_sdio.o(i.SDIO_Init), (44 bytes).
    Removing stm32f2xx_sdio.o(i.SDIO_ReadData), (12 bytes).
    Removing stm32f2xx_sdio.o(i.SDIO_SendCEATACmd), (12 bytes).
    Removing stm32f2xx_sdio.o(i.SDIO_SendCommand), (40 bytes).
    Removing stm32f2xx_sdio.o(i.SDIO_SendSDIOSuspendCmd), (12 bytes).
    Removing stm32f2xx_sdio.o(i.SDIO_SetPowerState), (24 bytes).
    Removing stm32f2xx_sdio.o(i.SDIO_SetSDIOOperation), (12 bytes).
    Removing stm32f2xx_sdio.o(i.SDIO_SetSDIOReadWaitMode), (12 bytes).
    Removing stm32f2xx_sdio.o(i.SDIO_StartSDIOReadWait), (12 bytes).
    Removing stm32f2xx_sdio.o(i.SDIO_StopSDIOReadWait), (12 bytes).
    Removing stm32f2xx_sdio.o(i.SDIO_StructInit), (16 bytes).
    Removing stm32f2xx_sdio.o(i.SDIO_WriteData), (12 bytes).
    Removing stm32f2xx_spi.o(i.I2S_Cmd), (20 bytes).
    Removing stm32f2xx_spi.o(i.I2S_Init), (200 bytes).
    Removing stm32f2xx_spi.o(i.I2S_StructInit), (18 bytes).
    Removing stm32f2xx_spi.o(i.SPI_BiDirectionalLineConfig), (22 bytes).
    Removing stm32f2xx_spi.o(i.SPI_CalculateCRC), (20 bytes).
    Removing stm32f2xx_spi.o(i.SPI_Cmd), (20 bytes).
    Removing stm32f2xx_spi.o(i.SPI_DataSizeConfig), (16 bytes).
    Removing stm32f2xx_spi.o(i.SPI_GetCRC), (12 bytes).
    Removing stm32f2xx_spi.o(i.SPI_GetCRCPolynomial), (4 bytes).
    Removing stm32f2xx_spi.o(i.SPI_I2S_ClearFlag), (6 bytes).
    Removing stm32f2xx_spi.o(i.SPI_I2S_ClearITPendingBit), (14 bytes).
    Removing stm32f2xx_spi.o(i.SPI_I2S_DMACmd), (16 bytes).
    Removing stm32f2xx_spi.o(i.SPI_I2S_DeInit), (84 bytes).
    Removing stm32f2xx_spi.o(i.SPI_I2S_GetFlagStatus), (14 bytes).
    Removing stm32f2xx_spi.o(i.SPI_I2S_GetITStatus), (42 bytes).
    Removing stm32f2xx_spi.o(i.SPI_I2S_ITConfig), (24 bytes).
    Removing stm32f2xx_spi.o(i.SPI_I2S_ReceiveData), (4 bytes).
    Removing stm32f2xx_spi.o(i.SPI_I2S_SendData), (4 bytes).
    Removing stm32f2xx_spi.o(i.SPI_Init), (56 bytes).
    Removing stm32f2xx_spi.o(i.SPI_NSSInternalSoftwareConfig), (24 bytes).
    Removing stm32f2xx_spi.o(i.SPI_SSOutputCmd), (20 bytes).
    Removing stm32f2xx_spi.o(i.SPI_StructInit), (24 bytes).
    Removing stm32f2xx_spi.o(i.SPI_TIModeCmd), (20 bytes).
    Removing stm32f2xx_spi.o(i.SPI_TransmitCRC), (10 bytes).
    Removing stm32f2xx_syscfg.o(i.SYSCFG_CompensationCellCmd), (12 bytes).
    Removing stm32f2xx_syscfg.o(i.SYSCFG_DeInit), (24 bytes).
    Removing stm32f2xx_syscfg.o(i.SYSCFG_ETH_MediaInterfaceConfig), (12 bytes).
    Removing stm32f2xx_syscfg.o(i.SYSCFG_EXTILineConfig), (48 bytes).
    Removing stm32f2xx_syscfg.o(i.SYSCFG_GetCompensationCellStatus), (20 bytes).
    Removing stm32f2xx_syscfg.o(i.SYSCFG_MemoryRemapConfig), (12 bytes).
    Removing stm32f2xx_tim.o(i.TI1_Config), (46 bytes).
    Removing stm32f2xx_tim.o(i.TI2_Config), (54 bytes).
    Removing stm32f2xx_tim.o(i.TIM_ARRPreloadConfig), (20 bytes).
    Removing stm32f2xx_tim.o(i.TIM_BDTRConfig), (34 bytes).
    Removing stm32f2xx_tim.o(i.TIM_BDTRStructInit), (18 bytes).
    Removing stm32f2xx_tim.o(i.TIM_CCPreloadControl), (20 bytes).
    Removing stm32f2xx_tim.o(i.TIM_CCxCmd), (22 bytes).
    Removing stm32f2xx_tim.o(i.TIM_CCxNCmd), (22 bytes).
    Removing stm32f2xx_tim.o(i.TIM_ClearFlag), (6 bytes).
    Removing stm32f2xx_tim.o(i.TIM_ClearITPendingBit), (6 bytes).
    Removing stm32f2xx_tim.o(i.TIM_ClearOC1Ref), (12 bytes).
    Removing stm32f2xx_tim.o(i.TIM_ClearOC2Ref), (20 bytes).
    Removing stm32f2xx_tim.o(i.TIM_ClearOC3Ref), (12 bytes).
    Removing stm32f2xx_tim.o(i.TIM_ClearOC4Ref), (20 bytes).
    Removing stm32f2xx_tim.o(i.TIM_Cmd), (20 bytes).
    Removing stm32f2xx_tim.o(i.TIM_CounterModeConfig), (12 bytes).
    Removing stm32f2xx_tim.o(i.TIM_CtrlPWMOutputs), (22 bytes).
    Removing stm32f2xx_tim.o(i.TIM_DMACmd), (16 bytes).
    Removing stm32f2xx_tim.o(i.TIM_DMAConfig), (8 bytes).
    Removing stm32f2xx_tim.o(i.TIM_DeInit), (336 bytes).
    Removing stm32f2xx_tim.o(i.TIM_ETRClockMode1Config), (18 bytes).
    Removing stm32f2xx_tim.o(i.TIM_ETRClockMode2Config), (18 bytes).
    Removing stm32f2xx_tim.o(i.TIM_ETRConfig), (24 bytes).
    Removing stm32f2xx_tim.o(i.TIM_EncoderInterfaceConfig), (50 bytes).
    Removing stm32f2xx_tim.o(i.TIM_ForcedOC1Config), (12 bytes).
    Removing stm32f2xx_tim.o(i.TIM_ForcedOC2Config), (20 bytes).
    Removing stm32f2xx_tim.o(i.TIM_ForcedOC3Config), (12 bytes).
    Removing stm32f2xx_tim.o(i.TIM_ForcedOC4Config), (20 bytes).
    Removing stm32f2xx_tim.o(i.TIM_GenerateEvent), (4 bytes).
    Removing stm32f2xx_tim.o(i.TIM_GetCapture1), (4 bytes).
    Removing stm32f2xx_tim.o(i.TIM_GetCapture2), (4 bytes).
    Removing stm32f2xx_tim.o(i.TIM_GetCapture3), (4 bytes).
    Removing stm32f2xx_tim.o(i.TIM_GetCapture4), (4 bytes).
    Removing stm32f2xx_tim.o(i.TIM_GetCounter), (4 bytes).
    Removing stm32f2xx_tim.o(i.TIM_GetFlagStatus), (14 bytes).
    Removing stm32f2xx_tim.o(i.TIM_GetITStatus), (24 bytes).
    Removing stm32f2xx_tim.o(i.TIM_GetPrescaler), (4 bytes).
    Removing stm32f2xx_tim.o(i.TIM_ICInit), (172 bytes).
    Removing stm32f2xx_tim.o(i.TIM_ICStructInit), (16 bytes).
    Removing stm32f2xx_tim.o(i.TIM_ITConfig), (16 bytes).
    Removing stm32f2xx_tim.o(i.TIM_ITRxExternalClockConfig), (18 bytes).
    Removing stm32f2xx_tim.o(i.TIM_InternalClockConfig), (10 bytes).
    Removing stm32f2xx_tim.o(i.TIM_OC1FastConfig), (12 bytes).
    Removing stm32f2xx_tim.o(i.TIM_OC1Init), (96 bytes).
    Removing stm32f2xx_tim.o(i.TIM_OC1NPolarityConfig), (12 bytes).
    Removing stm32f2xx_tim.o(i.TIM_OC1PolarityConfig), (12 bytes).
    Removing stm32f2xx_tim.o(i.TIM_OC1PreloadConfig), (12 bytes).
    Removing stm32f2xx_tim.o(i.TIM_OC2FastConfig), (20 bytes).
    Removing stm32f2xx_tim.o(i.TIM_OC2Init), (128 bytes).
    Removing stm32f2xx_tim.o(i.TIM_OC2NPolarityConfig), (20 bytes).
    Removing stm32f2xx_tim.o(i.TIM_OC2PolarityConfig), (20 bytes).
    Removing stm32f2xx_tim.o(i.TIM_OC2PreloadConfig), (20 bytes).
    Removing stm32f2xx_tim.o(i.TIM_OC3FastConfig), (12 bytes).
    Removing stm32f2xx_tim.o(i.TIM_OC3Init), (124 bytes).
    Removing stm32f2xx_tim.o(i.TIM_OC3NPolarityConfig), (20 bytes).
    Removing stm32f2xx_tim.o(i.TIM_OC3PolarityConfig), (20 bytes).
    Removing stm32f2xx_tim.o(i.TIM_OC3PreloadConfig), (12 bytes).
    Removing stm32f2xx_tim.o(i.TIM_OC4FastConfig), (20 bytes).
    Removing stm32f2xx_tim.o(i.TIM_OC4Init), (96 bytes).
    Removing stm32f2xx_tim.o(i.TIM_OC4PolarityConfig), (20 bytes).
    Removing stm32f2xx_tim.o(i.TIM_OC4PreloadConfig), (20 bytes).
    Removing stm32f2xx_tim.o(i.TIM_OCStructInit), (20 bytes).
    Removing stm32f2xx_tim.o(i.TIM_PWMIConfig), (108 bytes).
    Removing stm32f2xx_tim.o(i.TIM_PrescalerConfig), (6 bytes).
    Removing stm32f2xx_tim.o(i.TIM_RemapConfig), (6 bytes).
    Removing stm32f2xx_tim.o(i.TIM_SelectCCDMA), (20 bytes).
    Removing stm32f2xx_tim.o(i.TIM_SelectCOM), (20 bytes).
    Removing stm32f2xx_tim.o(i.TIM_SelectHallSensor), (20 bytes).
    Removing stm32f2xx_tim.o(i.TIM_SelectInputTrigger), (12 bytes).
    Removing stm32f2xx_tim.o(i.TIM_SelectMasterSlaveMode), (16 bytes).
    Removing stm32f2xx_tim.o(i.TIM_SelectOCxM), (74 bytes).
    Removing stm32f2xx_tim.o(i.TIM_SelectOnePulseMode), (16 bytes).
    Removing stm32f2xx_tim.o(i.TIM_SelectOutputTrigger), (16 bytes).
    Removing stm32f2xx_tim.o(i.TIM_SelectSlaveMode), (16 bytes).
    Removing stm32f2xx_tim.o(i.TIM_SetAutoreload), (4 bytes).
    Removing stm32f2xx_tim.o(i.TIM_SetClockDivision), (16 bytes).
    Removing stm32f2xx_tim.o(i.TIM_SetCompare1), (4 bytes).
    Removing stm32f2xx_tim.o(i.TIM_SetCompare2), (4 bytes).
    Removing stm32f2xx_tim.o(i.TIM_SetCompare3), (4 bytes).
    Removing stm32f2xx_tim.o(i.TIM_SetCompare4), (4 bytes).
    Removing stm32f2xx_tim.o(i.TIM_SetCounter), (4 bytes).
    Removing stm32f2xx_tim.o(i.TIM_SetIC1Prescaler), (16 bytes).
    Removing stm32f2xx_tim.o(i.TIM_SetIC2Prescaler), (24 bytes).
    Removing stm32f2xx_tim.o(i.TIM_SetIC3Prescaler), (16 bytes).
    Removing stm32f2xx_tim.o(i.TIM_SetIC4Prescaler), (24 bytes).
    Removing stm32f2xx_tim.o(i.TIM_TIxExternalClockConfig), (46 bytes).
    Removing stm32f2xx_tim.o(i.TIM_TimeBaseInit), (124 bytes).
    Removing stm32f2xx_tim.o(i.TIM_TimeBaseStructInit), (18 bytes).
    Removing stm32f2xx_tim.o(i.TIM_UpdateDisableConfig), (20 bytes).
    Removing stm32f2xx_tim.o(i.TIM_UpdateRequestConfig), (20 bytes).
    Removing stm32f2xx_usart.o(i.USART_ClearFlag), (6 bytes).
    Removing stm32f2xx_usart.o(i.USART_ClearITPendingBit), (12 bytes).
    Removing stm32f2xx_usart.o(i.USART_ClockInit), (28 bytes).
    Removing stm32f2xx_usart.o(i.USART_ClockStructInit), (12 bytes).
    Removing stm32f2xx_usart.o(i.USART_Cmd), (20 bytes).
    Removing stm32f2xx_usart.o(i.USART_DMACmd), (16 bytes).
    Removing stm32f2xx_usart.o(i.USART_DeInit), (140 bytes).
    Removing stm32f2xx_usart.o(i.USART_GetFlagStatus), (14 bytes).
    Removing stm32f2xx_usart.o(i.USART_GetITStatus), (62 bytes).
    Removing stm32f2xx_usart.o(i.USART_HalfDuplexCmd), (20 bytes).
    Removing stm32f2xx_usart.o(i.USART_ITConfig), (48 bytes).
    Removing stm32f2xx_usart.o(i.USART_Init), (172 bytes).
    Removing stm32f2xx_usart.o(i.USART_IrDACmd), (20 bytes).
    Removing stm32f2xx_usart.o(i.USART_IrDAConfig), (16 bytes).
    Removing stm32f2xx_usart.o(i.USART_LINBreakDetectLengthConfig), (16 bytes).
    Removing stm32f2xx_usart.o(i.USART_LINCmd), (20 bytes).
    Removing stm32f2xx_usart.o(i.USART_OneBitMethodCmd), (20 bytes).
    Removing stm32f2xx_usart.o(i.USART_OverSampling8Cmd), (20 bytes).
    Removing stm32f2xx_usart.o(i.USART_ReceiveData), (8 bytes).
    Removing stm32f2xx_usart.o(i.USART_ReceiverWakeUpCmd), (20 bytes).
    Removing stm32f2xx_usart.o(i.USART_SendBreak), (10 bytes).
    Removing stm32f2xx_usart.o(i.USART_SendData), (8 bytes).
    Removing stm32f2xx_usart.o(i.USART_SetAddress), (16 bytes).
    Removing stm32f2xx_usart.o(i.USART_SetGuardTime), (16 bytes).
    Removing stm32f2xx_usart.o(i.USART_SetPrescaler), (16 bytes).
    Removing stm32f2xx_usart.o(i.USART_SmartCardCmd), (20 bytes).
    Removing stm32f2xx_usart.o(i.USART_SmartCardNACKCmd), (20 bytes).
    Removing stm32f2xx_usart.o(i.USART_StructInit), (22 bytes).
    Removing stm32f2xx_usart.o(i.USART_WakeUpConfig), (16 bytes).
    Removing system_stm32f2xx.o(i.SystemCoreClockUpdate), (124 bytes).
    Removing system_stm32f2xx.o(.data), (20 bytes).
    Removing startup_stm32f2xx.o(HEAP), (512 bytes).
    Removing dadd.o(.text), (334 bytes).
    Removing dmul.o(.text), (228 bytes).
    Removing ddiv.o(.text), (222 bytes).
    Removing dfixul.o(.text), (48 bytes).
    Removing cdrcmple.o(.text), (48 bytes).
    Removing depilogue.o(.text), (186 bytes).

630 unused section(s) (total 48716 bytes) removed from the image.

==============================================================================

Image Symbol Table

    Local Symbols

    Symbol Name                              Value     Ov Type        Size  Object(Section)

    ../clib/microlib/division.c              0x00000000   Number         0  uidiv.o ABSOLUTE
    ../clib/microlib/division.c              0x00000000   Number         0  uldiv.o ABSOLUTE
    ../clib/microlib/init/entry.s            0x00000000   Number         0  entry9b.o ABSOLUTE
    ../clib/microlib/init/entry.s            0x00000000   Number         0  entry2.o ABSOLUTE
    ../clib/microlib/init/entry.s            0x00000000   Number         0  entry11b.o ABSOLUTE
    ../clib/microlib/init/entry.s            0x00000000   Number         0  entry11a.o ABSOLUTE
    ../clib/microlib/init/entry.s            0x00000000   Number         0  entry10b.o ABSOLUTE
    ../clib/microlib/init/entry.s            0x00000000   Number         0  entry10a.o ABSOLUTE
    ../clib/microlib/init/entry.s            0x00000000   Number         0  entry.o ABSOLUTE
    ../clib/microlib/init/entry.s            0x00000000   Number         0  entry9a.o ABSOLUTE
    ../clib/microlib/init/entry.s            0x00000000   Number         0  entry8b.o ABSOLUTE
    ../clib/microlib/init/entry.s            0x00000000   Number         0  entry8a.o ABSOLUTE
    ../clib/microlib/init/entry.s            0x00000000   Number         0  entry7b.o ABSOLUTE
    ../clib/microlib/init/entry.s            0x00000000   Number         0  entry7a.o ABSOLUTE
    ../clib/microlib/init/entry.s            0x00000000   Number         0  entry5.o ABSOLUTE
    ../clib/microlib/longlong.c              0x00000000   Number         0  llsshr.o ABSOLUTE
    ../clib/microlib/longlong.c              0x00000000   Number         0  llushr.o ABSOLUTE
    ../clib/microlib/longlong.c              0x00000000   Number         0  llshl.o ABSOLUTE
    ../clib/microlib/printf/printf.c         0x00000000   Number         0  printfa.o ABSOLUTE
    ../clib/microlib/printf/printf.c         0x00000000   Number         0  printf8.o ABSOLUTE
    ../clib/microlib/printf/printf.c         0x00000000   Number         0  printf7.o ABSOLUTE
    ../clib/microlib/printf/printf.c         0x00000000   Number         0  printf6.o ABSOLUTE
    ../clib/microlib/printf/printf.c         0x00000000   Number         0  printf5.o ABSOLUTE
    ../clib/microlib/printf/printf.c         0x00000000   Number         0  printf4.o ABSOLUTE
    ../clib/microlib/printf/printf.c         0x00000000   Number         0  printf3.o ABSOLUTE
    ../clib/microlib/printf/printf.c         0x00000000   Number         0  printf1.o ABSOLUTE
    ../clib/microlib/printf/printf.c         0x00000000   Number         0  printfb.o ABSOLUTE
    ../clib/microlib/printf/printf.c         0x00000000   Number         0  printf2.o ABSOLUTE
    ../clib/microlib/printf/printf.c         0x00000000   Number         0  printf0.o ABSOLUTE
    ../clib/microlib/printf/stubs.s          0x00000000   Number         0  stubs.o ABSOLUTE
    ../clib/microlib/stdio/fputc.c           0x00000000   Number         0  fputc.o ABSOLUTE
    ../clib/microlib/stdio/semi.s            0x00000000   Number         0  semi.o ABSOLUTE
    ../clib/microlib/stdio/streams.c         0x00000000   Number         0  stdout.o ABSOLUTE
    ../clib/microlib/string/memset.c         0x00000000   Number         0  memseta.o ABSOLUTE
    ../clib/microlib/stubs.s                 0x00000000   Number         0  iusefp.o ABSOLUTE
    ../clib/microlib/stubs.s                 0x00000000   Number         0  iusesemip.o ABSOLUTE
    ../fplib/microlib/fpadd.c                0x00000000   Number         0  dadd.o ABSOLUTE
    ../fplib/microlib/fpdiv.c                0x00000000   Number         0  ddiv.o ABSOLUTE
    ../fplib/microlib/fpepilogue.c           0x00000000   Number         0  depilogue.o ABSOLUTE
    ../fplib/microlib/fpfix.c                0x00000000   Number         0  dfixul.o ABSOLUTE
    ../fplib/microlib/fpmul.c                0x00000000   Number         0  dmul.o ABSOLUTE
    ..\..\..\..\..\Libraries\CMSIS\CM3\DeviceSupport\ST\STM32F2xx\startup\arm\startup_stm32f2xx.s 0x00000000   Number         0  startup_stm32f2xx.o ABSOLUTE
    ..\..\..\..\..\Libraries\STM32F2xx_StdPeriph_Driver\src\misc.c 0x00000000   Number         0  misc.o ABSOLUTE
    ..\..\..\..\..\Libraries\STM32F2xx_StdPeriph_Driver\src\stm32f2xx_adc.c 0x00000000   Number         0  stm32f2xx_adc.o ABSOLUTE
    ..\..\..\..\..\Libraries\STM32F2xx_StdPeriph_Driver\src\stm32f2xx_can.c 0x00000000   Number         0  stm32f2xx_can.o ABSOLUTE
    ..\..\..\..\..\Libraries\STM32F2xx_StdPeriph_Driver\src\stm32f2xx_crc.c 0x00000000   Number         0  stm32f2xx_crc.o ABSOLUTE
    ..\..\..\..\..\Libraries\STM32F2xx_StdPeriph_Driver\src\stm32f2xx_cryp.c 0x00000000   Number         0  stm32f2xx_cryp.o ABSOLUTE
    ..\..\..\..\..\Libraries\STM32F2xx_StdPeriph_Driver\src\stm32f2xx_cryp_aes.c 0x00000000   Number         0  stm32f2xx_cryp_aes.o ABSOLUTE
    ..\..\..\..\..\Libraries\STM32F2xx_StdPeriph_Driver\src\stm32f2xx_cryp_des.c 0x00000000   Number         0  stm32f2xx_cryp_des.o ABSOLUTE
    ..\..\..\..\..\Libraries\STM32F2xx_StdPeriph_Driver\src\stm32f2xx_cryp_tdes.c 0x00000000   Number         0  stm32f2xx_cryp_tdes.o ABSOLUTE
    ..\..\..\..\..\Libraries\STM32F2xx_StdPeriph_Driver\src\stm32f2xx_dac.c 0x00000000   Number         0  stm32f2xx_dac.o ABSOLUTE
    ..\..\..\..\..\Libraries\STM32F2xx_StdPeriph_Driver\src\stm32f2xx_dbgmcu.c 0x00000000   Number         0  stm32f2xx_dbgmcu.o ABSOLUTE
    ..\..\..\..\..\Libraries\STM32F2xx_StdPeriph_Driver\src\stm32f2xx_dcmi.c 0x00000000   Number         0  stm32f2xx_dcmi.o ABSOLUTE
    ..\..\..\..\..\Libraries\STM32F2xx_StdPeriph_Driver\src\stm32f2xx_dma.c 0x00000000   Number         0  stm32f2xx_dma.o ABSOLUTE
    ..\..\..\..\..\Libraries\STM32F2xx_StdPeriph_Driver\src\stm32f2xx_exti.c 0x00000000   Number         0  stm32f2xx_exti.o ABSOLUTE
    ..\..\..\..\..\Libraries\STM32F2xx_StdPeriph_Driver\src\stm32f2xx_flash.c 0x00000000   Number         0  stm32f2xx_flash.o ABSOLUTE
    ..\..\..\..\..\Libraries\STM32F2xx_StdPeriph_Driver\src\stm32f2xx_fsmc.c 0x00000000   Number         0  stm32f2xx_fsmc.o ABSOLUTE
    ..\..\..\..\..\Libraries\STM32F2xx_StdPeriph_Driver\src\stm32f2xx_gpio.c 0x00000000   Number         0  stm32f2xx_gpio.o ABSOLUTE
    ..\..\..\..\..\Libraries\STM32F2xx_StdPeriph_Driver\src\stm32f2xx_hash.c 0x00000000   Number         0  stm32f2xx_hash.o ABSOLUTE
    ..\..\..\..\..\Libraries\STM32F2xx_StdPeriph_Driver\src\stm32f2xx_hash_md5.c 0x00000000   Number         0  stm32f2xx_hash_md5.o ABSOLUTE
    ..\..\..\..\..\Libraries\STM32F2xx_StdPeriph_Driver\src\stm32f2xx_hash_sha1.c 0x00000000   Number         0  stm32f2xx_hash_sha1.o ABSOLUTE
    ..\..\..\..\..\Libraries\STM32F2xx_StdPeriph_Driver\src\stm32f2xx_i2c.c 0x00000000   Number         0  stm32f2xx_i2c.o ABSOLUTE
    ..\..\..\..\..\Libraries\STM32F2xx_StdPeriph_Driver\src\stm32f2xx_iwdg.c 0x00000000   Number         0  stm32f2xx_iwdg.o ABSOLUTE
    ..\..\..\..\..\Libraries\STM32F2xx_StdPeriph_Driver\src\stm32f2xx_pwr.c 0x00000000   Number         0  stm32f2xx_pwr.o ABSOLUTE
    ..\..\..\..\..\Libraries\STM32F2xx_StdPeriph_Driver\src\stm32f2xx_rcc.c 0x00000000   Number         0  stm32f2xx_rcc.o ABSOLUTE
    ..\..\..\..\..\Libraries\STM32F2xx_StdPeriph_Driver\src\stm32f2xx_rng.c 0x00000000   Number         0  stm32f2xx_rng.o ABSOLUTE
    ..\..\..\..\..\Libraries\STM32F2xx_StdPeriph_Driver\src\stm32f2xx_rtc.c 0x00000000   Number         0  stm32f2xx_rtc.o ABSOLUTE
    ..\..\..\..\..\Libraries\STM32F2xx_StdPeriph_Driver\src\stm32f2xx_sdio.c 0x00000000   Number         0  stm32f2xx_sdio.o ABSOLUTE
    ..\..\..\..\..\Libraries\STM32F2xx_StdPeriph_Driver\src\stm32f2xx_spi.c 0x00000000   Number         0  stm32f2xx_spi.o ABSOLUTE
    ..\..\..\..\..\Libraries\STM32F2xx_StdPeriph_Driver\src\stm32f2xx_syscfg.c 0x00000000   Number         0  stm32f2xx_syscfg.o ABSOLUTE
    ..\..\..\..\..\Libraries\STM32F2xx_StdPeriph_Driver\src\stm32f2xx_tim.c 0x00000000   Number         0  stm32f2xx_tim.o ABSOLUTE
    ..\..\..\..\..\Libraries\STM32F2xx_StdPeriph_Driver\src\stm32f2xx_usart.c 0x00000000   Number         0  stm32f2xx_usart.o ABSOLUTE
    ..\..\..\..\..\Libraries\STM32F2xx_StdPeriph_Driver\src\stm32f2xx_wwdg.c 0x00000000   Number         0  stm32f2xx_wwdg.o ABSOLUTE
    ..\..\..\..\..\Utilities\STM32_EVAL\Common\ASC16.c 0x00000000   Number         0  asc16.o ABSOLUTE
    ..\..\..\..\..\Utilities\STM32_EVAL\Common\HzLib.c 0x00000000   Number         0  hzlib.o ABSOLUTE
    ..\..\..\..\..\Utilities\STM32_EVAL\Common\fonts.c 0x00000000   Number         0  fonts.o ABSOLUTE
    ..\..\..\..\..\Utilities\STM32_EVAL\Common\large_font.c 0x00000000   Number         0  large_font.o ABSOLUTE
    ..\..\..\..\..\Utilities\STM32_EVAL\STM322xG_EVAL\stm322xg_eval_lcd.c 0x00000000   Number         0  stm322xg_eval_lcd.o ABSOLUTE
    ..\..\..\..\..\Utilities\STM32_EVAL\STM322xG_EVAL\stm322xg_eval_systick.c 0x00000000   Number         0  stm322xg_eval_systick.o ABSOLUTE
    ..\..\..\..\..\Utilities\STM32_EVAL\stm32_eval.c 0x00000000   Number         0  stm32_eval.o ABSOLUTE
    ..\main.c                                0x00000000   Number         0  main.o ABSOLUTE
    ..\stm32f2xx_it.c                        0x00000000   Number         0  stm32f2xx_it.o ABSOLUTE
    ..\system_stm32f2xx.c                    0x00000000   Number         0  system_stm32f2xx.o ABSOLUTE
    cdrcmple.s                               0x00000000   Number         0  cdrcmple.o ABSOLUTE
    dc.s                                     0x00000000   Number         0  dc.o ABSOLUTE
    handlers.s                               0x00000000   Number         0  handlers.o ABSOLUTE
    init.s                                   0x00000000   Number         0  init.o ABSOLUTE
    RESET                                    0x08000000   Section      388  startup_stm32f2xx.o(RESET)
    .ARM.Collect$$$$00000000                 0x08000184   Section        0  entry.o(.ARM.Collect$$$$00000000)
    .ARM.Collect$$$$00000001                 0x08000184   Section        4  entry2.o(.ARM.Collect$$$$00000001)
    .ARM.Collect$$$$00000004                 0x08000188   Section        4  entry5.o(.ARM.Collect$$$$00000004)
    .ARM.Collect$$$$00000008                 0x0800018c   Section        0  entry7b.o(.ARM.Collect$$$$00000008)
    .ARM.Collect$$$$0000000A                 0x0800018c   Section        0  entry8b.o(.ARM.Collect$$$$0000000A)
    .ARM.Collect$$$$0000000B                 0x0800018c   Section        8  entry9a.o(.ARM.Collect$$$$0000000B)
    .ARM.Collect$$$$0000000D                 0x08000194   Section        0  entry10a.o(.ARM.Collect$$$$0000000D)
    .ARM.Collect$$$$0000000F                 0x08000194   Section        0  entry11a.o(.ARM.Collect$$$$0000000F)
    .ARM.Collect$$$$00002712                 0x08000194   Section        4  entry2.o(.ARM.Collect$$$$00002712)
    __lit__00000000                          0x08000194   Data           4  entry2.o(.ARM.Collect$$$$00002712)
    .text                                    0x08000198   Section       36  startup_stm32f2xx.o(.text)
    .text                                    0x080001bc   Section        0  memseta.o(.text)
    .text                                    0x080001e0   Section        0  uidiv.o(.text)
    .text                                    0x0800020c   Section       36  init.o(.text)
    i.BusFault_Handler                       0x08000230   Section        0  stm32f2xx_it.o(i.BusFault_Handler)
    i.CAN1_RX0_IRQHandler                    0x08000234   Section        0  stm32f2xx_it.o(i.CAN1_RX0_IRQHandler)
    i.CAN_Config                             0x080002cc   Section        0  main.o(i.CAN_Config)
    i.CAN_DeInit                             0x08000394   Section        0  stm32f2xx_can.o(i.CAN_DeInit)
    i.CAN_FilterInit                         0x080003c0   Section        0  stm32f2xx_can.o(i.CAN_FilterInit)
    i.CAN_ITConfig                           0x0800048c   Section        0  stm32f2xx_can.o(i.CAN_ITConfig)
    i.CAN_Init                               0x0800049c   Section        0  stm32f2xx_can.o(i.CAN_Init)
    i.CAN_Receive                            0x08000584   Section        0  stm32f2xx_can.o(i.CAN_Receive)
    i.CAN_StructInit                         0x08000614   Section        0  stm32f2xx_can.o(i.CAN_StructInit)
    i.CAN_Transmit                           0x08000634   Section        0  stm32f2xx_can.o(i.CAN_Transmit)
    i.DebugMon_Handler                       0x080006d8   Section        0  stm32f2xx_it.o(i.DebugMon_Handler)
    i.Display_Init                           0x080006dc   Section        0  main.o(i.Display_Init)
    i.FSMC_NORSRAMCmd                        0x08000784   Section        0  stm32f2xx_fsmc.o(i.FSMC_NORSRAMCmd)
    i.FSMC_NORSRAMInit                       0x080007a4   Section        0  stm32f2xx_fsmc.o(i.FSMC_NORSRAMInit)
    i.GPIO_Init                              0x0800086c   Section        0  stm32f2xx_gpio.o(i.GPIO_Init)
    i.GPIO_PinAFConfig                       0x0800090e   Section        0  stm32f2xx_gpio.o(i.GPIO_PinAFConfig)
    i.HardFault_Handler                      0x0800092e   Section        0  stm32f2xx_it.o(i.HardFault_Handler)
    i.LCD_Clear                              0x08000930   Section        0  stm322xg_eval_lcd.o(i.LCD_Clear)
    i.LCD_CtrlLinesConfig                    0x08000954   Section        0  stm322xg_eval_lcd.o(i.LCD_CtrlLinesConfig)
    i.LCD_Delay                              0x08000a90   Section        0  stm322xg_eval_lcd.o(i.LCD_Delay)
    i.LCD_DisplayString                      0x08000aa0   Section        0  stm322xg_eval_lcd.o(i.LCD_DisplayString)
    i.LCD_DisplayStringLine                  0x08000adc   Section        0  stm322xg_eval_lcd.o(i.LCD_DisplayStringLine)
    i.LCD_DrawChar                           0x08000ae8   Section        0  stm322xg_eval_lcd.o(i.LCD_DrawChar)
    i.LCD_FSMCConfig                         0x08000b90   Section        0  stm322xg_eval_lcd.o(i.LCD_FSMCConfig)
    i.LCD_GetFont                            0x08000bf0   Section        0  stm322xg_eval_lcd.o(i.LCD_GetFont)
    i.LCD_SetBackColor                       0x08000bfc   Section        0  stm322xg_eval_lcd.o(i.LCD_SetBackColor)
    i.LCD_SetCursor                          0x08000c0c   Section        0  stm322xg_eval_lcd.o(i.LCD_SetCursor)
    i.LCD_SetFont                            0x08000c24   Section        0  stm322xg_eval_lcd.o(i.LCD_SetFont)
    i.LCD_SetTextColor                       0x08000c30   Section        0  stm322xg_eval_lcd.o(i.LCD_SetTextColor)
    i.LCD_WriteReg                           0x08000c40   Section        0  stm322xg_eval_lcd.o(i.LCD_WriteReg)
    i.MemManage_Handler                      0x08000c50   Section        0  stm32f2xx_it.o(i.MemManage_Handler)
    i.NMI_Handler                            0x08000c52   Section        0  stm32f2xx_it.o(i.NMI_Handler)
    i.NVIC_Config                            0x08000c54   Section        0  main.o(i.NVIC_Config)
    i.NVIC_Init                              0x08000c74   Section        0  misc.o(i.NVIC_Init)
    i.PendSV_Handler                         0x08000cd8   Section        0  stm32f2xx_it.o(i.PendSV_Handler)
    i.RCC_AHB1PeriphClockCmd                 0x08000cdc   Section        0  stm32f2xx_rcc.o(i.RCC_AHB1PeriphClockCmd)
    i.RCC_AHB3PeriphClockCmd                 0x08000cf4   Section        0  stm32f2xx_rcc.o(i.RCC_AHB3PeriphClockCmd)
    i.RCC_APB1PeriphClockCmd                 0x08000d0c   Section        0  stm32f2xx_rcc.o(i.RCC_APB1PeriphClockCmd)
    i.RCC_APB1PeriphResetCmd                 0x08000d24   Section        0  stm32f2xx_rcc.o(i.RCC_APB1PeriphResetCmd)
    i.RCC_APB2PeriphClockCmd                 0x08000d3c   Section        0  stm32f2xx_rcc.o(i.RCC_APB2PeriphClockCmd)
    i.STM322xG_LCD_Init                      0x08000d54   Section        0  stm322xg_eval_lcd.o(i.STM322xG_LCD_Init)
    i.STM_EVAL_LEDInit                       0x080010dc   Section        0  stm32_eval.o(i.STM_EVAL_LEDInit)
    i.STM_EVAL_LEDOff                        0x08001120   Section        0  stm32_eval.o(i.STM_EVAL_LEDOff)
    i.SVC_Handler                            0x08001138   Section        0  stm32f2xx_it.o(i.SVC_Handler)
    i.SetSysClock                            0x0800113c   Section        0  system_stm32f2xx.o(i.SetSysClock)
    SetSysClock                              0x0800113d   Thumb Code   140  system_stm32f2xx.o(i.SetSysClock)
    i.SysTick_Handler                        0x080011d4   Section        0  stm32f2xx_it.o(i.SysTick_Handler)
    i.SystemInit                             0x080011d8   Section        0  system_stm32f2xx.o(i.SystemInit)
    i.UsageFault_Handler                     0x08001228   Section        0  stm32f2xx_it.o(i.UsageFault_Handler)
    i.__0sprintf$1                           0x0800122c   Section        0  printf1.o(i.__0sprintf$1)
    i.__scatterload_copy                     0x08001254   Section       14  handlers.o(i.__scatterload_copy)
    i.__scatterload_null                     0x08001262   Section        2  handlers.o(i.__scatterload_null)
    i.__scatterload_zeroinit                 0x08001264   Section       14  handlers.o(i.__scatterload_zeroinit)
    i._printf_core                           0x08001274   Section        0  printf1.o(i._printf_core)
    _printf_core                             0x08001275   Thumb Code   336  printf1.o(i._printf_core)
    i._sputc                                 0x080013c8   Section        0  printf1.o(i._sputc)
    _sputc                                   0x080013c9   Thumb Code    10  printf1.o(i._sputc)
    i.delay_ms                               0x080013d2   Section        0  stm322xg_eval_systick.o(i.delay_ms)
    i.main                                   0x080013f8   Section        0  main.o(i.main)
    .constdata                               0x080014c0   Section       68  stm32_eval.o(.constdata)
    .constdata                               0x08001504   Section     4560  fonts.o(.constdata)
    .constdata                               0x080026d4   Section     2304  fonts.o(.constdata)
    .data                                    0x20000000   Section       40  stm32_eval.o(.data)
    .data                                    0x20000028   Section       12  stm322xg_eval_lcd.o(.data)
    s_Transparent                            0x20000028   Data           1  stm322xg_eval_lcd.o(.data)
    LCD_Currentfonts                         0x20000030   Data           4  stm322xg_eval_lcd.o(.data)
    .data                                    0x20000034   Section        8  fonts.o(.data)
    .data                                    0x2000003c   Section        8  fonts.o(.data)
    .bss                                     0x20000044   Section       40  stm32f2xx_it.o(.bss)
    .bss                                     0x2000006c   Section       48  main.o(.bss)
    STACK                                    0x200000a0   Section     1024  startup_stm32f2xx.o(STACK)

    Global Symbols

    Symbol Name                              Value     Ov Type        Size  Object(Section)

    BuildAttributes$$THM_ISAv4$P$D$K$B$S$PE$A:L22UL41UL21$X:L11$S22US41US21$IEEE1$IW$USESV6$~STKCKD$USESV7$~SHL$OSPACE$ROPI$EBA8$MICROLIB$REQ8$PRES8$EABIv2 0x00000000   Number         0  anon$$obj.o ABSOLUTE
    __ARM_use_no_argv                        0x00000000   Number         0  main.o ABSOLUTE
    _printf_a                                0x00000000   Number         0  stubs.o ABSOLUTE
    _printf_c                                0x00000000   Number         0  stubs.o ABSOLUTE
    _printf_charcount                        0x00000000   Number         0  stubs.o ABSOLUTE
    _printf_d                                0x00000000   Number         0  stubs.o ABSOLUTE
    _printf_e                                0x00000000   Number         0  stubs.o ABSOLUTE
    _printf_f                                0x00000000   Number         0  stubs.o ABSOLUTE
    _printf_flags                            0x00000000   Number         0  stubs.o ABSOLUTE
    _printf_fp_dec                           0x00000000   Number         0  stubs.o ABSOLUTE
    _printf_fp_hex                           0x00000000   Number         0  stubs.o ABSOLUTE
    _printf_g                                0x00000000   Number         0  stubs.o ABSOLUTE
    _printf_i                                0x00000000   Number         0  stubs.o ABSOLUTE
    _printf_int_dec                          0x00000000   Number         0  stubs.o ABSOLUTE
    _printf_l                                0x00000000   Number         0  stubs.o ABSOLUTE
    _printf_lc                               0x00000000   Number         0  stubs.o ABSOLUTE
    _printf_ll                               0x00000000   Number         0  stubs.o ABSOLUTE
    _printf_lld                              0x00000000   Number         0  stubs.o ABSOLUTE
    _printf_lli                              0x00000000   Number         0  stubs.o ABSOLUTE
    _printf_llo                              0x00000000   Number         0  stubs.o ABSOLUTE
    _printf_llu                              0x00000000   Number         0  stubs.o ABSOLUTE
    _printf_llx                              0x00000000   Number         0  stubs.o ABSOLUTE
    _printf_longlong_dec                     0x00000000   Number         0  stubs.o ABSOLUTE
    _printf_longlong_hex                     0x00000000   Number         0  stubs.o ABSOLUTE
    _printf_longlong_oct                     0x00000000   Number         0  stubs.o ABSOLUTE
    _printf_ls                               0x00000000   Number         0  stubs.o ABSOLUTE
    _printf_mbtowc                           0x00000000   Number         0  stubs.o ABSOLUTE
    _printf_n                                0x00000000   Number         0  stubs.o ABSOLUTE
    _printf_o                                0x00000000   Number         0  stubs.o ABSOLUTE
    _printf_p                                0x00000000   Number         0  stubs.o ABSOLUTE
    _printf_percent                          0x00000000   Number         0  stubs.o ABSOLUTE
    _printf_pre_padding                      0x00000000   Number         0  stubs.o ABSOLUTE
    _printf_return_value                     0x00000000   Number         0  stubs.o ABSOLUTE
    _printf_s                                0x00000000   Number         0  stubs.o ABSOLUTE
    _printf_sizespec                         0x00000000   Number         0  stubs.o ABSOLUTE
    _printf_str                              0x00000000   Number         0  stubs.o ABSOLUTE
    _printf_truncate_signed                  0x00000000   Number         0  stubs.o ABSOLUTE
    _printf_truncate_unsigned                0x00000000   Number         0  stubs.o ABSOLUTE
    _printf_u                                0x00000000   Number         0  stubs.o ABSOLUTE
    _printf_wc                               0x00000000   Number         0  stubs.o ABSOLUTE
    _printf_wctomb                           0x00000000   Number         0  stubs.o ABSOLUTE
    _printf_widthprec                        0x00000000   Number         0  stubs.o ABSOLUTE
    _printf_x                                0x00000000   Number         0  stubs.o ABSOLUTE
    __cpp_initialize__aeabi_                  - Undefined Weak Reference
    __cxa_finalize                            - Undefined Weak Reference
    __decompress                              - Undefined Weak Reference
    _clock_init                               - Undefined Weak Reference
    _microlib_exit                            - Undefined Weak Reference
    __Vectors_Size                           0x00000184   Number         0  startup_stm32f2xx.o ABSOLUTE
    __Vectors                                0x08000000   Data           4  startup_stm32f2xx.o(RESET)
    __Vectors_End                            0x08000184   Data           0  startup_stm32f2xx.o(RESET)
    __main                                   0x08000185   Thumb Code     0  entry.o(.ARM.Collect$$$$00000000)
    _main_stk                                0x08000185   Thumb Code     0  entry2.o(.ARM.Collect$$$$00000001)
    _main_scatterload                        0x08000189   Thumb Code     0  entry5.o(.ARM.Collect$$$$00000004)
    __main_after_scatterload                 0x0800018d   Thumb Code     0  entry5.o(.ARM.Collect$$$$00000004)
    _main_clock                              0x0800018d   Thumb Code     0  entry7b.o(.ARM.Collect$$$$00000008)
    _main_cpp_init                           0x0800018d   Thumb Code     0  entry8b.o(.ARM.Collect$$$$0000000A)
    _main_init                               0x0800018d   Thumb Code     0  entry9a.o(.ARM.Collect$$$$0000000B)
    __rt_final_cpp                           0x08000195   Thumb Code     0  entry10a.o(.ARM.Collect$$$$0000000D)
    __rt_final_exit                          0x08000195   Thumb Code     0  entry11a.o(.ARM.Collect$$$$0000000F)
    Reset_Handler                            0x08000199   Thumb Code     8  startup_stm32f2xx.o(.text)
    ADC_IRQHandler                           0x080001b3   Thumb Code     0  startup_stm32f2xx.o(.text)
    CAN1_RX1_IRQHandler                      0x080001b3   Thumb Code     0  startup_stm32f2xx.o(.text)
    CAN1_SCE_IRQHandler                      0x080001b3   Thumb Code     0  startup_stm32f2xx.o(.text)
    CAN1_TX_IRQHandler                       0x080001b3   Thumb Code     0  startup_stm32f2xx.o(.text)
    CAN2_RX0_IRQHandler                      0x080001b3   Thumb Code     0  startup_stm32f2xx.o(.text)
    CAN2_RX1_IRQHandler                      0x080001b3   Thumb Code     0  startup_stm32f2xx.o(.text)
    CAN2_SCE_IRQHandler                      0x080001b3   Thumb Code     0  startup_stm32f2xx.o(.text)
    CAN2_TX_IRQHandler                       0x080001b3   Thumb Code     0  startup_stm32f2xx.o(.text)
    CRYP_IRQHandler                          0x080001b3   Thumb Code     0  startup_stm32f2xx.o(.text)
    DCMI_IRQHandler                          0x080001b3   Thumb Code     0  startup_stm32f2xx.o(.text)
    DMA1_Stream0_IRQHandler                  0x080001b3   Thumb Code     0  startup_stm32f2xx.o(.text)
    DMA1_Stream1_IRQHandler                  0x080001b3   Thumb Code     0  startup_stm32f2xx.o(.text)
    DMA1_Stream2_IRQHandler                  0x080001b3   Thumb Code     0  startup_stm32f2xx.o(.text)
    DMA1_Stream3_IRQHandler                  0x080001b3   Thumb Code     0  startup_stm32f2xx.o(.text)
    DMA1_Stream4_IRQHandler                  0x080001b3   Thumb Code     0  startup_stm32f2xx.o(.text)
    DMA1_Stream5_IRQHandler                  0x080001b3   Thumb Code     0  startup_stm32f2xx.o(.text)
    DMA1_Stream6_IRQHandler                  0x080001b3   Thumb Code     0  startup_stm32f2xx.o(.text)
    DMA1_Stream7_IRQHandler                  0x080001b3   Thumb Code     0  startup_stm32f2xx.o(.text)
    DMA2_Stream0_IRQHandler                  0x080001b3   Thumb Code     0  startup_stm32f2xx.o(.text)
    DMA2_Stream1_IRQHandler                  0x080001b3   Thumb Code     0  startup_stm32f2xx.o(.text)
    DMA2_Stream2_IRQHandler                  0x080001b3   Thumb Code     0  startup_stm32f2xx.o(.text)
    DMA2_Stream3_IRQHandler                  0x080001b3   Thumb Code     0  startup_stm32f2xx.o(.text)
    DMA2_Stream4_IRQHandler                  0x080001b3   Thumb Code     0  startup_stm32f2xx.o(.text)
    DMA2_Stream5_IRQHandler                  0x080001b3   Thumb Code     0  startup_stm32f2xx.o(.text)
    DMA2_Stream6_IRQHandler                  0x080001b3   Thumb Code     0  startup_stm32f2xx.o(.text)
    DMA2_Stream7_IRQHandler                  0x080001b3   Thumb Code     0  startup_stm32f2xx.o(.text)
    ETH_IRQHandler                           0x080001b3   Thumb Code     0  startup_stm32f2xx.o(.text)
    ETH_WKUP_IRQHandler                      0x080001b3   Thumb Code     0  startup_stm32f2xx.o(.text)
    EXTI0_IRQHandler                         0x080001b3   Thumb Code     0  startup_stm32f2xx.o(.text)
    EXTI15_10_IRQHandler                     0x080001b3   Thumb Code     0  startup_stm32f2xx.o(.text)
    EXTI1_IRQHandler                         0x080001b3   Thumb Code     0  startup_stm32f2xx.o(.text)
    EXTI2_IRQHandler                         0x080001b3   Thumb Code     0  startup_stm32f2xx.o(.text)
    EXTI3_IRQHandler                         0x080001b3   Thumb Code     0  startup_stm32f2xx.o(.text)
    EXTI4_IRQHandler                         0x080001b3   Thumb Code     0  startup_stm32f2xx.o(.text)
    EXTI9_5_IRQHandler                       0x080001b3   Thumb Code     0  startup_stm32f2xx.o(.text)
    FLASH_IRQHandler                         0x080001b3   Thumb Code     0  startup_stm32f2xx.o(.text)
    FSMC_IRQHandler                          0x080001b3   Thumb Code     0  startup_stm32f2xx.o(.text)
    HASH_RNG_IRQHandler                      0x080001b3   Thumb Code     0  startup_stm32f2xx.o(.text)
    I2C1_ER_IRQHandler                       0x080001b3   Thumb Code     0  startup_stm32f2xx.o(.text)
    I2C1_EV_IRQHandler                       0x080001b3   Thumb Code     0  startup_stm32f2xx.o(.text)
    I2C2_ER_IRQHandler                       0x080001b3   Thumb Code     0  startup_stm32f2xx.o(.text)
    I2C2_EV_IRQHandler                       0x080001b3   Thumb Code     0  startup_stm32f2xx.o(.text)
    I2C3_ER_IRQHandler                       0x080001b3   Thumb Code     0  startup_stm32f2xx.o(.text)
    I2C3_EV_IRQHandler                       0x080001b3   Thumb Code     0  startup_stm32f2xx.o(.text)
    OTG_FS_IRQHandler                        0x080001b3   Thumb Code     0  startup_stm32f2xx.o(.text)
    OTG_FS_WKUP_IRQHandler                   0x080001b3   Thumb Code     0  startup_stm32f2xx.o(.text)
    OTG_HS_EP1_IN_IRQHandler                 0x080001b3   Thumb Code     0  startup_stm32f2xx.o(.text)
    OTG_HS_EP1_OUT_IRQHandler                0x080001b3   Thumb Code     0  startup_stm32f2xx.o(.text)
    OTG_HS_IRQHandler                        0x080001b3   Thumb Code     0  startup_stm32f2xx.o(.text)
    OTG_HS_WKUP_IRQHandler                   0x080001b3   Thumb Code     0  startup_stm32f2xx.o(.text)
    PVD_IRQHandler                           0x080001b3   Thumb Code     0  startup_stm32f2xx.o(.text)
    RCC_IRQHandler                           0x080001b3   Thumb Code     0  startup_stm32f2xx.o(.text)
    RTC_Alarm_IRQHandler                     0x080001b3   Thumb Code     0  startup_stm32f2xx.o(.text)
    RTC_WKUP_IRQHandler                      0x080001b3   Thumb Code     0  startup_stm32f2xx.o(.text)
    SDIO_IRQHandler                          0x080001b3   Thumb Code     0  startup_stm32f2xx.o(.text)
    SPI1_IRQHandler                          0x080001b3   Thumb Code     0  startup_stm32f2xx.o(.text)
    SPI2_IRQHandler                          0x080001b3   Thumb Code     0  startup_stm32f2xx.o(.text)
    SPI3_IRQHandler                          0x080001b3   Thumb Code     0  startup_stm32f2xx.o(.text)
    TAMP_STAMP_IRQHandler                    0x080001b3   Thumb Code     0  startup_stm32f2xx.o(.text)
    TIM1_BRK_TIM9_IRQHandler                 0x080001b3   Thumb Code     0  startup_stm32f2xx.o(.text)
    TIM1_CC_IRQHandler                       0x080001b3   Thumb Code     0  startup_stm32f2xx.o(.text)
    TIM1_TRG_COM_TIM11_IRQHandler            0x080001b3   Thumb Code     0  startup_stm32f2xx.o(.text)
    TIM1_UP_TIM10_IRQHandler                 0x080001b3   Thumb Code     0  startup_stm32f2xx.o(.text)
    TIM2_IRQHandler                          0x080001b3   Thumb Code     0  startup_stm32f2xx.o(.text)
    TIM3_IRQHandler                          0x080001b3   Thumb Code     0  startup_stm32f2xx.o(.text)
    TIM4_IRQHandler                          0x080001b3   Thumb Code     0  startup_stm32f2xx.o(.text)
    TIM5_IRQHandler                          0x080001b3   Thumb Code     0  startup_stm32f2xx.o(.text)
    TIM6_DAC_IRQHandler                      0x080001b3   Thumb Code     0  startup_stm32f2xx.o(.text)
    TIM7_IRQHandler                          0x080001b3   Thumb Code     0  startup_stm32f2xx.o(.text)
    TIM8_BRK_TIM12_IRQHandler                0x080001b3   Thumb Code     0  startup_stm32f2xx.o(.text)
    TIM8_CC_IRQHandler                       0x080001b3   Thumb Code     0  startup_stm32f2xx.o(.text)
    TIM8_TRG_COM_TIM14_IRQHandler            0x080001b3   Thumb Code     0  startup_stm32f2xx.o(.text)
    TIM8_UP_TIM13_IRQHandler                 0x080001b3   Thumb Code     0  startup_stm32f2xx.o(.text)
    UART4_IRQHandler                         0x080001b3   Thumb Code     0  startup_stm32f2xx.o(.text)
    UART5_IRQHandler                         0x080001b3   Thumb Code     0  startup_stm32f2xx.o(.text)
    USART1_IRQHandler                        0x080001b3   Thumb Code     0  startup_stm32f2xx.o(.text)
    USART2_IRQHandler                        0x080001b3   Thumb Code     0  startup_stm32f2xx.o(.text)
    USART3_IRQHandler                        0x080001b3   Thumb Code     0  startup_stm32f2xx.o(.text)
    USART6_IRQHandler                        0x080001b3   Thumb Code     0  startup_stm32f2xx.o(.text)
    WWDG_IRQHandler                          0x080001b3   Thumb Code     0  startup_stm32f2xx.o(.text)
    __aeabi_memset                           0x080001bd   Thumb Code    14  memseta.o(.text)
    __aeabi_memset4                          0x080001bd   Thumb Code     0  memseta.o(.text)
    __aeabi_memset8                          0x080001bd   Thumb Code     0  memseta.o(.text)
    __aeabi_memclr                           0x080001cb   Thumb Code     4  memseta.o(.text)
    __aeabi_memclr4                          0x080001cb   Thumb Code     0  memseta.o(.text)
    __aeabi_memclr8                          0x080001cb   Thumb Code     0  memseta.o(.text)
    _memset$wrapper                          0x080001cf   Thumb Code    18  memseta.o(.text)
    __aeabi_uidiv                            0x080001e1   Thumb Code     0  uidiv.o(.text)
    __aeabi_uidivmod                         0x080001e1   Thumb Code    44  uidiv.o(.text)
    __scatterload                            0x0800020d   Thumb Code    28  init.o(.text)
    __scatterload_rt2                        0x0800020d   Thumb Code     0  init.o(.text)
    BusFault_Handler                         0x08000231   Thumb Code     2  stm32f2xx_it.o(i.BusFault_Handler)
    CAN1_RX0_IRQHandler                      0x08000235   Thumb Code    98  stm32f2xx_it.o(i.CAN1_RX0_IRQHandler)
    CAN_Config                               0x080002cd   Thumb Code   186  main.o(i.CAN_Config)
    CAN_DeInit                               0x08000395   Thumb Code    38  stm32f2xx_can.o(i.CAN_DeInit)
    CAN_FilterInit                           0x080003c1   Thumb Code   194  stm32f2xx_can.o(i.CAN_FilterInit)
    CAN_ITConfig                             0x0800048d   Thumb Code    16  stm32f2xx_can.o(i.CAN_ITConfig)
    CAN_Init                                 0x0800049d   Thumb Code   232  stm32f2xx_can.o(i.CAN_Init)
    CAN_Receive                              0x08000585   Thumb Code   144  stm32f2xx_can.o(i.CAN_Receive)
    CAN_StructInit                           0x08000615   Thumb Code    32  stm32f2xx_can.o(i.CAN_StructInit)
    CAN_Transmit                             0x08000635   Thumb Code   164  stm32f2xx_can.o(i.CAN_Transmit)
    DebugMon_Handler                         0x080006d9   Thumb Code     2  stm32f2xx_it.o(i.DebugMon_Handler)
    Display_Init                             0x080006dd   Thumb Code    90  main.o(i.Display_Init)
    FSMC_NORSRAMCmd                          0x08000785   Thumb Code    26  stm32f2xx_fsmc.o(i.FSMC_NORSRAMCmd)
    FSMC_NORSRAMInit                         0x080007a5   Thumb Code   200  stm32f2xx_fsmc.o(i.FSMC_NORSRAMInit)
    GPIO_Init                                0x0800086d   Thumb Code   162  stm32f2xx_gpio.o(i.GPIO_Init)
    GPIO_PinAFConfig                         0x0800090f   Thumb Code    32  stm32f2xx_gpio.o(i.GPIO_PinAFConfig)
    HardFault_Handler                        0x0800092f   Thumb Code     2  stm32f2xx_it.o(i.HardFault_Handler)
    LCD_Clear                                0x08000931   Thumb Code    36  stm322xg_eval_lcd.o(i.LCD_Clear)
    LCD_CtrlLinesConfig                      0x08000955   Thumb Code   298  stm322xg_eval_lcd.o(i.LCD_CtrlLinesConfig)
    LCD_Delay                                0x08000a91   Thumb Code    16  stm322xg_eval_lcd.o(i.LCD_Delay)
    LCD_DisplayString                        0x08000aa1   Thumb Code    54  stm322xg_eval_lcd.o(i.LCD_DisplayString)
    LCD_DisplayStringLine                    0x08000add   Thumb Code    12  stm322xg_eval_lcd.o(i.LCD_DisplayStringLine)
    LCD_DrawChar                             0x08000ae9   Thumb Code   162  stm322xg_eval_lcd.o(i.LCD_DrawChar)
    LCD_FSMCConfig                           0x08000b91   Thumb Code    96  stm322xg_eval_lcd.o(i.LCD_FSMCConfig)
    LCD_GetFont                              0x08000bf1   Thumb Code     6  stm322xg_eval_lcd.o(i.LCD_GetFont)
    LCD_SetBackColor                         0x08000bfd   Thumb Code    12  stm322xg_eval_lcd.o(i.LCD_SetBackColor)
    LCD_SetCursor                            0x08000c0d   Thumb Code    22  stm322xg_eval_lcd.o(i.LCD_SetCursor)
    LCD_SetFont                              0x08000c25   Thumb Code     6  stm322xg_eval_lcd.o(i.LCD_SetFont)
    LCD_SetTextColor                         0x08000c31   Thumb Code    12  stm322xg_eval_lcd.o(i.LCD_SetTextColor)
    LCD_WriteReg                             0x08000c41   Thumb Code    16  stm322xg_eval_lcd.o(i.LCD_WriteReg)
    MemManage_Handler                        0x08000c51   Thumb Code     2  stm32f2xx_it.o(i.MemManage_Handler)
    NMI_Handler                              0x08000c53   Thumb Code     2  stm32f2xx_it.o(i.NMI_Handler)
    NVIC_Config                              0x08000c55   Thumb Code    32  main.o(i.NVIC_Config)
    NVIC_Init                                0x08000c75   Thumb Code    96  misc.o(i.NVIC_Init)
    PendSV_Handler                           0x08000cd9   Thumb Code     2  stm32f2xx_it.o(i.PendSV_Handler)
    RCC_AHB1PeriphClockCmd                   0x08000cdd   Thumb Code    18  stm32f2xx_rcc.o(i.RCC_AHB1PeriphClockCmd)
    RCC_AHB3PeriphClockCmd                   0x08000cf5   Thumb Code    18  stm32f2xx_rcc.o(i.RCC_AHB3PeriphClockCmd)
    RCC_APB1PeriphClockCmd                   0x08000d0d   Thumb Code    18  stm32f2xx_rcc.o(i.RCC_APB1PeriphClockCmd)
    RCC_APB1PeriphResetCmd                   0x08000d25   Thumb Code    18  stm32f2xx_rcc.o(i.RCC_APB1PeriphResetCmd)
    RCC_APB2PeriphClockCmd                   0x08000d3d   Thumb Code    18  stm32f2xx_rcc.o(i.RCC_APB2PeriphClockCmd)
    STM322xG_LCD_Init                        0x08000d55   Thumb Code   900  stm322xg_eval_lcd.o(i.STM322xG_LCD_Init)
    STM_EVAL_LEDInit                         0x080010dd   Thumb Code    60  stm32_eval.o(i.STM_EVAL_LEDInit)
    STM_EVAL_LEDOff                          0x08001121   Thumb Code    16  stm32_eval.o(i.STM_EVAL_LEDOff)
    SVC_Handler                              0x08001139   Thumb Code     2  stm32f2xx_it.o(i.SVC_Handler)
    SysTick_Handler                          0x080011d5   Thumb Code     2  stm32f2xx_it.o(i.SysTick_Handler)
    SystemInit                               0x080011d9   Thumb Code    62  system_stm32f2xx.o(i.SystemInit)
    UsageFault_Handler                       0x08001229   Thumb Code     2  stm32f2xx_it.o(i.UsageFault_Handler)
    __0sprintf$1                             0x0800122d   Thumb Code    34  printf1.o(i.__0sprintf$1)
    __1sprintf$1                             0x0800122d   Thumb Code     0  printf1.o(i.__0sprintf$1)
    __2sprintf                               0x0800122d   Thumb Code     0  printf1.o(i.__0sprintf$1)
    __scatterload_copy                       0x08001255   Thumb Code    14  handlers.o(i.__scatterload_copy)
    __scatterload_null                       0x08001263   Thumb Code     2  handlers.o(i.__scatterload_null)
    __scatterload_zeroinit                   0x08001265   Thumb Code    14  handlers.o(i.__scatterload_zeroinit)
    delay_ms                                 0x080013d3   Thumb Code    36  stm322xg_eval_systick.o(i.delay_ms)
    main                                     0x080013f9   Thumb Code   148  main.o(i.main)
    COM_TX_PIN_SOURCE                        0x080014c0   Data           1  stm32_eval.o(.constdata)
    COM_RX_PIN_SOURCE                        0x080014c1   Data           1  stm32_eval.o(.constdata)
    COM_TX_AF                                0x080014c2   Data           1  stm32_eval.o(.constdata)
    COM_RX_AF                                0x080014c3   Data           1  stm32_eval.o(.constdata)
    BUTTON_PORT_SOURCE                       0x080014c4   Data           2  stm32_eval.o(.constdata)
    BUTTON_PIN_SOURCE                        0x080014c6   Data           2  stm32_eval.o(.constdata)
    BUTTON_IRQn                              0x080014c8   Data           2  stm32_eval.o(.constdata)
    COM_TX_PIN                               0x080014ca   Data           2  stm32_eval.o(.constdata)
    COM_RX_PIN                               0x080014cc   Data           2  stm32_eval.o(.constdata)
    BUTTON_PIN                               0x080014ce   Data           4  stm32_eval.o(.constdata)
    BUTTON_EXTI_LINE                         0x080014d2   Data           4  stm32_eval.o(.constdata)
    COM_USART_CLK                            0x080014d8   Data           4  stm32_eval.o(.constdata)
    COM_TX_PORT_CLK                          0x080014dc   Data           4  stm32_eval.o(.constdata)
    COM_RX_PORT_CLK                          0x080014e0   Data           4  stm32_eval.o(.constdata)
    GPIO_PIN                                 0x080014e4   Data           8  stm32_eval.o(.constdata)
    BUTTON_CLK                               0x080014ec   Data           8  stm32_eval.o(.constdata)
    GPIO_CLK                                 0x080014f4   Data          16  stm32_eval.o(.constdata)
    ASCII16x24_Table                         0x08001504   Data        4560  fonts.o(.constdata)
    ASCII8x12_Table                          0x080026d4   Data        2304  fonts.o(.constdata)
    Region$$Table$$Base                      0x08002fd4   Number         0  anon$$obj.o(Region$$Table)
    Region$$Table$$Limit                     0x08002ff4   Number         0  anon$$obj.o(Region$$Table)
    COM_USART                                0x20000000   Data           4  stm32_eval.o(.data)
    COM_TX_PORT                              0x20000004   Data           4  stm32_eval.o(.data)
    COM_RX_PORT                              0x20000008   Data           4  stm32_eval.o(.data)
    NVIC_InitStructure                       0x2000000c   Data           4  stm32_eval.o(.data)
    BUTTON_PORT                              0x20000010   Data           8  stm32_eval.o(.data)
    GPIO_PORT                                0x20000018   Data          16  stm32_eval.o(.data)
    s_TextColor                              0x2000002a   Data           2  stm322xg_eval_lcd.o(.data)
    s_BackColor                              0x2000002c   Data           2  stm322xg_eval_lcd.o(.data)
    Font16x24                                0x20000034   Data           8  fonts.o(.data)
    Font8x12                                 0x2000003c   Data           8  fonts.o(.data)
    Rxbuf                                    0x20000044   Data          20  stm32f2xx_it.o(.bss)
    RxMessage                                0x20000058   Data          20  stm32f2xx_it.o(.bss)
    CAN_InitStructure                        0x2000006c   Data          12  main.o(.bss)
    CAN_FilterInitStructure                  0x20000078   Data          14  main.o(.bss)
    TxMessage                                0x20000088   Data          20  main.o(.bss)
    __initial_sp                             0x200004a0   Data           0  startup_stm32f2xx.o(STACK)



==============================================================================

Memory Map of the image

  Image Entry point : 0x08000185

  Load Region LR_IROM1 (Base: 0x08000000, Size: 0x00003038, Max: 0x00100000, ABSOLUTE)

    Execution Region ER_IROM1 (Base: 0x08000000, Size: 0x00002ff4, Max: 0x00100000, ABSOLUTE)

    Base Addr    Size         Type   Attr      Idx    E Section Name        Object

    0x08000000   0x00000184   Data   RO         4365    RESET               startup_stm32f2xx.o
    0x08000184   0x00000000   Code   RO         4371  * .ARM.Collect$$$$00000000  mc_w.l(entry.o)
    0x08000184   0x00000004   Code   RO         4637    .ARM.Collect$$$$00000001  mc_w.l(entry2.o)
    0x08000188   0x00000004   Code   RO         4640    .ARM.Collect$$$$00000004  mc_w.l(entry5.o)
    0x0800018c   0x00000000   Code   RO         4642    .ARM.Collect$$$$00000008  mc_w.l(entry7b.o)
    0x0800018c   0x00000000   Code   RO         4644    .ARM.Collect$$$$0000000A  mc_w.l(entry8b.o)
    0x0800018c   0x00000008   Code   RO         4645    .ARM.Collect$$$$0000000B  mc_w.l(entry9a.o)
    0x08000194   0x00000000   Code   RO         4647    .ARM.Collect$$$$0000000D  mc_w.l(entry10a.o)
    0x08000194   0x00000000   Code   RO         4649    .ARM.Collect$$$$0000000F  mc_w.l(entry11a.o)
    0x08000194   0x00000004   Code   RO         4638    .ARM.Collect$$$$00002712  mc_w.l(entry2.o)
    0x08000198   0x00000024   Code   RO         4366    .text               startup_stm32f2xx.o
    0x080001bc   0x00000024   Code   RO         4374    .text               mc_w.l(memseta.o)
    0x080001e0   0x0000002c   Code   RO         4654    .text               mc_w.l(uidiv.o)
    0x0800020c   0x00000024   Code   RO         4669    .text               mc_w.l(init.o)
    0x08000230   0x00000002   Code   RO            1    i.BusFault_Handler  stm32f2xx_it.o
    0x08000232   0x00000002   PAD
    0x08000234   0x00000098   Code   RO            2    i.CAN1_RX0_IRQHandler  stm32f2xx_it.o
    0x080002cc   0x000000c8   Code   RO          197    i.CAN_Config        main.o
    0x08000394   0x0000002c   Code   RO         1010    i.CAN_DeInit        stm32f2xx_can.o
    0x080003c0   0x000000cc   Code   RO         1012    i.CAN_FilterInit    stm32f2xx_can.o
    0x0800048c   0x00000010   Code   RO         1018    i.CAN_ITConfig      stm32f2xx_can.o
    0x0800049c   0x000000e8   Code   RO         1019    i.CAN_Init          stm32f2xx_can.o
    0x08000584   0x00000090   Code   RO         1022    i.CAN_Receive       stm32f2xx_can.o
    0x08000614   0x00000020   Code   RO         1025    i.CAN_StructInit    stm32f2xx_can.o
    0x08000634   0x000000a4   Code   RO         1027    i.CAN_Transmit      stm32f2xx_can.o
    0x080006d8   0x00000002   Code   RO            3    i.DebugMon_Handler  stm32f2xx_it.o
    0x080006da   0x00000002   PAD
    0x080006dc   0x000000a8   Code   RO          199    i.Display_Init      main.o
    0x08000784   0x00000020   Code   RO         1982    i.FSMC_NORSRAMCmd   stm32f2xx_fsmc.o
    0x080007a4   0x000000c8   Code   RO         1984    i.FSMC_NORSRAMInit  stm32f2xx_fsmc.o
    0x0800086c   0x000000a2   Code   RO         2092    i.GPIO_Init         stm32f2xx_gpio.o
    0x0800090e   0x00000020   Code   RO         2093    i.GPIO_PinAFConfig  stm32f2xx_gpio.o
    0x0800092e   0x00000002   Code   RO            4    i.HardFault_Handler  stm32f2xx_it.o
    0x08000930   0x00000024   Code   RO          392    i.LCD_Clear         stm322xg_eval_lcd.o
    0x08000954   0x0000013c   Code   RO          394    i.LCD_CtrlLinesConfig  stm322xg_eval_lcd.o
    0x08000a90   0x00000010   Code   RO          395    i.LCD_Delay         stm322xg_eval_lcd.o
    0x08000aa0   0x0000003c   Code   RO          397    i.LCD_DisplayString  stm322xg_eval_lcd.o
    0x08000adc   0x0000000c   Code   RO          400    i.LCD_DisplayStringLine  stm322xg_eval_lcd.o
    0x08000ae8   0x000000a8   Code   RO          401    i.LCD_DrawChar      stm322xg_eval_lcd.o
    0x08000b90   0x00000060   Code   RO          414    i.LCD_FSMCConfig    stm322xg_eval_lcd.o
    0x08000bf0   0x0000000c   Code   RO          415    i.LCD_GetFont       stm322xg_eval_lcd.o
    0x08000bfc   0x00000010   Code   RO          418    i.LCD_SetBackColor  stm322xg_eval_lcd.o
    0x08000c0c   0x00000016   Code   RO          419    i.LCD_SetCursor     stm322xg_eval_lcd.o
    0x08000c22   0x00000002   PAD
    0x08000c24   0x0000000c   Code   RO          421    i.LCD_SetFont       stm322xg_eval_lcd.o
    0x08000c30   0x00000010   Code   RO          422    i.LCD_SetTextColor  stm322xg_eval_lcd.o
    0x08000c40   0x00000010   Code   RO          427    i.LCD_WriteReg      stm322xg_eval_lcd.o
    0x08000c50   0x00000002   Code   RO            5    i.MemManage_Handler  stm32f2xx_it.o
    0x08000c52   0x00000002   Code   RO            6    i.NMI_Handler       stm32f2xx_it.o
    0x08000c54   0x00000020   Code   RO          202    i.NVIC_Config       main.o
    0x08000c74   0x00000064   Code   RO          736    i.NVIC_Init         misc.o
    0x08000cd8   0x00000002   Code   RO            7    i.PendSV_Handler    stm32f2xx_it.o
    0x08000cda   0x00000002   PAD
    0x08000cdc   0x00000018   Code   RO         2643    i.RCC_AHB1PeriphClockCmd  stm32f2xx_rcc.o
    0x08000cf4   0x00000018   Code   RO         2649    i.RCC_AHB3PeriphClockCmd  stm32f2xx_rcc.o
    0x08000d0c   0x00000018   Code   RO         2652    i.RCC_APB1PeriphClockCmd  stm32f2xx_rcc.o
    0x08000d24   0x00000018   Code   RO         2654    i.RCC_APB1PeriphResetCmd  stm32f2xx_rcc.o
    0x08000d3c   0x00000018   Code   RO         2655    i.RCC_APB2PeriphClockCmd  stm32f2xx_rcc.o
    0x08000d54   0x00000388   Code   RO          429    i.STM322xG_LCD_Init  stm322xg_eval_lcd.o
    0x080010dc   0x00000044   Code   RO          252    i.STM_EVAL_LEDInit  stm32_eval.o
    0x08001120   0x00000018   Code   RO          253    i.STM_EVAL_LEDOff   stm32_eval.o
    0x08001138   0x00000002   Code   RO            8    i.SVC_Handler       stm32f2xx_it.o
    0x0800113a   0x00000002   PAD
    0x0800113c   0x00000098   Code   RO         4334    i.SetSysClock       system_stm32f2xx.o
    0x080011d4   0x00000002   Code   RO            9    i.SysTick_Handler   stm32f2xx_it.o
    0x080011d6   0x00000002   PAD
    0x080011d8   0x00000050   Code   RO         4336    i.SystemInit        system_stm32f2xx.o
    0x08001228   0x00000002   Code   RO           10    i.UsageFault_Handler  stm32f2xx_it.o
    0x0800122a   0x00000002   PAD
    0x0800122c   0x00000028   Code   RO         4423    i.__0sprintf$1      mc_w.l(printf1.o)
    0x08001254   0x0000000e   Code   RO         4683    i.__scatterload_copy  mc_w.l(handlers.o)
    0x08001262   0x00000002   Code   RO         4684    i.__scatterload_null  mc_w.l(handlers.o)
    0x08001264   0x0000000e   Code   RO         4685    i.__scatterload_zeroinit  mc_w.l(handlers.o)
    0x08001272   0x00000002   PAD
    0x08001274   0x00000154   Code   RO         4428    i._printf_core      mc_w.l(printf1.o)
    0x080013c8   0x0000000a   Code   RO         4430    i._sputc            mc_w.l(printf1.o)
    0x080013d2   0x00000024   Code   RO          344    i.delay_ms          stm322xg_eval_systick.o
    0x080013f6   0x00000002   PAD
    0x080013f8   0x000000c8   Code   RO          203    i.main              main.o
    0x080014c0   0x00000044   Data   RO          262    .constdata          stm32_eval.o
    0x08001504   0x000011d0   Data   RO          642    .constdata          fonts.o
    0x080026d4   0x00000900   Data   RO          644    .constdata          fonts.o
    0x08002fd4   0x00000020   Data   RO         4681    Region$$Table       anon$$obj.o


    Execution Region RW_IRAM1 (Base: 0x20000000, Size: 0x000004a0, Max: 0x00020000, ABSOLUTE)

    Base Addr    Size         Type   Attr      Idx    E Section Name        Object

    0x20000000   0x00000028   Data   RW          263    .data               stm32_eval.o
    0x20000028   0x0000000c   Data   RW          431    .data               stm322xg_eval_lcd.o
    0x20000034   0x00000008   Data   RW          646    .data               fonts.o
    0x2000003c   0x00000008   Data   RW          648    .data               fonts.o
    0x20000044   0x00000028   Zero   RW           11    .bss                stm32f2xx_it.o
    0x2000006c   0x00000030   Zero   RW          204    .bss                main.o
    0x2000009c   0x00000004   PAD
    0x200000a0   0x00000400   Zero   RW         4363    STACK               startup_stm32f2xx.o


==============================================================================

Image component sizes


      Code (inc. data)   RO Data    RW Data    ZI Data      Debug   Object Name

         0          0       6864         16          0       1688   fonts.o
       600        144          0          0         48       3161   main.o
       100          4          0          0          0       1292   misc.o
        36          8        388          0       1024       1004   startup_stm32f2xx.o
      1702         54          0         12          0      17035   stm322xg_eval_lcd.o
        36          0          0          0          0        683   stm322xg_eval_systick.o
        92         16         68         40          0       3629   stm32_eval.o
       836         16          0          0          0       6946   stm32f2xx_can.o
       232          6          0          0          0       2321   stm32f2xx_fsmc.o
       194          0          0          0          0       2199   stm32f2xx_gpio.o
       170         54          0          0         40     259114   stm32f2xx_it.o
       120         30          0          0          0       3605   stm32f2xx_rcc.o
       232         30          0          0          0       1701   system_stm32f2xx.o

    ----------------------------------------------------------------------
      4366        362       7352         68       1116     304378   Object Totals
         0          0         32          0          0          0   (incl. Generated)
        16          0          0          0          4          0   (incl. Padding)

    ----------------------------------------------------------------------

      Code (inc. data)   RO Data    RW Data    ZI Data      Debug   Library Member Name

         0          0          0          0          0          0   entry.o
         0          0          0          0          0          0   entry10a.o
         0          0          0          0          0          0   entry11a.o
         8          4          0          0          0          0   entry2.o
         4          0          0          0          0          0   entry5.o
         0          0          0          0          0          0   entry7b.o
         0          0          0          0          0          0   entry8b.o
         8          4          0          0          0          0   entry9a.o
        30          0          0          0          0          0   handlers.o
        36          8          0          0          0         68   init.o
        36          0          0          0          0        108   memseta.o
       390         10          0          0          0        252   printf1.o
        44          0          0          0          0         80   uidiv.o

    ----------------------------------------------------------------------
       558         26          0          0          0        508   Library Totals
         2          0          0          0          0          0   (incl. Padding)

    ----------------------------------------------------------------------

      Code (inc. data)   RO Data    RW Data    ZI Data      Debug   Library Name

       556         26          0          0          0        508   mc_w.l

    ----------------------------------------------------------------------
       558         26          0          0          0        508   Library Totals

    ----------------------------------------------------------------------

==============================================================================


      Code (inc. data)   RO Data    RW Data    ZI Data      Debug   

      4924        388       7352         68       1116     302594   Grand Totals
      4924        388       7352         68       1116     302594   ELF Image Totals
      4924        388       7352         68          0          0   ROM Totals

==============================================================================

    Total RO  Size (Code + RO Data)                12276 (  11.99kB)
    Total RW  Size (RW Data + ZI Data)              1184 (   1.16kB)
    Total ROM Size (Code + RO Data + RW Data)      12344 (  12.05kB)

==============================================================================

