Component: ARM Compiler 5.06 update 3 (build 300) Tool: armlink [4d35c9]

==============================================================================

Section Cross References

    main.o(i.main) refers to stm32_eval.o(i.STM_EVAL_LEDInit) for STM_EVAL_LEDInit
    main.o(i.main) refers to stm32_eval.o(i.STM_EVAL_LEDOff) for STM_EVAL_LEDOff
    main.o(i.main) refers to stm322xg_eval_sram.o(i.SRAM_Init) for SRAM_Init
    main.o(i.main) refers to main.o(i.Fill_Buffer) for Fill_Buffer
    main.o(i.main) refers to stm322xg_eval_sram.o(i.SRAM_WriteBuffer) for SRAM_WriteBuffer
    main.o(i.main) refers to stm322xg_eval_sram.o(i.SRAM_ReadBuffer) for SRAM_ReadBuffer
    main.o(i.main) refers to stm32_eval.o(i.STM_EVAL_LEDOn) for STM_EVAL_LEDOn
    main.o(i.main) refers to main.o(.bss) for TxBuffer
    main.o(i.main) refers to main.o(.data) for Index
    stm32_eval.o(i.SD_LowLevel_DeInit) refers to stm32f2xx_spi.o(i.SPI_Cmd) for SPI_Cmd
    stm32_eval.o(i.SD_LowLevel_DeInit) refers to stm32f2xx_spi.o(i.SPI_I2S_DeInit) for SPI_I2S_DeInit
    stm32_eval.o(i.SD_LowLevel_Init) refers to stm32f2xx_rcc.o(i.RCC_AHB1PeriphClockCmd) for RCC_AHB1PeriphClockCmd
    stm32_eval.o(i.SD_LowLevel_Init) refers to stm32f2xx_rcc.o(i.RCC_APB1PeriphClockCmd) for RCC_APB1PeriphClockCmd
    stm32_eval.o(i.SD_LowLevel_Init) refers to stm32f2xx_gpio.o(i.GPIO_Init) for GPIO_Init
    stm32_eval.o(i.SD_LowLevel_Init) refers to stm32f2xx_gpio.o(i.GPIO_PinAFConfig) for GPIO_PinAFConfig
    stm32_eval.o(i.SD_LowLevel_Init) refers to stm32f2xx_spi.o(i.SPI_I2S_DeInit) for SPI_I2S_DeInit
    stm32_eval.o(i.SD_LowLevel_Init) refers to stm32f2xx_spi.o(i.SPI_Init) for SPI_Init
    stm32_eval.o(i.SD_LowLevel_Init) refers to stm32f2xx_spi.o(i.SPI_Cmd) for SPI_Cmd
    stm32_eval.o(i.STM_EVAL_COMInit) refers to stm32f2xx_rcc.o(i.RCC_AHB1PeriphClockCmd) for RCC_AHB1PeriphClockCmd
    stm32_eval.o(i.STM_EVAL_COMInit) refers to stm32f2xx_rcc.o(i.RCC_APB2PeriphClockCmd) for RCC_APB2PeriphClockCmd
    stm32_eval.o(i.STM_EVAL_COMInit) refers to stm32f2xx_gpio.o(i.GPIO_PinAFConfig) for GPIO_PinAFConfig
    stm32_eval.o(i.STM_EVAL_COMInit) refers to stm32f2xx_gpio.o(i.GPIO_Init) for GPIO_Init
    stm32_eval.o(i.STM_EVAL_COMInit) refers to stm32f2xx_usart.o(i.USART_Init) for USART_Init
    stm32_eval.o(i.STM_EVAL_COMInit) refers to stm32f2xx_usart.o(i.USART_Cmd) for USART_Cmd
    stm32_eval.o(i.STM_EVAL_COMInit) refers to stm32_eval.o(.constdata) for COM_TX_PORT_CLK
    stm32_eval.o(i.STM_EVAL_COMInit) refers to stm32_eval.o(.data) for COM_TX_PORT
    stm32_eval.o(i.STM_EVAL_LEDInit) refers to stm32f2xx_rcc.o(i.RCC_AHB1PeriphClockCmd) for RCC_AHB1PeriphClockCmd
    stm32_eval.o(i.STM_EVAL_LEDInit) refers to stm32f2xx_gpio.o(i.GPIO_Init) for GPIO_Init
    stm32_eval.o(i.STM_EVAL_LEDInit) refers to stm32_eval.o(.constdata) for GPIO_CLK
    stm32_eval.o(i.STM_EVAL_LEDInit) refers to stm32_eval.o(.data) for GPIO_PORT
    stm32_eval.o(i.STM_EVAL_LEDOff) refers to stm32_eval.o(.constdata) for GPIO_PIN
    stm32_eval.o(i.STM_EVAL_LEDOff) refers to stm32_eval.o(.data) for GPIO_PORT
    stm32_eval.o(i.STM_EVAL_LEDOn) refers to stm32_eval.o(.constdata) for GPIO_PIN
    stm32_eval.o(i.STM_EVAL_LEDOn) refers to stm32_eval.o(.data) for GPIO_PORT
    stm32_eval.o(i.STM_EVAL_LEDToggle) refers to stm32_eval.o(.data) for GPIO_PORT
    stm32_eval.o(i.STM_EVAL_LEDToggle) refers to stm32_eval.o(.constdata) for GPIO_PIN
    stm32_eval.o(i.STM_EVAL_PBGetState) refers to stm32f2xx_gpio.o(i.GPIO_ReadInputDataBit) for GPIO_ReadInputDataBit
    stm32_eval.o(i.STM_EVAL_PBGetState) refers to stm32_eval.o(.constdata) for BUTTON_PIN
    stm32_eval.o(i.STM_EVAL_PBGetState) refers to stm32_eval.o(.data) for BUTTON_PORT
    stm32_eval.o(i.STM_EVAL_PBInit) refers to stm32f2xx_rcc.o(i.RCC_AHB1PeriphClockCmd) for RCC_AHB1PeriphClockCmd
    stm32_eval.o(i.STM_EVAL_PBInit) refers to stm32f2xx_rcc.o(i.RCC_APB2PeriphClockCmd) for RCC_APB2PeriphClockCmd
    stm32_eval.o(i.STM_EVAL_PBInit) refers to stm32f2xx_gpio.o(i.GPIO_Init) for GPIO_Init
    stm32_eval.o(i.STM_EVAL_PBInit) refers to stm32f2xx_syscfg.o(i.SYSCFG_EXTILineConfig) for SYSCFG_EXTILineConfig
    stm32_eval.o(i.STM_EVAL_PBInit) refers to stm32f2xx_exti.o(i.EXTI_Init) for EXTI_Init
    stm32_eval.o(i.STM_EVAL_PBInit) refers to misc.o(i.NVIC_Init) for NVIC_Init
    stm32_eval.o(i.STM_EVAL_PBInit) refers to stm32_eval.o(.constdata) for BUTTON_CLK
    stm32_eval.o(i.STM_EVAL_PBInit) refers to stm32_eval.o(.data) for BUTTON_PORT
    stm32_eval.o(i.sEE_LowLevel_DMAConfig) refers to stm32f2xx_dma.o(i.DMA_Init) for DMA_Init
    stm32_eval.o(i.sEE_LowLevel_DMAConfig) refers to stm32_eval.o(.bss) for sEEDMA_InitStructure
    stm32_eval.o(i.sEE_LowLevel_DeInit) refers to stm32f2xx_i2c.o(i.I2C_Cmd) for I2C_Cmd
    stm32_eval.o(i.sEE_LowLevel_DeInit) refers to stm32f2xx_i2c.o(i.I2C_DeInit) for I2C_DeInit
    stm32_eval.o(i.sEE_LowLevel_DeInit) refers to stm32f2xx_rcc.o(i.RCC_APB1PeriphClockCmd) for RCC_APB1PeriphClockCmd
[...]
    stm32f2xx_can.o(i.CAN_DeInit) refers to stm32f2xx_rcc.o(i.RCC_APB1PeriphResetCmd) for RCC_APB1PeriphResetCmd
    stm32f2xx_can.o(i.CAN_GetITStatus) refers to stm32f2xx_can.o(i.CheckITStatus) for CheckITStatus
    stm32f2xx_cryp.o(i.CRYP_DeInit) refers to stm32f2xx_rcc.o(i.RCC_AHB2PeriphResetCmd) for RCC_AHB2PeriphResetCmd
    stm32f2xx_cryp_aes.o(i.CRYP_AES_CBC) refers to stm32f2xx_cryp.o(i.CRYP_KeyStructInit) for CRYP_KeyStructInit
    stm32f2xx_cryp_aes.o(i.CRYP_AES_CBC) refers to stm32f2xx_cryp.o(i.CRYP_FIFOFlush) for CRYP_FIFOFlush
    stm32f2xx_cryp_aes.o(i.CRYP_AES_CBC) refers to stm32f2xx_cryp.o(i.CRYP_Init) for CRYP_Init
    stm32f2xx_cryp_aes.o(i.CRYP_AES_CBC) refers to stm32f2xx_cryp.o(i.CRYP_KeyInit) for CRYP_KeyInit
    stm32f2xx_cryp_aes.o(i.CRYP_AES_CBC) refers to stm32f2xx_cryp.o(i.CRYP_Cmd) for CRYP_Cmd
    stm32f2xx_cryp_aes.o(i.CRYP_AES_CBC) refers to stm32f2xx_cryp.o(i.CRYP_GetFlagStatus) for CRYP_GetFlagStatus
    stm32f2xx_cryp_aes.o(i.CRYP_AES_CBC) refers to stm32f2xx_cryp.o(i.CRYP_IVInit) for CRYP_IVInit
    stm32f2xx_cryp_aes.o(i.CRYP_AES_CBC) refers to stm32f2xx_cryp.o(i.CRYP_DataIn) for CRYP_DataIn
    stm32f2xx_cryp_aes.o(i.CRYP_AES_CBC) refers to stm32f2xx_cryp.o(i.CRYP_DataOut) for CRYP_DataOut
    stm32f2xx_cryp_aes.o(i.CRYP_AES_CTR) refers to stm32f2xx_cryp.o(i.CRYP_KeyStructInit) for CRYP_KeyStructInit
    stm32f2xx_cryp_aes.o(i.CRYP_AES_CTR) refers to stm32f2xx_cryp.o(i.CRYP_KeyInit) for CRYP_KeyInit
    stm32f2xx_cryp_aes.o(i.CRYP_AES_CTR) refers to stm32f2xx_cryp.o(i.CRYP_Init) for CRYP_Init
    stm32f2xx_cryp_aes.o(i.CRYP_AES_CTR) refers to stm32f2xx_cryp.o(i.CRYP_IVInit) for CRYP_IVInit
    stm32f2xx_cryp_aes.o(i.CRYP_AES_CTR) refers to stm32f2xx_cryp.o(i.CRYP_FIFOFlush) for CRYP_FIFOFlush
    stm32f2xx_cryp_aes.o(i.CRYP_AES_CTR) refers to stm32f2xx_cryp.o(i.CRYP_Cmd) for CRYP_Cmd
    stm32f2xx_cryp_aes.o(i.CRYP_AES_CTR) refers to stm32f2xx_cryp.o(i.CRYP_DataIn) for CRYP_DataIn
    stm32f2xx_cryp_aes.o(i.CRYP_AES_CTR) refers to stm32f2xx_cryp.o(i.CRYP_GetFlagStatus) for CRYP_GetFlagStatus
    stm32f2xx_cryp_aes.o(i.CRYP_AES_CTR) refers to stm32f2xx_cryp.o(i.CRYP_DataOut) for CRYP_DataOut
    stm32f2xx_cryp_aes.o(i.CRYP_AES_ECB) refers to stm32f2xx_cryp.o(i.CRYP_KeyStructInit) for CRYP_KeyStructInit
    stm32f2xx_cryp_aes.o(i.CRYP_AES_ECB) refers to stm32f2xx_cryp.o(i.CRYP_FIFOFlush) for CRYP_FIFOFlush
    stm32f2xx_cryp_aes.o(i.CRYP_AES_ECB) refers to stm32f2xx_cryp.o(i.CRYP_Init) for CRYP_Init
    stm32f2xx_cryp_aes.o(i.CRYP_AES_ECB) refers to stm32f2xx_cryp.o(i.CRYP_KeyInit) for CRYP_KeyInit
    stm32f2xx_cryp_aes.o(i.CRYP_AES_ECB) refers to stm32f2xx_cryp.o(i.CRYP_Cmd) for CRYP_Cmd
    stm32f2xx_cryp_aes.o(i.CRYP_AES_ECB) refers to stm32f2xx_cryp.o(i.CRYP_GetFlagStatus) for CRYP_GetFlagStatus
    stm32f2xx_cryp_aes.o(i.CRYP_AES_ECB) refers to stm32f2xx_cryp.o(i.CRYP_DataIn) for CRYP_DataIn
    stm32f2xx_cryp_aes.o(i.CRYP_AES_ECB) refers to stm32f2xx_cryp.o(i.CRYP_DataOut) for CRYP_DataOut
    stm32f2xx_cryp_des.o(i.CRYP_DES_CBC) refers to stm32f2xx_cryp.o(i.CRYP_KeyStructInit) for CRYP_KeyStructInit
    stm32f2xx_cryp_des.o(i.CRYP_DES_CBC) refers to stm32f2xx_cryp.o(i.CRYP_Init) for CRYP_Init
    stm32f2xx_cryp_des.o(i.CRYP_DES_CBC) refers to stm32f2xx_cryp.o(i.CRYP_KeyInit) for CRYP_KeyInit
    stm32f2xx_cryp_des.o(i.CRYP_DES_CBC) refers to stm32f2xx_cryp.o(i.CRYP_IVInit) for CRYP_IVInit
    stm32f2xx_cryp_des.o(i.CRYP_DES_CBC) refers to stm32f2xx_cryp.o(i.CRYP_FIFOFlush) for CRYP_FIFOFlush
    stm32f2xx_cryp_des.o(i.CRYP_DES_CBC) refers to stm32f2xx_cryp.o(i.CRYP_Cmd) for CRYP_Cmd
    stm32f2xx_cryp_des.o(i.CRYP_DES_CBC) refers to stm32f2xx_cryp.o(i.CRYP_DataIn) for CRYP_DataIn
    stm32f2xx_cryp_des.o(i.CRYP_DES_CBC) refers to stm32f2xx_cryp.o(i.CRYP_GetFlagStatus) for CRYP_GetFlagStatus
    stm32f2xx_cryp_des.o(i.CRYP_DES_CBC) refers to stm32f2xx_cryp.o(i.CRYP_DataOut) for CRYP_DataOut
    stm32f2xx_cryp_des.o(i.CRYP_DES_ECB) refers to stm32f2xx_cryp.o(i.CRYP_KeyStructInit) for CRYP_KeyStructInit
    stm32f2xx_cryp_des.o(i.CRYP_DES_ECB) refers to stm32f2xx_cryp.o(i.CRYP_Init) for CRYP_Init
    stm32f2xx_cryp_des.o(i.CRYP_DES_ECB) refers to stm32f2xx_cryp.o(i.CRYP_KeyInit) for CRYP_KeyInit
    stm32f2xx_cryp_des.o(i.CRYP_DES_ECB) refers to stm32f2xx_cryp.o(i.CRYP_FIFOFlush) for CRYP_FIFOFlush
    stm32f2xx_cryp_des.o(i.CRYP_DES_ECB) refers to stm32f2xx_cryp.o(i.CRYP_Cmd) for CRYP_Cmd
    stm32f2xx_cryp_des.o(i.CRYP_DES_ECB) refers to stm32f2xx_cryp.o(i.CRYP_DataIn) for CRYP_DataIn
    stm32f2xx_cryp_des.o(i.CRYP_DES_ECB) refers to stm32f2xx_cryp.o(i.CRYP_GetFlagStatus) for CRYP_GetFlagStatus
    stm32f2xx_cryp_des.o(i.CRYP_DES_ECB) refers to stm32f2xx_cryp.o(i.CRYP_DataOut) for CRYP_DataOut
    stm32f2xx_cryp_tdes.o(i.CRYP_TDES_CBC) refers to stm32f2xx_cryp.o(i.CRYP_KeyStructInit) for CRYP_KeyStructInit
    stm32f2xx_cryp_tdes.o(i.CRYP_TDES_CBC) refers to stm32f2xx_cryp.o(i.CRYP_Init) for CRYP_Init
    stm32f2xx_cryp_tdes.o(i.CRYP_TDES_CBC) refers to stm32f2xx_cryp.o(i.CRYP_KeyInit) for CRYP_KeyInit
    stm32f2xx_cryp_tdes.o(i.CRYP_TDES_CBC) refers to stm32f2xx_cryp.o(i.CRYP_IVInit) for CRYP_IVInit
    stm32f2xx_cryp_tdes.o(i.CRYP_TDES_CBC) refers to stm32f2xx_cryp.o(i.CRYP_FIFOFlush) for CRYP_FIFOFlush
    stm32f2xx_cryp_tdes.o(i.CRYP_TDES_CBC) refers to stm32f2xx_cryp.o(i.CRYP_Cmd) for CRYP_Cmd
    stm32f2xx_cryp_tdes.o(i.CRYP_TDES_CBC) refers to stm32f2xx_cryp.o(i.CRYP_DataIn) for CRYP_DataIn
    stm32f2xx_cryp_tdes.o(i.CRYP_TDES_CBC) refers to stm32f2xx_cryp.o(i.CRYP_GetFlagStatus) for CRYP_GetFlagStatus
    stm32f2xx_cryp_tdes.o(i.CRYP_TDES_CBC) refers to stm32f2xx_cryp.o(i.CRYP_DataOut) for CRYP_DataOut
    stm32f2xx_cryp_tdes.o(i.CRYP_TDES_ECB) refers to stm32f2xx_cryp.o(i.CRYP_KeyStructInit) for CRYP_KeyStructInit
    stm32f2xx_cryp_tdes.o(i.CRYP_TDES_ECB) refers to stm32f2xx_cryp.o(i.CRYP_Init) for CRYP_Init
    stm32f2xx_cryp_tdes.o(i.CRYP_TDES_ECB) refers to stm32f2xx_cryp.o(i.CRYP_KeyInit) for CRYP_KeyInit
    stm32f2xx_cryp_tdes.o(i.CRYP_TDES_ECB) refers to stm32f2xx_cryp.o(i.CRYP_FIFOFlush) for CRYP_FIFOFlush
    stm32f2xx_cryp_tdes.o(i.CRYP_TDES_ECB) refers to stm32f2xx_cryp.o(i.CRYP_Cmd) for CRYP_Cmd
    stm32f2xx_cryp_tdes.o(i.CRYP_TDES_ECB) refers to stm32f2xx_cryp.o(i.CRYP_DataIn) for CRYP_DataIn
    stm32f2xx_cryp_tdes.o(i.CRYP_TDES_ECB) refers to stm32f2xx_cryp.o(i.CRYP_GetFlagStatus) for CRYP_GetFlagStatus
    stm32f2xx_cryp_tdes.o(i.CRYP_TDES_ECB) refers to stm32f2xx_cryp.o(i.CRYP_DataOut) for CRYP_DataOut
    stm32f2xx_dac.o(i.DAC_DeInit) refers to stm32f2xx_rcc.o(i.RCC_APB1PeriphResetCmd) for RCC_APB1PeriphResetCmd
    stm32f2xx_flash.o(i.FLASH_EraseAllSectors) refers to stm32f2xx_flash.o(i.FLASH_WaitForLastOperation) for FLASH_WaitForLastOperation
    stm32f2xx_flash.o(i.FLASH_EraseSector) refers to stm32f2xx_flash.o(i.FLASH_WaitForLastOperation) for FLASH_WaitForLastOperation
    stm32f2xx_flash.o(i.FLASH_OB_Launch) refers to stm32f2xx_flash.o(i.FLASH_WaitForLastOperation) for FLASH_WaitForLastOperation
    stm32f2xx_flash.o(i.FLASH_OB_RDPConfig) refers to stm32f2xx_flash.o(i.FLASH_WaitForLastOperation) for FLASH_WaitForLastOperation
    stm32f2xx_flash.o(i.FLASH_OB_UserConfig) refers to stm32f2xx_flash.o(i.FLASH_WaitForLastOperation) for FLASH_WaitForLastOperation
    stm32f2xx_flash.o(i.FLASH_OB_WRPConfig) refers to stm32f2xx_flash.o(i.FLASH_WaitForLastOperation) for FLASH_WaitForLastOperation
    stm32f2xx_flash.o(i.FLASH_ProgramByte) refers to stm32f2xx_flash.o(i.FLASH_WaitForLastOperation) for FLASH_WaitForLastOperation
    stm32f2xx_flash.o(i.FLASH_ProgramDoubleWord) refers to stm32f2xx_flash.o(i.FLASH_WaitForLastOperation) for FLASH_WaitForLastOperation
    stm32f2xx_flash.o(i.FLASH_ProgramHalfWord) refers to stm32f2xx_flash.o(i.FLASH_WaitForLastOperation) for FLASH_WaitForLastOperation
    stm32f2xx_flash.o(i.FLASH_ProgramWord) refers to stm32f2xx_flash.o(i.FLASH_WaitForLastOperation) for FLASH_WaitForLastOperation
    stm32f2xx_flash.o(i.FLASH_WaitForLastOperation) refers to stm32f2xx_flash.o(i.FLASH_GetStatus) for FLASH_GetStatus
    stm32f2xx_gpio.o(i.GPIO_DeInit) refers to stm32f2xx_rcc.o(i.RCC_AHB1PeriphResetCmd) for RCC_AHB1PeriphResetCmd
    stm32f2xx_hash.o(i.HASH_DeInit) refers to stm32f2xx_rcc.o(i.RCC_AHB2PeriphResetCmd) for RCC_AHB2PeriphResetCmd
    stm32f2xx_hash_md5.o(i.HASH_MD5) refers to stm32f2xx_hash.o(i.HASH_DeInit) for HASH_DeInit
    stm32f2xx_hash_md5.o(i.HASH_MD5) refers to stm32f2xx_hash.o(i.HASH_Init) for HASH_Init
    stm32f2xx_hash_md5.o(i.HASH_MD5) refers to stm32f2xx_hash.o(i.HASH_SetLastWordValidBitsNbr) for HASH_SetLastWordValidBitsNbr
    stm32f2xx_hash_md5.o(i.HASH_MD5) refers to stm32f2xx_hash.o(i.HASH_DataIn) for HASH_DataIn
    stm32f2xx_hash_md5.o(i.HASH_MD5) refers to stm32f2xx_hash.o(i.HASH_StartDigest) for HASH_StartDigest
    stm32f2xx_hash_md5.o(i.HASH_MD5) refers to stm32f2xx_hash.o(i.HASH_GetFlagStatus) for HASH_GetFlagStatus
    stm32f2xx_hash_md5.o(i.HASH_MD5) refers to stm32f2xx_hash.o(i.HASH_GetDigest) for HASH_GetDigest
    stm32f2xx_hash_md5.o(i.HMAC_MD5) refers to stm32f2xx_hash.o(i.HASH_DeInit) for HASH_DeInit
    stm32f2xx_hash_md5.o(i.HMAC_MD5) refers to stm32f2xx_hash.o(i.HASH_Init) for HASH_Init
    stm32f2xx_hash_md5.o(i.HMAC_MD5) refers to stm32f2xx_hash.o(i.HASH_SetLastWordValidBitsNbr) for HASH_SetLastWordValidBitsNbr
    stm32f2xx_hash_md5.o(i.HMAC_MD5) refers to stm32f2xx_hash.o(i.HASH_DataIn) for HASH_DataIn
    stm32f2xx_hash_md5.o(i.HMAC_MD5) refers to stm32f2xx_hash.o(i.HASH_StartDigest) for HASH_StartDigest
    stm32f2xx_hash_md5.o(i.HMAC_MD5) refers to stm32f2xx_hash.o(i.HASH_GetFlagStatus) for HASH_GetFlagStatus
    stm32f2xx_hash_md5.o(i.HMAC_MD5) refers to stm32f2xx_hash.o(i.HASH_GetDigest) for HASH_GetDigest
    stm32f2xx_hash_sha1.o(i.HASH_SHA1) refers to stm32f2xx_hash.o(i.HASH_DeInit) for HASH_DeInit
    stm32f2xx_hash_sha1.o(i.HASH_SHA1) refers to stm32f2xx_hash.o(i.HASH_Init) for HASH_Init
    stm32f2xx_hash_sha1.o(i.HASH_SHA1) refers to stm32f2xx_hash.o(i.HASH_SetLastWordValidBitsNbr) for HASH_SetLastWordValidBitsNbr
    stm32f2xx_hash_sha1.o(i.HASH_SHA1) refers to stm32f2xx_hash.o(i.HASH_DataIn) for HASH_DataIn
    stm32f2xx_hash_sha1.o(i.HASH_SHA1) refers to stm32f2xx_hash.o(i.HASH_StartDigest) for HASH_StartDigest
    stm32f2xx_hash_sha1.o(i.HASH_SHA1) refers to stm32f2xx_hash.o(i.HASH_GetFlagStatus) for HASH_GetFlagStatus
    stm32f2xx_hash_sha1.o(i.HASH_SHA1) refers to stm32f2xx_hash.o(i.HASH_GetDigest) for HASH_GetDigest
    stm32f2xx_hash_sha1.o(i.HMAC_SHA1) refers to stm32f2xx_hash.o(i.HASH_DeInit) for HASH_DeInit
    stm32f2xx_hash_sha1.o(i.HMAC_SHA1) refers to stm32f2xx_hash.o(i.HASH_Init) for HASH_Init
    stm32f2xx_hash_sha1.o(i.HMAC_SHA1) refers to stm32f2xx_hash.o(i.HASH_SetLastWordValidBitsNbr) for HASH_SetLastWordValidBitsNbr
    stm32f2xx_hash_sha1.o(i.HMAC_SHA1) refers to stm32f2xx_hash.o(i.HASH_DataIn) for HASH_DataIn
    stm32f2xx_hash_sha1.o(i.HMAC_SHA1) refers to stm32f2xx_hash.o(i.HASH_StartDigest) for HASH_StartDigest
    stm32f2xx_hash_sha1.o(i.HMAC_SHA1) refers to stm32f2xx_hash.o(i.HASH_GetFlagStatus) for HASH_GetFlagStatus
    stm32f2xx_hash_sha1.o(i.HMAC_SHA1) refers to stm32f2xx_hash.o(i.HASH_GetDigest) for HASH_GetDigest
    stm32f2xx_i2c.o(i.I2C_DeInit) refers to stm32f2xx_rcc.o(i.RCC_APB1PeriphResetCmd) for RCC_APB1PeriphResetCmd
    stm32f2xx_i2c.o(i.I2C_Init) refers to stm32f2xx_rcc.o(i.RCC_GetClocksFreq) for RCC_GetClocksFreq
    stm32f2xx_pwr.o(i.PWR_DeInit) refers to stm32f2xx_rcc.o(i.RCC_APB1PeriphResetCmd) for RCC_APB1PeriphResetCmd
    stm32f2xx_rcc.o(i.RCC_GetClocksFreq) refers to stm32f2xx_rcc.o(.data) for APBAHBPrescTable
    stm32f2xx_rcc.o(i.RCC_WaitForHSEStartUp) refers to stm32f2xx_rcc.o(i.RCC_GetFlagStatus) for RCC_GetFlagStatus
    stm32f2xx_rng.o(i.RNG_DeInit) refers to stm32f2xx_rcc.o(i.RCC_AHB2PeriphResetCmd) for RCC_AHB2PeriphResetCmd
    stm32f2xx_rtc.o(i.RTC_CoarseCalibCmd) refers to stm32f2xx_rtc.o(i.RTC_EnterInitMode) for RTC_EnterInitMode
    stm32f2xx_rtc.o(i.RTC_CoarseCalibCmd) refers to stm32f2xx_rtc.o(i.RTC_ExitInitMode) for RTC_ExitInitMode
    stm32f2xx_rtc.o(i.RTC_CoarseCalibConfig) refers to stm32f2xx_rtc.o(i.RTC_EnterInitMode) for RTC_EnterInitMode
    stm32f2xx_rtc.o(i.RTC_CoarseCalibConfig) refers to stm32f2xx_rtc.o(i.RTC_ExitInitMode) for RTC_ExitInitMode
    stm32f2xx_rtc.o(i.RTC_DeInit) refers to stm32f2xx_rtc.o(i.RTC_EnterInitMode) for RTC_EnterInitMode
    stm32f2xx_rtc.o(i.RTC_DeInit) refers to stm32f2xx_rtc.o(i.RTC_WaitForSynchro) for RTC_WaitForSynchro
    stm32f2xx_rtc.o(i.RTC_GetAlarm) refers to stm32f2xx_rtc.o(i.RTC_Bcd2ToByte) for RTC_Bcd2ToByte
    stm32f2xx_rtc.o(i.RTC_GetDate) refers to stm32f2xx_rtc.o(i.RTC_Bcd2ToByte) for RTC_Bcd2ToByte
    stm32f2xx_rtc.o(i.RTC_GetTime) refers to stm32f2xx_rtc.o(i.RTC_Bcd2ToByte) for RTC_Bcd2ToByte
    stm32f2xx_rtc.o(i.RTC_GetTimeStamp) refers to stm32f2xx_rtc.o(i.RTC_Bcd2ToByte) for RTC_Bcd2ToByte
    stm32f2xx_rtc.o(i.RTC_Init) refers to stm32f2xx_rtc.o(i.RTC_EnterInitMode) for RTC_EnterInitMode
    stm32f2xx_rtc.o(i.RTC_Init) refers to stm32f2xx_rtc.o(i.RTC_ExitInitMode) for RTC_ExitInitMode
    stm32f2xx_rtc.o(i.RTC_RefClockCmd) refers to stm32f2xx_rtc.o(i.RTC_EnterInitMode) for RTC_EnterInitMode
    stm32f2xx_rtc.o(i.RTC_RefClockCmd) refers to stm32f2xx_rtc.o(i.RTC_ExitInitMode) for RTC_ExitInitMode
    stm32f2xx_rtc.o(i.RTC_SetAlarm) refers to stm32f2xx_rtc.o(i.RTC_Bcd2ToByte) for RTC_Bcd2ToByte
    stm32f2xx_rtc.o(i.RTC_SetAlarm) refers to stm32f2xx_rtc.o(i.RTC_ByteToBcd2) for RTC_ByteToBcd2
    stm32f2xx_rtc.o(i.RTC_SetDate) refers to stm32f2xx_rtc.o(i.RTC_Bcd2ToByte) for RTC_Bcd2ToByte
    stm32f2xx_rtc.o(i.RTC_SetDate) refers to stm32f2xx_rtc.o(i.RTC_ByteToBcd2) for RTC_ByteToBcd2
    stm32f2xx_rtc.o(i.RTC_SetDate) refers to stm32f2xx_rtc.o(i.RTC_EnterInitMode) for RTC_EnterInitMode
    stm32f2xx_rtc.o(i.RTC_SetDate) refers to stm32f2xx_rtc.o(i.RTC_ExitInitMode) for RTC_ExitInitMode
    stm32f2xx_rtc.o(i.RTC_SetDate) refers to stm32f2xx_rtc.o(i.RTC_WaitForSynchro) for RTC_WaitForSynchro
    stm32f2xx_rtc.o(i.RTC_SetTime) refers to stm32f2xx_rtc.o(i.RTC_Bcd2ToByte) for RTC_Bcd2ToByte
    stm32f2xx_rtc.o(i.RTC_SetTime) refers to stm32f2xx_rtc.o(i.RTC_ByteToBcd2) for RTC_ByteToBcd2
    stm32f2xx_rtc.o(i.RTC_SetTime) refers to stm32f2xx_rtc.o(i.RTC_EnterInitMode) for RTC_EnterInitMode
    stm32f2xx_rtc.o(i.RTC_SetTime) refers to stm32f2xx_rtc.o(i.RTC_ExitInitMode) for RTC_ExitInitMode
    stm32f2xx_rtc.o(i.RTC_SetTime) refers to stm32f2xx_rtc.o(i.RTC_WaitForSynchro) for RTC_WaitForSynchro
    stm32f2xx_sdio.o(i.SDIO_DeInit) refers to stm32f2xx_rcc.o(i.RCC_APB2PeriphResetCmd) for RCC_APB2PeriphResetCmd
    stm32f2xx_spi.o(i.SPI_I2S_DeInit) refers to stm32f2xx_rcc.o(i.RCC_APB2PeriphResetCmd) for RCC_APB2PeriphResetCmd
    stm32f2xx_spi.o(i.SPI_I2S_DeInit) refers to stm32f2xx_rcc.o(i.RCC_APB1PeriphResetCmd) for RCC_APB1PeriphResetCmd
    stm32f2xx_syscfg.o(i.SYSCFG_DeInit) refers to stm32f2xx_rcc.o(i.RCC_APB2PeriphResetCmd) for RCC_APB2PeriphResetCmd
    stm32f2xx_tim.o(i.TIM_DeInit) refers to stm32f2xx_rcc.o(i.RCC_APB2PeriphResetCmd) for RCC_APB2PeriphResetCmd
    stm32f2xx_tim.o(i.TIM_DeInit) refers to stm32f2xx_rcc.o(i.RCC_APB1PeriphResetCmd) for RCC_APB1PeriphResetCmd
    stm32f2xx_tim.o(i.TIM_ETRClockMode1Config) refers to stm32f2xx_tim.o(i.TIM_ETRConfig) for TIM_ETRConfig
    stm32f2xx_tim.o(i.TIM_ETRClockMode2Config) refers to stm32f2xx_tim.o(i.TIM_ETRConfig) for TIM_ETRConfig
    stm32f2xx_tim.o(i.TIM_ICInit) refers to stm32f2xx_tim.o(i.TI1_Config) for TI1_Config
    stm32f2xx_tim.o(i.TIM_ICInit) refers to stm32f2xx_tim.o(i.TIM_SetIC1Prescaler) for TIM_SetIC1Prescaler
    stm32f2xx_tim.o(i.TIM_ICInit) refers to stm32f2xx_tim.o(i.TI2_Config) for TI2_Config
    stm32f2xx_tim.o(i.TIM_ICInit) refers to stm32f2xx_tim.o(i.TIM_SetIC2Prescaler) for TIM_SetIC2Prescaler
    stm32f2xx_tim.o(i.TIM_ICInit) refers to stm32f2xx_tim.o(i.TI3_Config) for TI3_Config
    stm32f2xx_tim.o(i.TIM_ICInit) refers to stm32f2xx_tim.o(i.TIM_SetIC3Prescaler) for TIM_SetIC3Prescaler
    stm32f2xx_tim.o(i.TIM_ICInit) refers to stm32f2xx_tim.o(i.TI4_Config) for TI4_Config
    stm32f2xx_tim.o(i.TIM_ICInit) refers to stm32f2xx_tim.o(i.TIM_SetIC4Prescaler) for TIM_SetIC4Prescaler
    stm32f2xx_tim.o(i.TIM_ITRxExternalClockConfig) refers to stm32f2xx_tim.o(i.TIM_SelectInputTrigger) for TIM_SelectInputTrigger
    stm32f2xx_tim.o(i.TIM_PWMIConfig) refers to stm32f2xx_tim.o(i.TI1_Config) for TI1_Config
    stm32f2xx_tim.o(i.TIM_PWMIConfig) refers to stm32f2xx_tim.o(i.TIM_SetIC1Prescaler) for TIM_SetIC1Prescaler
    stm32f2xx_tim.o(i.TIM_PWMIConfig) refers to stm32f2xx_tim.o(i.TI2_Config) for TI2_Config
    stm32f2xx_tim.o(i.TIM_PWMIConfig) refers to stm32f2xx_tim.o(i.TIM_SetIC2Prescaler) for TIM_SetIC2Prescaler
    stm32f2xx_tim.o(i.TIM_TIxExternalClockConfig) refers to stm32f2xx_tim.o(i.TI2_Config) for TI2_Config
    stm32f2xx_tim.o(i.TIM_TIxExternalClockConfig) refers to stm32f2xx_tim.o(i.TI1_Config) for TI1_Config
    stm32f2xx_tim.o(i.TIM_TIxExternalClockConfig) refers to stm32f2xx_tim.o(i.TIM_SelectInputTrigger) for TIM_SelectInputTrigger
    stm32f2xx_usart.o(i.USART_DeInit) refers to stm32f2xx_rcc.o(i.RCC_APB2PeriphResetCmd) for RCC_APB2PeriphResetCmd
    stm32f2xx_usart.o(i.USART_DeInit) refers to stm32f2xx_rcc.o(i.RCC_APB1PeriphResetCmd) for RCC_APB1PeriphResetCmd
    stm32f2xx_usart.o(i.USART_Init) refers to stm32f2xx_rcc.o(i.RCC_GetClocksFreq) for RCC_GetClocksFreq
    stm32f2xx_wwdg.o(i.WWDG_DeInit) refers to stm32f2xx_rcc.o(i.RCC_APB1PeriphResetCmd) for RCC_APB1PeriphResetCmd
    system_stm32f2xx.o(i.SystemInit) refers to system_stm32f2xx.o(i.SetSysClock) for SetSysClock
    startup_stm32f2xx.o(RESET) refers to startup_stm32f2xx.o(STACK) for __initial_sp
    startup_stm32f2xx.o(RESET) refers to startup_stm32f2xx.o(.text) for Reset_Handler
    startup_stm32f2xx.o(RESET) refers to stm32f2xx_it.o(i.NMI_Handler) for NMI_Handler
    startup_stm32f2xx.o(RESET) refers to stm32f2xx_it.o(i.HardFault_Handler) for HardFault_Handler
    startup_stm32f2xx.o(RESET) refers to stm32f2xx_it.o(i.MemManage_Handler) for MemManage_Handler
    startup_stm32f2xx.o(RESET) refers to stm32f2xx_it.o(i.BusFault_Handler) for BusFault_Handler
    startup_stm32f2xx.o(RESET) refers to stm32f2xx_it.o(i.UsageFault_Handler) for UsageFault_Handler
    startup_stm32f2xx.o(RESET) refers to stm32f2xx_it.o(i.SVC_Handler) for SVC_Handler
    startup_stm32f2xx.o(RESET) refers to stm32f2xx_it.o(i.DebugMon_Handler) for DebugMon_Handler
    startup_stm32f2xx.o(RESET) refers to stm32f2xx_it.o(i.PendSV_Handler) for PendSV_Handler
    startup_stm32f2xx.o(RESET) refers to stm32f2xx_it.o(i.SysTick_Handler) for SysTick_Handler
    startup_stm32f2xx.o(.text) refers to system_stm32f2xx.o(i.SystemInit) for SystemInit
    startup_stm32f2xx.o(.text) refers to entry.o(.ARM.Collect$$$$00000000) for __main
    entry.o(.ARM.Collect$$$$00000000) refers (Special) to entry10a.o(.ARM.Collect$$$$0000000D) for __rt_final_cpp
    entry.o(.ARM.Collect$$$$00000000) refers (Special) to entry11a.o(.ARM.Collect$$$$0000000F) for __rt_final_exit
    entry.o(.ARM.Collect$$$$00000000) refers (Special) to entry7b.o(.ARM.Collect$$$$00000008) for _main_clock
    entry.o(.ARM.Collect$$$$00000000) refers (Special) to entry8b.o(.ARM.Collect$$$$0000000A) for _main_cpp_init
    entry.o(.ARM.Collect$$$$00000000) refers (Special) to entry9a.o(.ARM.Collect$$$$0000000B) for _main_init
    entry.o(.ARM.Collect$$$$00000000) refers (Special) to entry5.o(.ARM.Collect$$$$00000004) for _main_scatterload
    entry.o(.ARM.Collect$$$$00000000) refers (Special) to entry2.o(.ARM.Collect$$$$00000001) for _main_stk
    entry2.o(.ARM.Collect$$$$00000001) refers to entry2.o(.ARM.Collect$$$$00002712) for __lit__00000000
    entry2.o(.ARM.Collect$$$$00002712) refers to startup_stm32f2xx.o(STACK) for __initial_sp
    entry2.o(__vectab_stack_and_reset_area) refers to startup_stm32f2xx.o(STACK) for __initial_sp
    entry2.o(__vectab_stack_and_reset_area) refers to entry.o(.ARM.Collect$$$$00000000) for __main
    entry5.o(.ARM.Collect$$$$00000004) refers to init.o(.text) for __scatterload
    entry9a.o(.ARM.Collect$$$$0000000B) refers to main.o(i.main) for main
    entry9b.o(.ARM.Collect$$$$0000000C) refers to main.o(i.main) for main
    init.o(.text) refers to entry5.o(.ARM.Collect$$$$00000004) for __main_after_scatterload


==============================================================================

Removing Unused input sections from the image.

    Removing stm32_eval.o(i.SD_LowLevel_DeInit), (24 bytes).
    Removing stm32_eval.o(i.SD_LowLevel_Init), (200 bytes).
    Removing stm32_eval.o(i.STM_EVAL_COMInit), (224 bytes).
    Removing stm32_eval.o(i.STM_EVAL_LEDToggle), (36 bytes).
    Removing stm32_eval.o(i.STM_EVAL_PBGetState), (32 bytes).
    Removing stm32_eval.o(i.STM_EVAL_PBInit), (180 bytes).
    Removing stm32_eval.o(i.sEE_LowLevel_DMAConfig), (64 bytes).
    Removing stm32_eval.o(i.sEE_LowLevel_DeInit), (152 bytes).
    Removing stm32_eval.o(i.sEE_LowLevel_Init), (328 bytes).
    Removing stm32_eval.o(.bss), (60 bytes).
    Removing misc.o(i.NVIC_Init), (120 bytes).
    Removing misc.o(i.NVIC_PriorityGroupConfig), (20 bytes).
    Removing misc.o(i.NVIC_SetVectorTable), (20 bytes).
    Removing misc.o(i.NVIC_SystemLPConfig), (32 bytes).
    Removing misc.o(i.SysTick_CLKSourceConfig), (40 bytes).
    Removing stm32f2xx_adc.o(i.ADC_AnalogWatchdogCmd), (20 bytes).
    Removing stm32f2xx_adc.o(i.ADC_AnalogWatchdogSingleChannelConfig), (16 bytes).
    Removing stm32f2xx_adc.o(i.ADC_AnalogWatchdogThresholdsConfig), (6 bytes).
    Removing stm32f2xx_adc.o(i.ADC_AutoInjectedConvCmd), (22 bytes).
    Removing stm32f2xx_adc.o(i.ADC_ClearFlag), (6 bytes).
    Removing stm32f2xx_adc.o(i.ADC_ClearITPendingBit), (10 bytes).
    Removing stm32f2xx_adc.o(i.ADC_Cmd), (22 bytes).
    Removing stm32f2xx_adc.o(i.ADC_CommonInit), (48 bytes).
    Removing stm32f2xx_adc.o(i.ADC_CommonStructInit), (12 bytes).
    Removing stm32f2xx_adc.o(i.ADC_ContinuousModeCmd), (22 bytes).
    Removing stm32f2xx_adc.o(i.ADC_DMACmd), (22 bytes).
    Removing stm32f2xx_adc.o(i.ADC_DMARequestAfterLastTransferCmd), (22 bytes).
    Removing stm32f2xx_adc.o(i.ADC_DeInit), (22 bytes).
    Removing stm32f2xx_adc.o(i.ADC_DiscModeChannelCountConfig), (24 bytes).
    Removing stm32f2xx_adc.o(i.ADC_DiscModeCmd), (22 bytes).
    Removing stm32f2xx_adc.o(i.ADC_EOCOnEachRegularChannelCmd), (22 bytes).
    Removing stm32f2xx_adc.o(i.ADC_ExternalTrigInjectedConvConfig), (16 bytes).
    Removing stm32f2xx_adc.o(i.ADC_ExternalTrigInjectedConvEdgeConfig), (16 bytes).
    Removing stm32f2xx_adc.o(i.ADC_GetConversionValue), (8 bytes).
    Removing stm32f2xx_adc.o(i.ADC_GetFlagStatus), (18 bytes).
    Removing stm32f2xx_adc.o(i.ADC_GetITStatus), (38 bytes).
    Removing stm32f2xx_adc.o(i.ADC_GetInjectedConversionValue), (28 bytes).
    Removing stm32f2xx_adc.o(i.ADC_GetMultiModeConversionValue), (12 bytes).
    Removing stm32f2xx_adc.o(i.ADC_GetSoftwareStartConvStatus), (20 bytes).
    Removing stm32f2xx_adc.o(i.ADC_GetSoftwareStartInjectedConvCmdStatus), (20 bytes).
    Removing stm32f2xx_adc.o(i.ADC_ITConfig), (32 bytes).
    Removing stm32f2xx_adc.o(i.ADC_Init), (84 bytes).
    Removing stm32f2xx_adc.o(i.ADC_InjectedChannelConfig), (130 bytes).
    Removing stm32f2xx_adc.o(i.ADC_InjectedDiscModeCmd), (22 bytes).
    Removing stm32f2xx_adc.o(i.ADC_InjectedSequencerLengthConfig), (24 bytes).
    Removing stm32f2xx_adc.o(i.ADC_MultiModeDMARequestAfterLastTransferCmd), (44 bytes).
    Removing stm32f2xx_adc.o(i.ADC_RegularChannelConfig), (184 bytes).
    Removing stm32f2xx_adc.o(i.ADC_SetInjectedOffset), (20 bytes).
    Removing stm32f2xx_adc.o(i.ADC_SoftwareStartConv), (10 bytes).
    Removing stm32f2xx_adc.o(i.ADC_SoftwareStartInjectedConv), (10 bytes).
    Removing stm32f2xx_adc.o(i.ADC_StructInit), (20 bytes).
    Removing stm32f2xx_adc.o(i.ADC_TempSensorVrefintCmd), (44 bytes).
    Removing stm32f2xx_adc.o(i.ADC_VBATCmd), (44 bytes).
    Removing stm32f2xx_can.o(i.CAN_CancelTransmit), (48 bytes).
    Removing stm32f2xx_can.o(i.CAN_ClearFlag), (56 bytes).
    Removing stm32f2xx_can.o(i.CAN_ClearITPendingBit), (168 bytes).
    Removing stm32f2xx_can.o(i.CAN_DBGFreeze), (22 bytes).
    Removing stm32f2xx_can.o(i.CAN_DeInit), (56 bytes).
    Removing stm32f2xx_can.o(i.CAN_FIFORelease), (22 bytes).
    Removing stm32f2xx_can.o(i.CAN_FilterInit), (264 bytes).
    Removing stm32f2xx_can.o(i.CAN_GetFlagStatus), (120 bytes).
    Removing stm32f2xx_can.o(i.CAN_GetITStatus), (288 bytes).
    Removing stm32f2xx_can.o(i.CAN_GetLSBTransmitErrorCounter), (12 bytes).
    Removing stm32f2xx_can.o(i.CAN_GetLastErrorCode), (12 bytes).
    Removing stm32f2xx_can.o(i.CAN_GetReceiveErrorCounter), (10 bytes).
    Removing stm32f2xx_can.o(i.CAN_ITConfig), (18 bytes).
    Removing stm32f2xx_can.o(i.CAN_Init), (276 bytes).
    Removing stm32f2xx_can.o(i.CAN_MessagePending), (30 bytes).
    Removing stm32f2xx_can.o(i.CAN_OperatingModeRequest), (162 bytes).
    Removing stm32f2xx_can.o(i.CAN_Receive), (240 bytes).
    Removing stm32f2xx_can.o(i.CAN_SlaveStartBank), (52 bytes).
    Removing stm32f2xx_can.o(i.CAN_Sleep), (30 bytes).
    Removing stm32f2xx_can.o(i.CAN_StructInit), (32 bytes).
    Removing stm32f2xx_can.o(i.CAN_TTComModeCmd), (118 bytes).
    Removing stm32f2xx_can.o(i.CAN_Transmit), (294 bytes).
    Removing stm32f2xx_can.o(i.CAN_TransmitStatus), (160 bytes).
    Removing stm32f2xx_can.o(i.CAN_WakeUp), (48 bytes).
    Removing stm32f2xx_can.o(i.CheckITStatus), (18 bytes).
    Removing stm32f2xx_crc.o(i.CRC_CalcBlockCRC), (36 bytes).
    Removing stm32f2xx_crc.o(i.CRC_CalcCRC), (16 bytes).
    Removing stm32f2xx_crc.o(i.CRC_GetCRC), (12 bytes).
    Removing stm32f2xx_crc.o(i.CRC_GetIDRegister), (12 bytes).
    Removing stm32f2xx_crc.o(i.CRC_ResetDR), (12 bytes).
    Removing stm32f2xx_crc.o(i.CRC_SetIDRegister), (12 bytes).
    Removing stm32f2xx_cryp.o(i.CRYP_Cmd), (36 bytes).
    Removing stm32f2xx_cryp.o(i.CRYP_DMACmd), (36 bytes).
    Removing stm32f2xx_cryp.o(i.CRYP_DataIn), (12 bytes).
    Removing stm32f2xx_cryp.o(i.CRYP_DataOut), (12 bytes).
    Removing stm32f2xx_cryp.o(i.CRYP_DeInit), (20 bytes).
    Removing stm32f2xx_cryp.o(i.CRYP_FIFOFlush), (20 bytes).
    Removing stm32f2xx_cryp.o(i.CRYP_GetFlagStatus), (40 bytes).
    Removing stm32f2xx_cryp.o(i.CRYP_GetITStatus), (24 bytes).
    Removing stm32f2xx_cryp.o(i.CRYP_ITConfig), (36 bytes).
    Removing stm32f2xx_cryp.o(i.CRYP_IVInit), (24 bytes).
    Removing stm32f2xx_cryp.o(i.CRYP_IVStructInit), (12 bytes).
    Removing stm32f2xx_cryp.o(i.CRYP_Init), (124 bytes).
    Removing stm32f2xx_cryp.o(i.CRYP_KeyInit), (40 bytes).
    Removing stm32f2xx_cryp.o(i.CRYP_KeyStructInit), (20 bytes).
    Removing stm32f2xx_cryp.o(i.CRYP_RestoreContext), (72 bytes).
    Removing stm32f2xx_cryp.o(i.CRYP_SaveContext), (180 bytes).
    Removing stm32f2xx_cryp.o(i.CRYP_StructInit), (12 bytes).
    Removing stm32f2xx_cryp_aes.o(i.CRYP_AES_CBC), (550 bytes).
    Removing stm32f2xx_cryp_aes.o(i.CRYP_AES_CTR), (470 bytes).
    Removing stm32f2xx_cryp_aes.o(i.CRYP_AES_ECB), (504 bytes).
    Removing stm32f2xx_cryp_des.o(i.CRYP_DES_CBC), (246 bytes).
    Removing stm32f2xx_cryp_des.o(i.CRYP_DES_ECB), (222 bytes).
    Removing stm32f2xx_cryp_tdes.o(i.CRYP_TDES_CBC), (278 bytes).
    Removing stm32f2xx_cryp_tdes.o(i.CRYP_TDES_ECB), (254 bytes).
    Removing stm32f2xx_dac.o(i.DAC_ClearFlag), (16 bytes).
    Removing stm32f2xx_dac.o(i.DAC_ClearITPendingBit), (16 bytes).
    Removing stm32f2xx_dac.o(i.DAC_Cmd), (40 bytes).
    Removing stm32f2xx_dac.o(i.DAC_DMACmd), (44 bytes).
    Removing stm32f2xx_dac.o(i.DAC_DeInit), (22 bytes).
    Removing stm32f2xx_dac.o(i.DAC_DualSoftwareTriggerCmd), (36 bytes).
    Removing stm32f2xx_dac.o(i.DAC_GetDataOutputValue), (36 bytes).
    Removing stm32f2xx_dac.o(i.DAC_GetFlagStatus), (32 bytes).
    Removing stm32f2xx_dac.o(i.DAC_GetITStatus), (48 bytes).
    Removing stm32f2xx_dac.o(i.DAC_ITConfig), (40 bytes).
    Removing stm32f2xx_dac.o(i.DAC_Init), (52 bytes).
    Removing stm32f2xx_dac.o(i.DAC_SetChannel1Data), (32 bytes).
    Removing stm32f2xx_dac.o(i.DAC_SetChannel2Data), (32 bytes).
    Removing stm32f2xx_dac.o(i.DAC_SetDualChannelData), (36 bytes).
    Removing stm32f2xx_dac.o(i.DAC_SoftwareTriggerCmd), (44 bytes).
    Removing stm32f2xx_dac.o(i.DAC_StructInit), (12 bytes).
    Removing stm32f2xx_dac.o(i.DAC_WaveGenerationCmd), (40 bytes).
    Removing stm32f2xx_dbgmcu.o(i.DBGMCU_APB1PeriphConfig), (32 bytes).
    Removing stm32f2xx_dbgmcu.o(i.DBGMCU_APB2PeriphConfig), (32 bytes).
    Removing stm32f2xx_dbgmcu.o(i.DBGMCU_Config), (32 bytes).
    Removing stm32f2xx_dbgmcu.o(i.DBGMCU_GetDEVID), (16 bytes).
    Removing stm32f2xx_dbgmcu.o(i.DBGMCU_GetREVID), (12 bytes).
    Removing stm32f2xx_dcmi.o(i.DCMI_CROPCmd), (36 bytes).
    Removing stm32f2xx_dcmi.o(i.DCMI_CROPConfig), (32 bytes).
    Removing stm32f2xx_dcmi.o(i.DCMI_CaptureCmd), (36 bytes).
    Removing stm32f2xx_dcmi.o(i.DCMI_ClearFlag), (12 bytes).
    Removing stm32f2xx_dcmi.o(i.DCMI_ClearITPendingBit), (12 bytes).
    Removing stm32f2xx_dcmi.o(i.DCMI_Cmd), (36 bytes).
    Removing stm32f2xx_dcmi.o(i.DCMI_DeInit), (28 bytes).
    Removing stm32f2xx_dcmi.o(i.DCMI_GetFlagStatus), (52 bytes).
    Removing stm32f2xx_dcmi.o(i.DCMI_GetITStatus), (28 bytes).
    Removing stm32f2xx_dcmi.o(i.DCMI_ITConfig), (36 bytes).
    Removing stm32f2xx_dcmi.o(i.DCMI_Init), (64 bytes).
    Removing stm32f2xx_dcmi.o(i.DCMI_JPEGCmd), (36 bytes).
    Removing stm32f2xx_dcmi.o(i.DCMI_ReadData), (12 bytes).
    Removing stm32f2xx_dcmi.o(i.DCMI_SetEmbeddedSynchroCodes), (32 bytes).
    Removing stm32f2xx_dcmi.o(i.DCMI_StructInit), (18 bytes).
    Removing stm32f2xx_dma.o(i.DMA_ClearFlag), (52 bytes).
    Removing stm32f2xx_dma.o(i.DMA_ClearITPendingBit), (52 bytes).
    Removing stm32f2xx_dma.o(i.DMA_Cmd), (22 bytes).
    Removing stm32f2xx_dma.o(i.DMA_DeInit), (344 bytes).
    Removing stm32f2xx_dma.o(i.DMA_DoubleBufferModeCmd), (22 bytes).
    Removing stm32f2xx_dma.o(i.DMA_DoubleBufferModeConfig), (24 bytes).
    Removing stm32f2xx_dma.o(i.DMA_FlowControllerConfig), (22 bytes).
    Removing stm32f2xx_dma.o(i.DMA_GetCmdStatus), (20 bytes).
    Removing stm32f2xx_dma.o(i.DMA_GetCurrDataCounter), (8 bytes).
    Removing stm32f2xx_dma.o(i.DMA_GetCurrentMemoryTarget), (20 bytes).
    Removing stm32f2xx_dma.o(i.DMA_GetFIFOStatus), (12 bytes).
    Removing stm32f2xx_dma.o(i.DMA_GetFlagStatus), (68 bytes).
    Removing stm32f2xx_dma.o(i.DMA_GetITStatus), (100 bytes).
    Removing stm32f2xx_dma.o(i.DMA_ITConfig), (58 bytes).
    Removing stm32f2xx_dma.o(i.DMA_Init), (88 bytes).
    Removing stm32f2xx_dma.o(i.DMA_MemoryTargetConfig), (10 bytes).
    Removing stm32f2xx_dma.o(i.DMA_PeriphIncOffsetSizeConfig), (22 bytes).
    Removing stm32f2xx_dma.o(i.DMA_SetCurrDataCounter), (4 bytes).
    Removing stm32f2xx_dma.o(i.DMA_StructInit), (34 bytes).
    Removing stm32f2xx_exti.o(i.EXTI_ClearFlag), (12 bytes).
    Removing stm32f2xx_exti.o(i.EXTI_ClearITPendingBit), (12 bytes).
    Removing stm32f2xx_exti.o(i.EXTI_DeInit), (36 bytes).
    Removing stm32f2xx_exti.o(i.EXTI_GenerateSWInterrupt), (16 bytes).
    Removing stm32f2xx_exti.o(i.EXTI_GetFlagStatus), (24 bytes).
    Removing stm32f2xx_exti.o(i.EXTI_GetITStatus), (40 bytes).
    Removing stm32f2xx_exti.o(i.EXTI_Init), (148 bytes).
    Removing stm32f2xx_exti.o(i.EXTI_StructInit), (16 bytes).
    Removing stm32f2xx_flash.o(i.FLASH_ClearFlag), (12 bytes).
    Removing stm32f2xx_flash.o(i.FLASH_DataCacheCmd), (36 bytes).
    Removing stm32f2xx_flash.o(i.FLASH_DataCacheReset), (20 bytes).
    Removing stm32f2xx_flash.o(i.FLASH_EraseAllSectors), (108 bytes).
    Removing stm32f2xx_flash.o(i.FLASH_EraseSector), (136 bytes).
    Removing stm32f2xx_flash.o(i.FLASH_GetFlagStatus), (24 bytes).
    Removing stm32f2xx_flash.o(i.FLASH_GetStatus), (72 bytes).
    Removing stm32f2xx_flash.o(i.FLASH_ITConfig), (32 bytes).
    Removing stm32f2xx_flash.o(i.FLASH_InstructionCacheCmd), (36 bytes).
    Removing stm32f2xx_flash.o(i.FLASH_InstructionCacheReset), (20 bytes).
    Removing stm32f2xx_flash.o(i.FLASH_Lock), (20 bytes).
    Removing stm32f2xx_flash.o(i.FLASH_OB_BORConfig), (28 bytes).
    Removing stm32f2xx_flash.o(i.FLASH_OB_GetBOR), (16 bytes).
    Removing stm32f2xx_flash.o(i.FLASH_OB_GetRDP), (24 bytes).
    Removing stm32f2xx_flash.o(i.FLASH_OB_GetUser), (16 bytes).
    Removing stm32f2xx_flash.o(i.FLASH_OB_GetWRP), (12 bytes).
    Removing stm32f2xx_flash.o(i.FLASH_OB_Launch), (32 bytes).
    Removing stm32f2xx_flash.o(i.FLASH_OB_Lock), (20 bytes).
    Removing stm32f2xx_flash.o(i.FLASH_OB_RDPConfig), (28 bytes).
    Removing stm32f2xx_flash.o(i.FLASH_OB_Unlock), (36 bytes).
    Removing stm32f2xx_flash.o(i.FLASH_OB_UserConfig), (48 bytes).
    Removing stm32f2xx_flash.o(i.FLASH_OB_WRPConfig), (52 bytes).
    Removing stm32f2xx_flash.o(i.FLASH_PrefetchBufferCmd), (36 bytes).
    Removing stm32f2xx_flash.o(i.FLASH_ProgramByte), (76 bytes).
    Removing stm32f2xx_flash.o(i.FLASH_ProgramDoubleWord), (84 bytes).
    Removing stm32f2xx_flash.o(i.FLASH_ProgramHalfWord), (80 bytes).
    Removing stm32f2xx_flash.o(i.FLASH_ProgramWord), (80 bytes).
    Removing stm32f2xx_flash.o(i.FLASH_SetLatency), (12 bytes).
    Removing stm32f2xx_flash.o(i.FLASH_Unlock), (36 bytes).
    Removing stm32f2xx_flash.o(i.FLASH_WaitForLastOperation), (34 bytes).
    Removing stm32f2xx_fsmc.o(i.FSMC_ClearFlag), (64 bytes).
    Removing stm32f2xx_fsmc.o(i.FSMC_ClearITPendingBit), (72 bytes).
    Removing stm32f2xx_fsmc.o(i.FSMC_GetECC), (28 bytes).
    Removing stm32f2xx_fsmc.o(i.FSMC_GetFlagStatus), (56 bytes).
    Removing stm32f2xx_fsmc.o(i.FSMC_GetITStatus), (68 bytes).
    Removing stm32f2xx_fsmc.o(i.FSMC_ITConfig), (128 bytes).
    Removing stm32f2xx_fsmc.o(i.FSMC_NANDCmd), (92 bytes).
    Removing stm32f2xx_fsmc.o(i.FSMC_NANDDeInit), (68 bytes).
    Removing stm32f2xx_fsmc.o(i.FSMC_NANDECCCmd), (92 bytes).
    Removing stm32f2xx_fsmc.o(i.FSMC_NANDInit), (136 bytes).
    Removing stm32f2xx_fsmc.o(i.FSMC_NANDStructInit), (54 bytes).
    Removing stm32f2xx_fsmc.o(i.FSMC_NORSRAMDeInit), (54 bytes).
    Removing stm32f2xx_fsmc.o(i.FSMC_NORSRAMStructInit), (114 bytes).
    Removing stm32f2xx_fsmc.o(i.FSMC_PCCARDCmd), (48 bytes).
    Removing stm32f2xx_fsmc.o(i.FSMC_PCCARDDeInit), (40 bytes).
    Removing stm32f2xx_fsmc.o(i.FSMC_PCCARDInit), (132 bytes).
    Removing stm32f2xx_fsmc.o(i.FSMC_PCCARDStructInit), (60 bytes).
    Removing stm32f2xx_gpio.o(i.GPIO_DeInit), (256 bytes).
    Removing stm32f2xx_gpio.o(i.GPIO_PinLockConfig), (34 bytes).
    Removing stm32f2xx_gpio.o(i.GPIO_ReadInputData), (8 bytes).
    Removing stm32f2xx_gpio.o(i.GPIO_ReadInputDataBit), (18 bytes).
    Removing stm32f2xx_gpio.o(i.GPIO_ReadOutputData), (8 bytes).
    Removing stm32f2xx_gpio.o(i.GPIO_ReadOutputDataBit), (18 bytes).
    Removing stm32f2xx_gpio.o(i.GPIO_ResetBits), (4 bytes).
    Removing stm32f2xx_gpio.o(i.GPIO_SetBits), (4 bytes).
    Removing stm32f2xx_gpio.o(i.GPIO_StructInit), (18 bytes).
    Removing stm32f2xx_gpio.o(i.GPIO_ToggleBits), (8 bytes).
    Removing stm32f2xx_gpio.o(i.GPIO_Write), (4 bytes).
    Removing stm32f2xx_gpio.o(i.GPIO_WriteBit), (10 bytes).
    Removing stm32f2xx_hash.o(i.HASH_ClearFlag), (12 bytes).
    Removing stm32f2xx_hash.o(i.HASH_ClearITPendingBit), (16 bytes).
    Removing stm32f2xx_hash.o(i.HASH_DMACmd), (36 bytes).
    Removing stm32f2xx_hash.o(i.HASH_DataIn), (12 bytes).
    Removing stm32f2xx_hash.o(i.HASH_DeInit), (20 bytes).
    Removing stm32f2xx_hash.o(i.HASH_GetDigest), (44 bytes).
    Removing stm32f2xx_hash.o(i.HASH_GetFlagStatus), (44 bytes).
    Removing stm32f2xx_hash.o(i.HASH_GetITStatus), (32 bytes).
    Removing stm32f2xx_hash.o(i.HASH_GetInFIFOWordsNbr), (16 bytes).
    Removing stm32f2xx_hash.o(i.HASH_ITConfig), (36 bytes).
    Removing stm32f2xx_hash.o(i.HASH_Init), (80 bytes).
    Removing stm32f2xx_hash.o(i.HASH_Reset), (20 bytes).
    Removing stm32f2xx_hash.o(i.HASH_RestoreContext), (68 bytes).
    Removing stm32f2xx_hash.o(i.HASH_SaveContext), (60 bytes).
    Removing stm32f2xx_hash.o(i.HASH_SetLastWordValidBitsNbr), (28 bytes).
    Removing stm32f2xx_hash.o(i.HASH_StartDigest), (20 bytes).
    Removing stm32f2xx_hash.o(i.HASH_StructInit), (12 bytes).
    Removing stm32f2xx_hash_md5.o(i.HASH_MD5), (180 bytes).
    Removing stm32f2xx_hash_md5.o(i.HMAC_MD5), (354 bytes).
    Removing stm32f2xx_hash_sha1.o(i.HASH_SHA1), (186 bytes).
    Removing stm32f2xx_hash_sha1.o(i.HMAC_SHA1), (362 bytes).
    Removing stm32f2xx_i2c.o(i.I2C_ARPCmd), (24 bytes).
    Removing stm32f2xx_i2c.o(i.I2C_AcknowledgeConfig), (24 bytes).
    Removing stm32f2xx_i2c.o(i.I2C_CalculatePEC), (24 bytes).
    Removing stm32f2xx_i2c.o(i.I2C_CheckEvent), (42 bytes).
    Removing stm32f2xx_i2c.o(i.I2C_ClearFlag), (12 bytes).
    Removing stm32f2xx_i2c.o(i.I2C_ClearITPendingBit), (12 bytes).
    Removing stm32f2xx_i2c.o(i.I2C_Cmd), (24 bytes).
    Removing stm32f2xx_i2c.o(i.I2C_DMACmd), (24 bytes).
    Removing stm32f2xx_i2c.o(i.I2C_DMALastTransferCmd), (24 bytes).
    Removing stm32f2xx_i2c.o(i.I2C_DeInit), (96 bytes).
    Removing stm32f2xx_i2c.o(i.I2C_DualAddressCmd), (24 bytes).
    Removing stm32f2xx_i2c.o(i.I2C_FastModeDutyCycleConfig), (28 bytes).
    Removing stm32f2xx_i2c.o(i.I2C_GeneralCallCmd), (24 bytes).
    Removing stm32f2xx_i2c.o(i.I2C_GenerateSTART), (24 bytes).
    Removing stm32f2xx_i2c.o(i.I2C_GenerateSTOP), (24 bytes).
    Removing stm32f2xx_i2c.o(i.I2C_GetFlagStatus), (58 bytes).
    Removing stm32f2xx_i2c.o(i.I2C_GetITStatus), (38 bytes).
    Removing stm32f2xx_i2c.o(i.I2C_GetLastEvent), (26 bytes).
    Removing stm32f2xx_i2c.o(i.I2C_GetPEC), (8 bytes).
    Removing stm32f2xx_i2c.o(i.I2C_ITConfig), (18 bytes).
    Removing stm32f2xx_i2c.o(i.I2C_Init), (232 bytes).
    Removing stm32f2xx_i2c.o(i.I2C_NACKPositionConfig), (28 bytes).
    Removing stm32f2xx_i2c.o(i.I2C_OwnAddress2Config), (22 bytes).
    Removing stm32f2xx_i2c.o(i.I2C_PECPositionConfig), (28 bytes).
    Removing stm32f2xx_i2c.o(i.I2C_ReadRegister), (22 bytes).
    Removing stm32f2xx_i2c.o(i.I2C_ReceiveData), (8 bytes).
    Removing stm32f2xx_i2c.o(i.I2C_SMBusAlertConfig), (28 bytes).
    Removing stm32f2xx_i2c.o(i.I2C_Send7bitAddress), (16 bytes).
    Removing stm32f2xx_i2c.o(i.I2C_SendData), (4 bytes).
    Removing stm32f2xx_i2c.o(i.I2C_SoftwareResetCmd), (22 bytes).
    Removing stm32f2xx_i2c.o(i.I2C_StretchClockCmd), (24 bytes).
    Removing stm32f2xx_i2c.o(i.I2C_StructInit), (30 bytes).
    Removing stm32f2xx_i2c.o(i.I2C_TransmitPEC), (24 bytes).
    Removing stm32f2xx_iwdg.o(i.IWDG_Enable), (16 bytes).
    Removing stm32f2xx_iwdg.o(i.IWDG_GetFlagStatus), (24 bytes).
    Removing stm32f2xx_iwdg.o(i.IWDG_ReloadCounter), (16 bytes).
    Removing stm32f2xx_iwdg.o(i.IWDG_SetPrescaler), (12 bytes).
    Removing stm32f2xx_iwdg.o(i.IWDG_SetReload), (12 bytes).
    Removing stm32f2xx_iwdg.o(i.IWDG_WriteAccessCmd), (12 bytes).
    Removing stm32f2xx_pwr.o(i.PWR_BackupAccessCmd), (12 bytes).
    Removing stm32f2xx_pwr.o(i.PWR_BackupRegulatorCmd), (12 bytes).
    Removing stm32f2xx_pwr.o(i.PWR_ClearFlag), (20 bytes).
    Removing stm32f2xx_pwr.o(i.PWR_DeInit), (22 bytes).
    Removing stm32f2xx_pwr.o(i.PWR_EnterSTANDBYMode), (52 bytes).
    Removing stm32f2xx_pwr.o(i.PWR_EnterSTOPMode), (64 bytes).
    Removing stm32f2xx_pwr.o(i.PWR_FlashPowerDownCmd), (12 bytes).
    Removing stm32f2xx_pwr.o(i.PWR_GetFlagStatus), (24 bytes).
    Removing stm32f2xx_pwr.o(i.PWR_PVDCmd), (12 bytes).
    Removing stm32f2xx_pwr.o(i.PWR_PVDLevelConfig), (24 bytes).
    Removing stm32f2xx_pwr.o(i.PWR_WakeUpPinCmd), (12 bytes).
    Removing stm32f2xx_rcc.o(i.RCC_AHB1PeriphClockLPModeCmd), (32 bytes).
    Removing stm32f2xx_rcc.o(i.RCC_AHB1PeriphResetCmd), (32 bytes).
    Removing stm32f2xx_rcc.o(i.RCC_AHB2PeriphClockCmd), (32 bytes).
    Removing stm32f2xx_rcc.o(i.RCC_AHB2PeriphClockLPModeCmd), (32 bytes).
    Removing stm32f2xx_rcc.o(i.RCC_AHB2PeriphResetCmd), (32 bytes).
    Removing stm32f2xx_rcc.o(i.RCC_AHB3PeriphClockLPModeCmd), (32 bytes).
    Removing stm32f2xx_rcc.o(i.RCC_AHB3PeriphResetCmd), (32 bytes).
    Removing stm32f2xx_rcc.o(i.RCC_APB1PeriphClockCmd), (32 bytes).
    Removing stm32f2xx_rcc.o(i.RCC_APB1PeriphClockLPModeCmd), (32 bytes).
    Removing stm32f2xx_rcc.o(i.RCC_APB1PeriphResetCmd), (32 bytes).
    Removing stm32f2xx_rcc.o(i.RCC_APB2PeriphClockCmd), (32 bytes).
    Removing stm32f2xx_rcc.o(i.RCC_APB2PeriphClockLPModeCmd), (32 bytes).
    Removing stm32f2xx_rcc.o(i.RCC_APB2PeriphResetCmd), (32 bytes).
    Removing stm32f2xx_rcc.o(i.RCC_AdjustHSICalibrationValue), (24 bytes).
    Removing stm32f2xx_rcc.o(i.RCC_BackupResetCmd), (12 bytes).
    Removing stm32f2xx_rcc.o(i.RCC_ClearFlag), (20 bytes).
    Removing stm32f2xx_rcc.o(i.RCC_ClearITPendingBit), (12 bytes).
    Removing stm32f2xx_rcc.o(i.RCC_ClockSecuritySystemCmd), (12 bytes).
    Removing stm32f2xx_rcc.o(i.RCC_DeInit), (72 bytes).
    Removing stm32f2xx_rcc.o(i.RCC_GetClocksFreq), (232 bytes).
    Removing stm32f2xx_rcc.o(i.RCC_GetFlagStatus), (64 bytes).
    Removing stm32f2xx_rcc.o(i.RCC_GetITStatus), (24 bytes).
    Removing stm32f2xx_rcc.o(i.RCC_GetSYSCLKSource), (16 bytes).
    Removing stm32f2xx_rcc.o(i.RCC_HCLKConfig), (24 bytes).
    Removing stm32f2xx_rcc.o(i.RCC_HSEConfig), (16 bytes).
    Removing stm32f2xx_rcc.o(i.RCC_HSICmd), (12 bytes).
    Removing stm32f2xx_rcc.o(i.RCC_I2SCLKConfig), (12 bytes).
    Removing stm32f2xx_rcc.o(i.RCC_ITConfig), (32 bytes).
    Removing stm32f2xx_rcc.o(i.RCC_LSEConfig), (44 bytes).
    Removing stm32f2xx_rcc.o(i.RCC_LSICmd), (12 bytes).
    Removing stm32f2xx_rcc.o(i.RCC_MCO1Config), (28 bytes).
    Removing stm32f2xx_rcc.o(i.RCC_MCO2Config), (28 bytes).
    Removing stm32f2xx_rcc.o(i.RCC_PCLK1Config), (24 bytes).
    Removing stm32f2xx_rcc.o(i.RCC_PCLK2Config), (24 bytes).
    Removing stm32f2xx_rcc.o(i.RCC_PLLCmd), (12 bytes).
    Removing stm32f2xx_rcc.o(i.RCC_PLLConfig), (36 bytes).
    Removing stm32f2xx_rcc.o(i.RCC_PLLI2SCmd), (12 bytes).
    Removing stm32f2xx_rcc.o(i.RCC_PLLI2SConfig), (16 bytes).
    Removing stm32f2xx_rcc.o(i.RCC_RTCCLKCmd), (12 bytes).
    Removing stm32f2xx_rcc.o(i.RCC_RTCCLKConfig), (60 bytes).
    Removing stm32f2xx_rcc.o(i.RCC_SYSCLKConfig), (24 bytes).
    Removing stm32f2xx_rcc.o(i.RCC_WaitForHSEStartUp), (56 bytes).
    Removing stm32f2xx_rcc.o(.data), (16 bytes).
    Removing stm32f2xx_rng.o(i.RNG_ClearFlag), (16 bytes).
    Removing stm32f2xx_rng.o(i.RNG_ClearITPendingBit), (16 bytes).
    Removing stm32f2xx_rng.o(i.RNG_Cmd), (36 bytes).
    Removing stm32f2xx_rng.o(i.RNG_DeInit), (20 bytes).
    Removing stm32f2xx_rng.o(i.RNG_GetFlagStatus), (24 bytes).
    Removing stm32f2xx_rng.o(i.RNG_GetITStatus), (24 bytes).
    Removing stm32f2xx_rng.o(i.RNG_GetRandomNumber), (12 bytes).
    Removing stm32f2xx_rng.o(i.RNG_ITConfig), (36 bytes).
    Removing stm32f2xx_rtc.o(i.RTC_AlarmCmd), (116 bytes).
    Removing stm32f2xx_rtc.o(i.RTC_AlarmStructInit), (22 bytes).
    Removing stm32f2xx_rtc.o(i.RTC_Bcd2ToByte), (22 bytes).
    Removing stm32f2xx_rtc.o(i.RTC_ByteToBcd2), (28 bytes).
    Removing stm32f2xx_rtc.o(i.RTC_CalibOutputCmd), (60 bytes).
    Removing stm32f2xx_rtc.o(i.RTC_ClearFlag), (28 bytes).
    Removing stm32f2xx_rtc.o(i.RTC_ClearITPendingBit), (32 bytes).
    Removing stm32f2xx_rtc.o(i.RTC_CoarseCalibCmd), (80 bytes).
    Removing stm32f2xx_rtc.o(i.RTC_CoarseCalibConfig), (56 bytes).
    Removing stm32f2xx_rtc.o(i.RTC_DateStructInit), (14 bytes).
    Removing stm32f2xx_rtc.o(i.RTC_DayLightSavingConfig), (56 bytes).
    Removing stm32f2xx_rtc.o(i.RTC_DeInit), (192 bytes).
    Removing stm32f2xx_rtc.o(i.RTC_EnterInitMode), (80 bytes).
    Removing stm32f2xx_rtc.o(i.RTC_ExitInitMode), (20 bytes).
    Removing stm32f2xx_rtc.o(i.RTC_GetAlarm), (116 bytes).
    Removing stm32f2xx_rtc.o(i.RTC_GetDate), (80 bytes).
    Removing stm32f2xx_rtc.o(i.RTC_GetFlagStatus), (40 bytes).
    Removing stm32f2xx_rtc.o(i.RTC_GetITStatus), (64 bytes).
    Removing stm32f2xx_rtc.o(i.RTC_GetStoreOperation), (16 bytes).
    Removing stm32f2xx_rtc.o(i.RTC_GetTime), (80 bytes).
    Removing stm32f2xx_rtc.o(i.RTC_GetTimeStamp), (156 bytes).
    Removing stm32f2xx_rtc.o(i.RTC_GetWakeUpCounter), (12 bytes).
    Removing stm32f2xx_rtc.o(i.RTC_ITConfig), (100 bytes).
    Removing stm32f2xx_rtc.o(i.RTC_Init), (100 bytes).
    Removing stm32f2xx_rtc.o(i.RTC_OutputConfig), (56 bytes).
    Removing stm32f2xx_rtc.o(i.RTC_OutputTypeConfig), (28 bytes).
    Removing stm32f2xx_rtc.o(i.RTC_ReadBackupRegister), (32 bytes).
    Removing stm32f2xx_rtc.o(i.RTC_RefClockCmd), (80 bytes).
    Removing stm32f2xx_rtc.o(i.RTC_SetAlarm), (236 bytes).
    Removing stm32f2xx_rtc.o(i.RTC_SetDate), (184 bytes).
    Removing stm32f2xx_rtc.o(i.RTC_SetTime), (192 bytes).
    Removing stm32f2xx_rtc.o(i.RTC_SetWakeUpCounter), (28 bytes).
    Removing stm32f2xx_rtc.o(i.RTC_StructInit), (14 bytes).
    Removing stm32f2xx_rtc.o(i.RTC_TamperCmd), (32 bytes).
    Removing stm32f2xx_rtc.o(i.RTC_TamperPinSelection), (28 bytes).
    Removing stm32f2xx_rtc.o(i.RTC_TamperTriggerConfig), (36 bytes).
    Removing stm32f2xx_rtc.o(i.RTC_TimeStampCmd), (56 bytes).
    Removing stm32f2xx_rtc.o(i.RTC_TimeStampPinSelection), (28 bytes).
    Removing stm32f2xx_rtc.o(i.RTC_TimeStructInit), (12 bytes).
    Removing stm32f2xx_rtc.o(i.RTC_WaitForSynchro), (96 bytes).
    Removing stm32f2xx_rtc.o(i.RTC_WakeUpClockConfig), (48 bytes).
    Removing stm32f2xx_rtc.o(i.RTC_WakeUpCmd), (120 bytes).
    Removing stm32f2xx_rtc.o(i.RTC_WriteBackupRegister), (28 bytes).
    Removing stm32f2xx_rtc.o(i.RTC_WriteProtectionCmd), (28 bytes).
    Removing stm32f2xx_sdio.o(i.SDIO_CEATAITCmd), (16 bytes).
    Removing stm32f2xx_sdio.o(i.SDIO_ClearFlag), (12 bytes).
    Removing stm32f2xx_sdio.o(i.SDIO_ClearITPendingBit), (12 bytes).
    Removing stm32f2xx_sdio.o(i.SDIO_ClockCmd), (12 bytes).
    Removing stm32f2xx_sdio.o(i.SDIO_CmdStructInit), (14 bytes).
    Removing stm32f2xx_sdio.o(i.SDIO_CommandCompletionCmd), (12 bytes).
    Removing stm32f2xx_sdio.o(i.SDIO_DMACmd), (12 bytes).
    Removing stm32f2xx_sdio.o(i.SDIO_DataConfig), (52 bytes).
    Removing stm32f2xx_sdio.o(i.SDIO_DataStructInit), (20 bytes).
    Removing stm32f2xx_sdio.o(i.SDIO_DeInit), (22 bytes).
    Removing stm32f2xx_sdio.o(i.SDIO_GetCommandResponse), (12 bytes).
    Removing stm32f2xx_sdio.o(i.SDIO_GetDataCounter), (12 bytes).
    Removing stm32f2xx_sdio.o(i.SDIO_GetFIFOCount), (12 bytes).
    Removing stm32f2xx_sdio.o(i.SDIO_GetFlagStatus), (24 bytes).
    Removing stm32f2xx_sdio.o(i.SDIO_GetITStatus), (24 bytes).
    Removing stm32f2xx_sdio.o(i.SDIO_GetPowerState), (16 bytes).
    Removing stm32f2xx_sdio.o(i.SDIO_GetResponse), (24 bytes).
    Removing stm32f2xx_sdio.o(i.SDIO_ITConfig), (32 bytes).
    Removing stm32f2xx_sdio.o(i.SDIO_Init), (48 bytes).
    Removing stm32f2xx_sdio.o(i.SDIO_ReadData), (12 bytes).
    Removing stm32f2xx_sdio.o(i.SDIO_SendCEATACmd), (12 bytes).
    Removing stm32f2xx_sdio.o(i.SDIO_SendCommand), (44 bytes).
    Removing stm32f2xx_sdio.o(i.SDIO_SendSDIOSuspendCmd), (12 bytes).
    Removing stm32f2xx_sdio.o(i.SDIO_SetPowerState), (28 bytes).
    Removing stm32f2xx_sdio.o(i.SDIO_SetSDIOOperation), (12 bytes).
    Removing stm32f2xx_sdio.o(i.SDIO_SetSDIOReadWaitMode), (12 bytes).
    Removing stm32f2xx_sdio.o(i.SDIO_StartSDIOReadWait), (12 bytes).
    Removing stm32f2xx_sdio.o(i.SDIO_StopSDIOReadWait), (12 bytes).
    Removing stm32f2xx_sdio.o(i.SDIO_StructInit), (16 bytes).
    Removing stm32f2xx_sdio.o(i.SDIO_WriteData), (12 bytes).
    Removing stm32f2xx_spi.o(i.I2S_Cmd), (24 bytes).
    Removing stm32f2xx_spi.o(i.I2S_Init), (360 bytes).
    Removing stm32f2xx_spi.o(i.I2S_StructInit), (20 bytes).
    Removing stm32f2xx_spi.o(i.SPI_BiDirectionalLineConfig), (28 bytes).
    Removing stm32f2xx_spi.o(i.SPI_CalculateCRC), (24 bytes).
    Removing stm32f2xx_spi.o(i.SPI_Cmd), (24 bytes).
    Removing stm32f2xx_spi.o(i.SPI_DataSizeConfig), (18 bytes).
    Removing stm32f2xx_spi.o(i.SPI_GetCRC), (16 bytes).
    Removing stm32f2xx_spi.o(i.SPI_GetCRCPolynomial), (6 bytes).
    Removing stm32f2xx_spi.o(i.SPI_I2S_ClearFlag), (6 bytes).
    Removing stm32f2xx_spi.o(i.SPI_I2S_ClearITPendingBit), (20 bytes).
    Removing stm32f2xx_spi.o(i.SPI_I2S_DMACmd), (18 bytes).
    Removing stm32f2xx_spi.o(i.SPI_I2S_DeInit), (88 bytes).
    Removing stm32f2xx_spi.o(i.SPI_I2S_GetFlagStatus), (18 bytes).
    Removing stm32f2xx_spi.o(i.SPI_I2S_GetITStatus), (52 bytes).
    Removing stm32f2xx_spi.o(i.SPI_I2S_ITConfig), (32 bytes).
    Removing stm32f2xx_spi.o(i.SPI_I2S_ReceiveData), (6 bytes).
    Removing stm32f2xx_spi.o(i.SPI_I2S_SendData), (4 bytes).
    Removing stm32f2xx_spi.o(i.SPI_Init), (60 bytes).
    Removing stm32f2xx_spi.o(i.SPI_NSSInternalSoftwareConfig), (30 bytes).
    Removing stm32f2xx_spi.o(i.SPI_SSOutputCmd), (24 bytes).
    Removing stm32f2xx_spi.o(i.SPI_StructInit), (24 bytes).
    Removing stm32f2xx_spi.o(i.SPI_TIModeCmd), (24 bytes).
    Removing stm32f2xx_spi.o(i.SPI_TransmitCRC), (10 bytes).
    Removing stm32f2xx_syscfg.o(i.SYSCFG_CompensationCellCmd), (12 bytes).
    Removing stm32f2xx_syscfg.o(i.SYSCFG_DeInit), (22 bytes).
    Removing stm32f2xx_syscfg.o(i.SYSCFG_ETH_MediaInterfaceConfig), (12 bytes).
    Removing stm32f2xx_syscfg.o(i.SYSCFG_EXTILineConfig), (64 bytes).
    Removing stm32f2xx_syscfg.o(i.SYSCFG_GetCompensationCellStatus), (24 bytes).
    Removing stm32f2xx_syscfg.o(i.SYSCFG_MemoryRemapConfig), (12 bytes).
    Removing stm32f2xx_tim.o(i.TI1_Config), (58 bytes).
    Removing stm32f2xx_tim.o(i.TI2_Config), (80 bytes).
    Removing stm32f2xx_tim.o(i.TI3_Config), (72 bytes).
    Removing stm32f2xx_tim.o(i.TI4_Config), (80 bytes).
    Removing stm32f2xx_tim.o(i.TIM_ARRPreloadConfig), (24 bytes).
    Removing stm32f2xx_tim.o(i.TIM_BDTRConfig), (32 bytes).
    Removing stm32f2xx_tim.o(i.TIM_BDTRStructInit), (18 bytes).
    Removing stm32f2xx_tim.o(i.TIM_CCPreloadControl), (24 bytes).
    Removing stm32f2xx_tim.o(i.TIM_CCxCmd), (30 bytes).
    Removing stm32f2xx_tim.o(i.TIM_CCxNCmd), (30 bytes).
    Removing stm32f2xx_tim.o(i.TIM_ClearFlag), (6 bytes).
    Removing stm32f2xx_tim.o(i.TIM_ClearITPendingBit), (6 bytes).
    Removing stm32f2xx_tim.o(i.TIM_ClearOC1Ref), (18 bytes).
    Removing stm32f2xx_tim.o(i.TIM_ClearOC2Ref), (24 bytes).
    Removing stm32f2xx_tim.o(i.TIM_ClearOC3Ref), (18 bytes).
    Removing stm32f2xx_tim.o(i.TIM_ClearOC4Ref), (24 bytes).
    Removing stm32f2xx_tim.o(i.TIM_Cmd), (24 bytes).
    Removing stm32f2xx_tim.o(i.TIM_CounterModeConfig), (18 bytes).
    Removing stm32f2xx_tim.o(i.TIM_CtrlPWMOutputs), (30 bytes).
    Removing stm32f2xx_tim.o(i.TIM_DMACmd), (18 bytes).
    Removing stm32f2xx_tim.o(i.TIM_DMAConfig), (10 bytes).
    Removing stm32f2xx_tim.o(i.TIM_DeInit), (400 bytes).
    Removing stm32f2xx_tim.o(i.TIM_ETRClockMode1Config), (54 bytes).
    Removing stm32f2xx_tim.o(i.TIM_ETRClockMode2Config), (32 bytes).
    Removing stm32f2xx_tim.o(i.TIM_ETRConfig), (28 bytes).
    Removing stm32f2xx_tim.o(i.TIM_EncoderInterfaceConfig), (66 bytes).
    Removing stm32f2xx_tim.o(i.TIM_ForcedOC1Config), (18 bytes).
    Removing stm32f2xx_tim.o(i.TIM_ForcedOC2Config), (26 bytes).
    Removing stm32f2xx_tim.o(i.TIM_ForcedOC3Config), (18 bytes).
    Removing stm32f2xx_tim.o(i.TIM_ForcedOC4Config), (26 bytes).
    Removing stm32f2xx_tim.o(i.TIM_GenerateEvent), (4 bytes).
    Removing stm32f2xx_tim.o(i.TIM_GetCapture1), (6 bytes).
    Removing stm32f2xx_tim.o(i.TIM_GetCapture2), (6 bytes).
    Removing stm32f2xx_tim.o(i.TIM_GetCapture3), (6 bytes).
    Removing stm32f2xx_tim.o(i.TIM_GetCapture4), (6 bytes).
    Removing stm32f2xx_tim.o(i.TIM_GetCounter), (6 bytes).
    Removing stm32f2xx_tim.o(i.TIM_GetFlagStatus), (18 bytes).
    Removing stm32f2xx_tim.o(i.TIM_GetITStatus), (34 bytes).
    Removing stm32f2xx_tim.o(i.TIM_GetPrescaler), (6 bytes).
    Removing stm32f2xx_tim.o(i.TIM_ICInit), (110 bytes).
    Removing stm32f2xx_tim.o(i.TIM_ICStructInit), (18 bytes).
    Removing stm32f2xx_tim.o(i.TIM_ITConfig), (18 bytes).
    Removing stm32f2xx_tim.o(i.TIM_ITRxExternalClockConfig), (24 bytes).
    Removing stm32f2xx_tim.o(i.TIM_InternalClockConfig), (12 bytes).
    Removing stm32f2xx_tim.o(i.TIM_OC1FastConfig), (18 bytes).
    Removing stm32f2xx_tim.o(i.TIM_OC1Init), (124 bytes).
    Removing stm32f2xx_tim.o(i.TIM_OC1NPolarityConfig), (18 bytes).
    Removing stm32f2xx_tim.o(i.TIM_OC1PolarityConfig), (18 bytes).
    Removing stm32f2xx_tim.o(i.TIM_OC1PreloadConfig), (18 bytes).
    Removing stm32f2xx_tim.o(i.TIM_OC2FastConfig), (26 bytes).
    Removing stm32f2xx_tim.o(i.TIM_OC2Init), (164 bytes).
    Removing stm32f2xx_tim.o(i.TIM_OC2NPolarityConfig), (26 bytes).
    Removing stm32f2xx_tim.o(i.TIM_OC2PolarityConfig), (26 bytes).
    Removing stm32f2xx_tim.o(i.TIM_OC2PreloadConfig), (26 bytes).
    Removing stm32f2xx_tim.o(i.TIM_OC3FastConfig), (18 bytes).
    Removing stm32f2xx_tim.o(i.TIM_OC3Init), (160 bytes).
    Removing stm32f2xx_tim.o(i.TIM_OC3NPolarityConfig), (26 bytes).
    Removing stm32f2xx_tim.o(i.TIM_OC3PolarityConfig), (26 bytes).
    Removing stm32f2xx_tim.o(i.TIM_OC3PreloadConfig), (18 bytes).
    Removing stm32f2xx_tim.o(i.TIM_OC4FastConfig), (26 bytes).
    Removing stm32f2xx_tim.o(i.TIM_OC4Init), (120 bytes).
    Removing stm32f2xx_tim.o(i.TIM_OC4PolarityConfig), (26 bytes).
    Removing stm32f2xx_tim.o(i.TIM_OC4PreloadConfig), (26 bytes).
    Removing stm32f2xx_tim.o(i.TIM_OCStructInit), (20 bytes).
    Removing stm32f2xx_tim.o(i.TIM_PWMIConfig), (124 bytes).
    Removing stm32f2xx_tim.o(i.TIM_PrescalerConfig), (6 bytes).
    Removing stm32f2xx_tim.o(i.TIM_RemapConfig), (6 bytes).
    Removing stm32f2xx_tim.o(i.TIM_SelectCCDMA), (24 bytes).
    Removing stm32f2xx_tim.o(i.TIM_SelectCOM), (24 bytes).
    Removing stm32f2xx_tim.o(i.TIM_SelectHallSensor), (24 bytes).
    Removing stm32f2xx_tim.o(i.TIM_SelectInputTrigger), (18 bytes).
    Removing stm32f2xx_tim.o(i.TIM_SelectMasterSlaveMode), (18 bytes).
    Removing stm32f2xx_tim.o(i.TIM_SelectOCxM), (86 bytes).
    Removing stm32f2xx_tim.o(i.TIM_SelectOnePulseMode), (18 bytes).
    Removing stm32f2xx_tim.o(i.TIM_SelectOutputTrigger), (18 bytes).
    Removing stm32f2xx_tim.o(i.TIM_SelectSlaveMode), (18 bytes).
    Removing stm32f2xx_tim.o(i.TIM_SetAutoreload), (4 bytes).
    Removing stm32f2xx_tim.o(i.TIM_SetClockDivision), (18 bytes).
    Removing stm32f2xx_tim.o(i.TIM_SetCompare1), (4 bytes).
    Removing stm32f2xx_tim.o(i.TIM_SetCompare2), (4 bytes).
    Removing stm32f2xx_tim.o(i.TIM_SetCompare3), (4 bytes).
    Removing stm32f2xx_tim.o(i.TIM_SetCompare4), (4 bytes).
    Removing stm32f2xx_tim.o(i.TIM_SetCounter), (4 bytes).
    Removing stm32f2xx_tim.o(i.TIM_SetIC1Prescaler), (18 bytes).
    Removing stm32f2xx_tim.o(i.TIM_SetIC2Prescaler), (26 bytes).
    Removing stm32f2xx_tim.o(i.TIM_SetIC3Prescaler), (18 bytes).
    Removing stm32f2xx_tim.o(i.TIM_SetIC4Prescaler), (26 bytes).
    Removing stm32f2xx_tim.o(i.TIM_TIxExternalClockConfig), (62 bytes).
    Removing stm32f2xx_tim.o(i.TIM_TimeBaseInit), (132 bytes).
    Removing stm32f2xx_tim.o(i.TIM_TimeBaseStructInit), (18 bytes).
    Removing stm32f2xx_tim.o(i.TIM_UpdateDisableConfig), (24 bytes).
    Removing stm32f2xx_tim.o(i.TIM_UpdateRequestConfig), (24 bytes).
    Removing stm32f2xx_usart.o(i.USART_ClearFlag), (18 bytes).
    Removing stm32f2xx_usart.o(i.USART_ClearITPendingBit), (30 bytes).
    Removing stm32f2xx_usart.o(i.USART_ClockInit), (32 bytes).
    Removing stm32f2xx_usart.o(i.USART_ClockStructInit), (12 bytes).
    Removing stm32f2xx_usart.o(i.USART_Cmd), (24 bytes).
    Removing stm32f2xx_usart.o(i.USART_DMACmd), (18 bytes).
    Removing stm32f2xx_usart.o(i.USART_DeInit), (180 bytes).
    Removing stm32f2xx_usart.o(i.USART_GetFlagStatus), (26 bytes).
    Removing stm32f2xx_usart.o(i.USART_GetITStatus), (84 bytes).
    Removing stm32f2xx_usart.o(i.USART_HalfDuplexCmd), (24 bytes).
    Removing stm32f2xx_usart.o(i.USART_ITConfig), (74 bytes).
    Removing stm32f2xx_usart.o(i.USART_Init), (212 bytes).
    Removing stm32f2xx_usart.o(i.USART_IrDACmd), (24 bytes).
    Removing stm32f2xx_usart.o(i.USART_IrDAConfig), (18 bytes).
    Removing stm32f2xx_usart.o(i.USART_LINBreakDetectLengthConfig), (18 bytes).
    Removing stm32f2xx_usart.o(i.USART_LINCmd), (24 bytes).
    Removing stm32f2xx_usart.o(i.USART_OneBitMethodCmd), (24 bytes).
    Removing stm32f2xx_usart.o(i.USART_OverSampling8Cmd), (22 bytes).
    Removing stm32f2xx_usart.o(i.USART_ReceiveData), (10 bytes).
    Removing stm32f2xx_usart.o(i.USART_ReceiverWakeUpCmd), (24 bytes).
    Removing stm32f2xx_usart.o(i.USART_SendBreak), (10 bytes).
    Removing stm32f2xx_usart.o(i.USART_SendData), (8 bytes).
    Removing stm32f2xx_usart.o(i.USART_SetAddress), (18 bytes).
    Removing stm32f2xx_usart.o(i.USART_SetGuardTime), (16 bytes).
    Removing stm32f2xx_usart.o(i.USART_SetPrescaler), (16 bytes).
    Removing stm32f2xx_usart.o(i.USART_SmartCardCmd), (24 bytes).
    Removing stm32f2xx_usart.o(i.USART_SmartCardNACKCmd), (24 bytes).
    Removing stm32f2xx_usart.o(i.USART_StructInit), (24 bytes).
    Removing stm32f2xx_usart.o(i.USART_WakeUpConfig), (18 bytes).
    Removing stm32f2xx_wwdg.o(i.WWDG_ClearFlag), (12 bytes).
    Removing stm32f2xx_wwdg.o(i.WWDG_DeInit), (22 bytes).
    Removing stm32f2xx_wwdg.o(i.WWDG_Enable), (16 bytes).
    Removing stm32f2xx_wwdg.o(i.WWDG_EnableIT), (12 bytes).
    Removing stm32f2xx_wwdg.o(i.WWDG_GetFlagStatus), (20 bytes).
    Removing stm32f2xx_wwdg.o(i.WWDG_SetCounter), (16 bytes).
    Removing stm32f2xx_wwdg.o(i.WWDG_SetPrescaler), (24 bytes).
    Removing stm32f2xx_wwdg.o(i.WWDG_SetWindowValue), (40 bytes).
    Removing system_stm32f2xx.o(i.SystemCoreClockUpdate), (2 bytes).
    Removing system_stm32f2xx.o(.data), (4 bytes).
    Removing startup_stm32f2xx.o(HEAP), (512 bytes).

589 unused section(s) (total 28276 bytes) removed from the image.

==============================================================================

Image Symbol Table

    Local Symbols

    Symbol Name                              Value     Ov Type        Size  Object(Section)

    ../clib/microlib/init/entry.s            0x00000000   Number         0  entry5.o ABSOLUTE
    ../clib/microlib/init/entry.s            0x00000000   Number         0  entry8a.o ABSOLUTE
    ../clib/microlib/init/entry.s            0x00000000   Number         0  entry7b.o ABSOLUTE
    ../clib/microlib/init/entry.s            0x00000000   Number         0  entry7a.o ABSOLUTE
    ../clib/microlib/init/entry.s            0x00000000   Number         0  entry.o ABSOLUTE
    ../clib/microlib/init/entry.s            0x00000000   Number         0  entry9b.o ABSOLUTE
    ../clib/microlib/init/entry.s            0x00000000   Number         0  entry2.o ABSOLUTE
    ../clib/microlib/init/entry.s            0x00000000   Number         0  entry11b.o ABSOLUTE
    ../clib/microlib/init/entry.s            0x00000000   Number         0  entry11a.o ABSOLUTE
    ../clib/microlib/init/entry.s            0x00000000   Number         0  entry10b.o ABSOLUTE
    ../clib/microlib/init/entry.s            0x00000000   Number         0  entry9a.o ABSOLUTE
    ../clib/microlib/init/entry.s            0x00000000   Number         0  entry8b.o ABSOLUTE
    ../clib/microlib/init/entry.s            0x00000000   Number         0  entry10a.o ABSOLUTE
    ..\..\..\..\Libraries\CMSIS\CM3\DeviceSupport\ST\STM32F2xx\startup\arm\startup_stm32f2xx.s 0x00000000   Number         0  startup_stm32f2xx.o ABSOLUTE
    ..\..\..\..\Libraries\STM32F2xx_StdPeriph_Driver\src\misc.c 0x00000000   Number         0  misc.o ABSOLUTE
    ..\..\..\..\Libraries\STM32F2xx_StdPeriph_Driver\src\stm32f2xx_adc.c 0x00000000   Number         0  stm32f2xx_adc.o ABSOLUTE
    ..\..\..\..\Libraries\STM32F2xx_StdPeriph_Driver\src\stm32f2xx_can.c 0x00000000   Number         0  stm32f2xx_can.o ABSOLUTE
    ..\..\..\..\Libraries\STM32F2xx_StdPeriph_Driver\src\stm32f2xx_crc.c 0x00000000   Number         0  stm32f2xx_crc.o ABSOLUTE
    ..\..\..\..\Libraries\STM32F2xx_StdPeriph_Driver\src\stm32f2xx_cryp.c 0x00000000   Number         0  stm32f2xx_cryp.o ABSOLUTE
    ..\..\..\..\Libraries\STM32F2xx_StdPeriph_Driver\src\stm32f2xx_cryp_aes.c 0x00000000   Number         0  stm32f2xx_cryp_aes.o ABSOLUTE
    ..\..\..\..\Libraries\STM32F2xx_StdPeriph_Driver\src\stm32f2xx_cryp_des.c 0x00000000   Number         0  stm32f2xx_cryp_des.o ABSOLUTE
    ..\..\..\..\Libraries\STM32F2xx_StdPeriph_Driver\src\stm32f2xx_cryp_tdes.c 0x00000000   Number         0  stm32f2xx_cryp_tdes.o ABSOLUTE
    ..\..\..\..\Libraries\STM32F2xx_StdPeriph_Driver\src\stm32f2xx_dac.c 0x00000000   Number         0  stm32f2xx_dac.o ABSOLUTE
    ..\..\..\..\Libraries\STM32F2xx_StdPeriph_Driver\src\stm32f2xx_dbgmcu.c 0x00000000   Number         0  stm32f2xx_dbgmcu.o ABSOLUTE
    ..\..\..\..\Libraries\STM32F2xx_StdPeriph_Driver\src\stm32f2xx_dcmi.c 0x00000000   Number         0  stm32f2xx_dcmi.o ABSOLUTE
    ..\..\..\..\Libraries\STM32F2xx_StdPeriph_Driver\src\stm32f2xx_dma.c 0x00000000   Number         0  stm32f2xx_dma.o ABSOLUTE
    ..\..\..\..\Libraries\STM32F2xx_StdPeriph_Driver\src\stm32f2xx_exti.c 0x00000000   Number         0  stm32f2xx_exti.o ABSOLUTE
    ..\..\..\..\Libraries\STM32F2xx_StdPeriph_Driver\src\stm32f2xx_flash.c 0x00000000   Number         0  stm32f2xx_flash.o ABSOLUTE
    ..\..\..\..\Libraries\STM32F2xx_StdPeriph_Driver\src\stm32f2xx_fsmc.c 0x00000000   Number         0  stm32f2xx_fsmc.o ABSOLUTE
    ..\..\..\..\Libraries\STM32F2xx_StdPeriph_Driver\src\stm32f2xx_gpio.c 0x00000000   Number         0  stm32f2xx_gpio.o ABSOLUTE
    ..\..\..\..\Libraries\STM32F2xx_StdPeriph_Driver\src\stm32f2xx_hash.c 0x00000000   Number         0  stm32f2xx_hash.o ABSOLUTE
    ..\..\..\..\Libraries\STM32F2xx_StdPeriph_Driver\src\stm32f2xx_hash_md5.c 0x00000000   Number         0  stm32f2xx_hash_md5.o ABSOLUTE
    ..\..\..\..\Libraries\STM32F2xx_StdPeriph_Driver\src\stm32f2xx_hash_sha1.c 0x00000000   Number         0  stm32f2xx_hash_sha1.o ABSOLUTE
    ..\..\..\..\Libraries\STM32F2xx_StdPeriph_Driver\src\stm32f2xx_i2c.c 0x00000000   Number         0  stm32f2xx_i2c.o ABSOLUTE
    ..\..\..\..\Libraries\STM32F2xx_StdPeriph_Driver\src\stm32f2xx_iwdg.c 0x00000000   Number         0  stm32f2xx_iwdg.o ABSOLUTE
    ..\..\..\..\Libraries\STM32F2xx_StdPeriph_Driver\src\stm32f2xx_pwr.c 0x00000000   Number         0  stm32f2xx_pwr.o ABSOLUTE
    ..\..\..\..\Libraries\STM32F2xx_StdPeriph_Driver\src\stm32f2xx_rcc.c 0x00000000   Number         0  stm32f2xx_rcc.o ABSOLUTE
    ..\..\..\..\Libraries\STM32F2xx_StdPeriph_Driver\src\stm32f2xx_rng.c 0x00000000   Number         0  stm32f2xx_rng.o ABSOLUTE
    ..\..\..\..\Libraries\STM32F2xx_StdPeriph_Driver\src\stm32f2xx_rtc.c 0x00000000   Number         0  stm32f2xx_rtc.o ABSOLUTE
    ..\..\..\..\Libraries\STM32F2xx_StdPeriph_Driver\src\stm32f2xx_sdio.c 0x00000000   Number         0  stm32f2xx_sdio.o ABSOLUTE
    ..\..\..\..\Libraries\STM32F2xx_StdPeriph_Driver\src\stm32f2xx_spi.c 0x00000000   Number         0  stm32f2xx_spi.o ABSOLUTE
    ..\..\..\..\Libraries\STM32F2xx_StdPeriph_Driver\src\stm32f2xx_syscfg.c 0x00000000   Number         0  stm32f2xx_syscfg.o ABSOLUTE
    ..\..\..\..\Libraries\STM32F2xx_StdPeriph_Driver\src\stm32f2xx_tim.c 0x00000000   Number         0  stm32f2xx_tim.o ABSOLUTE
    ..\..\..\..\Libraries\STM32F2xx_StdPeriph_Driver\src\stm32f2xx_usart.c 0x00000000   Number         0  stm32f2xx_usart.o ABSOLUTE
    ..\..\..\..\Libraries\STM32F2xx_StdPeriph_Driver\src\stm32f2xx_wwdg.c 0x00000000   Number         0  stm32f2xx_wwdg.o ABSOLUTE
    ..\..\..\..\Utilities\STM32_EVAL\STM322xG_EVAL\stm322xg_eval_sram.c 0x00000000   Number         0  stm322xg_eval_sram.o ABSOLUTE
    ..\..\..\..\Utilities\STM32_EVAL\stm32_eval.c 0x00000000   Number         0  stm32_eval.o ABSOLUTE
    ..\main.c                                0x00000000   Number         0  main.o ABSOLUTE
    ..\stm32f2xx_it.c                        0x00000000   Number         0  stm32f2xx_it.o ABSOLUTE
    ..\system_stm32f2xx.c                    0x00000000   Number         0  system_stm32f2xx.o ABSOLUTE
    dc.s                                     0x00000000   Number         0  dc.o ABSOLUTE
    handlers.s                               0x00000000   Number         0  handlers.o ABSOLUTE
    init.s                                   0x00000000   Number         0  init.o ABSOLUTE
    RESET                                    0x08000000   Section      388  startup_stm32f2xx.o(RESET)
    .ARM.Collect$$$$00000000                 0x08000184   Section        0  entry.o(.ARM.Collect$$$$00000000)
    .ARM.Collect$$$$00000001                 0x08000184   Section        4  entry2.o(.ARM.Collect$$$$00000001)
    .ARM.Collect$$$$00000004                 0x08000188   Section        4  entry5.o(.ARM.Collect$$$$00000004)
    .ARM.Collect$$$$00000008                 0x0800018c   Section        0  entry7b.o(.ARM.Collect$$$$00000008)
    .ARM.Collect$$$$0000000A                 0x0800018c   Section        0  entry8b.o(.ARM.Collect$$$$0000000A)
    .ARM.Collect$$$$0000000B                 0x0800018c   Section        8  entry9a.o(.ARM.Collect$$$$0000000B)
    .ARM.Collect$$$$0000000D                 0x08000194   Section        0  entry10a.o(.ARM.Collect$$$$0000000D)
    .ARM.Collect$$$$0000000F                 0x08000194   Section        0  entry11a.o(.ARM.Collect$$$$0000000F)
    .ARM.Collect$$$$00002712                 0x08000194   Section        4  entry2.o(.ARM.Collect$$$$00002712)
    __lit__00000000                          0x08000194   Data           4  entry2.o(.ARM.Collect$$$$00002712)
    .text                                    0x08000198   Section       36  startup_stm32f2xx.o(.text)
    .text                                    0x080001bc   Section       36  init.o(.text)
    i.BusFault_Handler                       0x080001e0   Section        0  stm32f2xx_it.o(i.BusFault_Handler)
    i.DebugMon_Handler                       0x080001e4   Section        0  stm32f2xx_it.o(i.DebugMon_Handler)
    i.FSMC_NORSRAMCmd                        0x080001e8   Section        0  stm32f2xx_fsmc.o(i.FSMC_NORSRAMCmd)
    i.FSMC_NORSRAMInit                       0x0800021c   Section        0  stm32f2xx_fsmc.o(i.FSMC_NORSRAMInit)
    i.Fill_Buffer                            0x08000302   Section        0  main.o(i.Fill_Buffer)
    i.GPIO_Init                              0x0800031c   Section        0  stm32f2xx_gpio.o(i.GPIO_Init)
    i.GPIO_PinAFConfig                       0x080003ac   Section        0  stm32f2xx_gpio.o(i.GPIO_PinAFConfig)
    i.HardFault_Handler                      0x080003f2   Section        0  stm32f2xx_it.o(i.HardFault_Handler)
    i.MemManage_Handler                      0x080003f6   Section        0  stm32f2xx_it.o(i.MemManage_Handler)
    i.NMI_Handler                            0x080003fa   Section        0  stm32f2xx_it.o(i.NMI_Handler)
    i.PendSV_Handler                         0x080003fc   Section        0  stm32f2xx_it.o(i.PendSV_Handler)
    i.RCC_AHB1PeriphClockCmd                 0x08000400   Section        0  stm32f2xx_rcc.o(i.RCC_AHB1PeriphClockCmd)
    i.RCC_AHB3PeriphClockCmd                 0x08000420   Section        0  stm32f2xx_rcc.o(i.RCC_AHB3PeriphClockCmd)
    i.SRAM_Init                              0x08000440   Section        0  stm322xg_eval_sram.o(i.SRAM_Init)
    i.SRAM_ReadBuffer                        0x080006d0   Section        0  stm322xg_eval_sram.o(i.SRAM_ReadBuffer)
    i.SRAM_WriteBuffer                       0x080006e6   Section        0  stm322xg_eval_sram.o(i.SRAM_WriteBuffer)
    i.STM_EVAL_LEDInit                       0x08000700   Section        0  stm32_eval.o(i.STM_EVAL_LEDInit)
    i.STM_EVAL_LEDOff                        0x08000748   Section        0  stm32_eval.o(i.STM_EVAL_LEDOff)
    i.STM_EVAL_LEDOn                         0x08000760   Section        0  stm32_eval.o(i.STM_EVAL_LEDOn)
    i.SVC_Handler                            0x08000778   Section        0  stm32f2xx_it.o(i.SVC_Handler)
    i.SetSysClock                            0x0800077c   Section        0  system_stm32f2xx.o(i.SetSysClock)
    SetSysClock                              0x0800077d   Thumb Code   192  system_stm32f2xx.o(i.SetSysClock)
    i.SysTick_Handler                        0x08000848   Section        0  stm32f2xx_it.o(i.SysTick_Handler)
    i.SystemInit                             0x0800084c   Section        0  system_stm32f2xx.o(i.SystemInit)
    i.UsageFault_Handler                     0x080008a4   Section        0  stm32f2xx_it.o(i.UsageFault_Handler)
    i.__scatterload_copy                     0x080008a8   Section       14  handlers.o(i.__scatterload_copy)
    i.__scatterload_null                     0x080008b6   Section        2  handlers.o(i.__scatterload_null)
    i.__scatterload_zeroinit                 0x080008b8   Section       14  handlers.o(i.__scatterload_zeroinit)
    i.main                                   0x080008c8   Section        0  main.o(i.main)
    .constdata                               0x08000978   Section       68  stm32_eval.o(.constdata)
    .data                                    0x20000000   Section        8  main.o(.data)
    .data                                    0x20000008   Section       40  stm32_eval.o(.data)
    .bss                                     0x20000030   Section     1024  main.o(.bss)
    STACK                                    0x20000430   Section     1024  startup_stm32f2xx.o(STACK)

    Global Symbols

    Symbol Name                              Value     Ov Type        Size  Object(Section)

    BuildAttributes$$THM_ISAv4$P$D$K$B$S$PE$A:L22UL41UL21$X:L11$S22US41US21$IEEE1$IW$USESV6$~STKCKD$USESV7$~SHL$OSPACE$EBA8$MICROLIB$REQ8$PRES8$EABIv2 0x00000000   Number         0  anon$$obj.o ABSOLUTE
    __ARM_use_no_argv                        0x00000000   Number         0  main.o ABSOLUTE
    __cpp_initialize__aeabi_                  - Undefined Weak Reference
    __cxa_finalize                            - Undefined Weak Reference
    __decompress                              - Undefined Weak Reference
    _clock_init                               - Undefined Weak Reference
    _microlib_exit                            - Undefined Weak Reference
    __Vectors_Size                           0x00000184   Number         0  startup_stm32f2xx.o ABSOLUTE
    __Vectors                                0x08000000   Data           4  startup_stm32f2xx.o(RESET)
    __Vectors_End                            0x08000184   Data           0  startup_stm32f2xx.o(RESET)
    __main                                   0x08000185   Thumb Code     0  entry.o(.ARM.Collect$$$$00000000)
    _main_stk                                0x08000185   Thumb Code     0  entry2.o(.ARM.Collect$$$$00000001)
    _main_scatterload                        0x08000189   Thumb Code     0  entry5.o(.ARM.Collect$$$$00000004)
    __main_after_scatterload                 0x0800018d   Thumb Code     0  entry5.o(.ARM.Collect$$$$00000004)
    _main_clock                              0x0800018d   Thumb Code     0  entry7b.o(.ARM.Collect$$$$00000008)
    _main_cpp_init                           0x0800018d   Thumb Code     0  entry8b.o(.ARM.Collect$$$$0000000A)
    _main_init                               0x0800018d   Thumb Code     0  entry9a.o(.ARM.Collect$$$$0000000B)
    __rt_final_cpp                           0x08000195   Thumb Code     0  entry10a.o(.ARM.Collect$$$$0000000D)
    __rt_final_exit                          0x08000195   Thumb Code     0  entry11a.o(.ARM.Collect$$$$0000000F)
    Reset_Handler                            0x08000199   Thumb Code     8  startup_stm32f2xx.o(.text)
    ADC_IRQHandler                           0x080001b3   Thumb Code     0  startup_stm32f2xx.o(.text)
    CAN1_RX0_IRQHandler                      0x080001b3   Thumb Code     0  startup_stm32f2xx.o(.text)
    CAN1_RX1_IRQHandler                      0x080001b3   Thumb Code     0  startup_stm32f2xx.o(.text)
    CAN1_SCE_IRQHandler                      0x080001b3   Thumb Code     0  startup_stm32f2xx.o(.text)
    CAN1_TX_IRQHandler                       0x080001b3   Thumb Code     0  startup_stm32f2xx.o(.text)
    CAN2_RX0_IRQHandler                      0x080001b3   Thumb Code     0  startup_stm32f2xx.o(.text)
    CAN2_RX1_IRQHandler                      0x080001b3   Thumb Code     0  startup_stm32f2xx.o(.text)
    CAN2_SCE_IRQHandler                      0x080001b3   Thumb Code     0  startup_stm32f2xx.o(.text)
    CAN2_TX_IRQHandler                       0x080001b3   Thumb Code     0  startup_stm32f2xx.o(.text)
    CRYP_IRQHandler                          0x080001b3   Thumb Code     0  startup_stm32f2xx.o(.text)
    DCMI_IRQHandler                          0x080001b3   Thumb Code     0  startup_stm32f2xx.o(.text)
    DMA1_Stream0_IRQHandler                  0x080001b3   Thumb Code     0  startup_stm32f2xx.o(.text)
    DMA1_Stream1_IRQHandler                  0x080001b3   Thumb Code     0  startup_stm32f2xx.o(.text)
    DMA1_Stream2_IRQHandler                  0x080001b3   Thumb Code     0  startup_stm32f2xx.o(.text)
    DMA1_Stream3_IRQHandler                  0x080001b3   Thumb Code     0  startup_stm32f2xx.o(.text)
    DMA1_Stream4_IRQHandler                  0x080001b3   Thumb Code     0  startup_stm32f2xx.o(.text)
    DMA1_Stream5_IRQHandler                  0x080001b3   Thumb Code     0  startup_stm32f2xx.o(.text)
    DMA1_Stream6_IRQHandler                  0x080001b3   Thumb Code     0  startup_stm32f2xx.o(.text)
    DMA1_Stream7_IRQHandler                  0x080001b3   Thumb Code     0  startup_stm32f2xx.o(.text)
    DMA2_Stream0_IRQHandler                  0x080001b3   Thumb Code     0  startup_stm32f2xx.o(.text)
    DMA2_Stream1_IRQHandler                  0x080001b3   Thumb Code     0  startup_stm32f2xx.o(.text)
    DMA2_Stream2_IRQHandler                  0x080001b3   Thumb Code     0  startup_stm32f2xx.o(.text)
    DMA2_Stream3_IRQHandler                  0x080001b3   Thumb Code     0  startup_stm32f2xx.o(.text)
    DMA2_Stream4_IRQHandler                  0x080001b3   Thumb Code     0  startup_stm32f2xx.o(.text)
    DMA2_Stream5_IRQHandler                  0x080001b3   Thumb Code     0  startup_stm32f2xx.o(.text)
    DMA2_Stream6_IRQHandler                  0x080001b3   Thumb Code     0  startup_stm32f2xx.o(.text)
    DMA2_Stream7_IRQHandler                  0x080001b3   Thumb Code     0  startup_stm32f2xx.o(.text)
    ETH_IRQHandler                           0x080001b3   Thumb Code     0  startup_stm32f2xx.o(.text)
    ETH_WKUP_IRQHandler                      0x080001b3   Thumb Code     0  startup_stm32f2xx.o(.text)
    EXTI0_IRQHandler                         0x080001b3   Thumb Code     0  startup_stm32f2xx.o(.text)
    EXTI15_10_IRQHandler                     0x080001b3   Thumb Code     0  startup_stm32f2xx.o(.text)
    EXTI1_IRQHandler                         0x080001b3   Thumb Code     0  startup_stm32f2xx.o(.text)
    EXTI2_IRQHandler                         0x080001b3   Thumb Code     0  startup_stm32f2xx.o(.text)
    EXTI3_IRQHandler                         0x080001b3   Thumb Code     0  startup_stm32f2xx.o(.text)
    EXTI4_IRQHandler                         0x080001b3   Thumb Code     0  startup_stm32f2xx.o(.text)
    EXTI9_5_IRQHandler                       0x080001b3   Thumb Code     0  startup_stm32f2xx.o(.text)
    FLASH_IRQHandler                         0x080001b3   Thumb Code     0  startup_stm32f2xx.o(.text)
    FSMC_IRQHandler                          0x080001b3   Thumb Code     0  startup_stm32f2xx.o(.text)
    HASH_RNG_IRQHandler                      0x080001b3   Thumb Code     0  startup_stm32f2xx.o(.text)
    I2C1_ER_IRQHandler                       0x080001b3   Thumb Code     0  startup_stm32f2xx.o(.text)
    I2C1_EV_IRQHandler                       0x080001b3   Thumb Code     0  startup_stm32f2xx.o(.text)
    I2C2_ER_IRQHandler                       0x080001b3   Thumb Code     0  startup_stm32f2xx.o(.text)
    I2C2_EV_IRQHandler                       0x080001b3   Thumb Code     0  startup_stm32f2xx.o(.text)
    I2C3_ER_IRQHandler                       0x080001b3   Thumb Code     0  startup_stm32f2xx.o(.text)
    I2C3_EV_IRQHandler                       0x080001b3   Thumb Code     0  startup_stm32f2xx.o(.text)
    OTG_FS_IRQHandler                        0x080001b3   Thumb Code     0  startup_stm32f2xx.o(.text)
    OTG_FS_WKUP_IRQHandler                   0x080001b3   Thumb Code     0  startup_stm32f2xx.o(.text)
    OTG_HS_EP1_IN_IRQHandler                 0x080001b3   Thumb Code     0  startup_stm32f2xx.o(.text)
    OTG_HS_EP1_OUT_IRQHandler                0x080001b3   Thumb Code     0  startup_stm32f2xx.o(.text)
    OTG_HS_IRQHandler                        0x080001b3   Thumb Code     0  startup_stm32f2xx.o(.text)
    OTG_HS_WKUP_IRQHandler                   0x080001b3   Thumb Code     0  startup_stm32f2xx.o(.text)
    PVD_IRQHandler                           0x080001b3   Thumb Code     0  startup_stm32f2xx.o(.text)
    RCC_IRQHandler                           0x080001b3   Thumb Code     0  startup_stm32f2xx.o(.text)
    RTC_Alarm_IRQHandler                     0x080001b3   Thumb Code     0  startup_stm32f2xx.o(.text)
    RTC_WKUP_IRQHandler                      0x080001b3   Thumb Code     0  startup_stm32f2xx.o(.text)
    SDIO_IRQHandler                          0x080001b3   Thumb Code     0  startup_stm32f2xx.o(.text)
    SPI1_IRQHandler                          0x080001b3   Thumb Code     0  startup_stm32f2xx.o(.text)
    SPI2_IRQHandler                          0x080001b3   Thumb Code     0  startup_stm32f2xx.o(.text)
    SPI3_IRQHandler                          0x080001b3   Thumb Code     0  startup_stm32f2xx.o(.text)
    TAMP_STAMP_IRQHandler                    0x080001b3   Thumb Code     0  startup_stm32f2xx.o(.text)
    TIM1_BRK_TIM9_IRQHandler                 0x080001b3   Thumb Code     0  startup_stm32f2xx.o(.text)
    TIM1_CC_IRQHandler                       0x080001b3   Thumb Code     0  startup_stm32f2xx.o(.text)
    TIM1_TRG_COM_TIM11_IRQHandler            0x080001b3   Thumb Code     0  startup_stm32f2xx.o(.text)
    TIM1_UP_TIM10_IRQHandler                 0x080001b3   Thumb Code     0  startup_stm32f2xx.o(.text)
    TIM2_IRQHandler                          0x080001b3   Thumb Code     0  startup_stm32f2xx.o(.text)
    TIM3_IRQHandler                          0x080001b3   Thumb Code     0  startup_stm32f2xx.o(.text)
    TIM4_IRQHandler                          0x080001b3   Thumb Code     0  startup_stm32f2xx.o(.text)
    TIM5_IRQHandler                          0x080001b3   Thumb Code     0  startup_stm32f2xx.o(.text)
    TIM6_DAC_IRQHandler                      0x080001b3   Thumb Code     0  startup_stm32f2xx.o(.text)
    TIM7_IRQHandler                          0x080001b3   Thumb Code     0  startup_stm32f2xx.o(.text)
    TIM8_BRK_TIM12_IRQHandler                0x080001b3   Thumb Code     0  startup_stm32f2xx.o(.text)
    TIM8_CC_IRQHandler                       0x080001b3   Thumb Code     0  startup_stm32f2xx.o(.text)
    TIM8_TRG_COM_TIM14_IRQHandler            0x080001b3   Thumb Code     0  startup_stm32f2xx.o(.text)
    TIM8_UP_TIM13_IRQHandler                 0x080001b3   Thumb Code     0  startup_stm32f2xx.o(.text)
    UART4_IRQHandler                         0x080001b3   Thumb Code     0  startup_stm32f2xx.o(.text)
    UART5_IRQHandler                         0x080001b3   Thumb Code     0  startup_stm32f2xx.o(.text)
    USART1_IRQHandler                        0x080001b3   Thumb Code     0  startup_stm32f2xx.o(.text)
    USART2_IRQHandler                        0x080001b3   Thumb Code     0  startup_stm32f2xx.o(.text)
    USART3_IRQHandler                        0x080001b3   Thumb Code     0  startup_stm32f2xx.o(.text)
    USART6_IRQHandler                        0x080001b3   Thumb Code     0  startup_stm32f2xx.o(.text)
    WWDG_IRQHandler                          0x080001b3   Thumb Code     0  startup_stm32f2xx.o(.text)
    __scatterload                            0x080001bd   Thumb Code    28  init.o(.text)
    __scatterload_rt2                        0x080001bd   Thumb Code     0  init.o(.text)
    BusFault_Handler                         0x080001e1   Thumb Code     4  stm32f2xx_it.o(i.BusFault_Handler)
    DebugMon_Handler                         0x080001e5   Thumb Code     2  stm32f2xx_it.o(i.DebugMon_Handler)
    FSMC_NORSRAMCmd                          0x080001e9   Thumb Code    46  stm32f2xx_fsmc.o(i.FSMC_NORSRAMCmd)
    FSMC_NORSRAMInit                         0x0800021d   Thumb Code   230  stm32f2xx_fsmc.o(i.FSMC_NORSRAMInit)
    Fill_Buffer                              0x08000303   Thumb Code    26  main.o(i.Fill_Buffer)
    GPIO_Init                                0x0800031d   Thumb Code   144  stm32f2xx_gpio.o(i.GPIO_Init)
    GPIO_PinAFConfig                         0x080003ad   Thumb Code    70  stm32f2xx_gpio.o(i.GPIO_PinAFConfig)
    HardFault_Handler                        0x080003f3   Thumb Code     4  stm32f2xx_it.o(i.HardFault_Handler)
    MemManage_Handler                        0x080003f7   Thumb Code     4  stm32f2xx_it.o(i.MemManage_Handler)
    NMI_Handler                              0x080003fb   Thumb Code     2  stm32f2xx_it.o(i.NMI_Handler)
    PendSV_Handler                           0x080003fd   Thumb Code     2  stm32f2xx_it.o(i.PendSV_Handler)
    RCC_AHB1PeriphClockCmd                   0x08000401   Thumb Code    26  stm32f2xx_rcc.o(i.RCC_AHB1PeriphClockCmd)
    RCC_AHB3PeriphClockCmd                   0x08000421   Thumb Code    26  stm32f2xx_rcc.o(i.RCC_AHB3PeriphClockCmd)
    SRAM_Init                                0x08000441   Thumb Code   640  stm322xg_eval_sram.o(i.SRAM_Init)
    SRAM_ReadBuffer                          0x080006d1   Thumb Code    22  stm322xg_eval_sram.o(i.SRAM_ReadBuffer)
    SRAM_WriteBuffer                         0x080006e7   Thumb Code    24  stm322xg_eval_sram.o(i.SRAM_WriteBuffer)
    STM_EVAL_LEDInit                         0x08000701   Thumb Code    58  stm32_eval.o(i.STM_EVAL_LEDInit)
    STM_EVAL_LEDOff                          0x08000749   Thumb Code    16  stm32_eval.o(i.STM_EVAL_LEDOff)
    STM_EVAL_LEDOn                           0x08000761   Thumb Code    16  stm32_eval.o(i.STM_EVAL_LEDOn)
    SVC_Handler                              0x08000779   Thumb Code     2  stm32f2xx_it.o(i.SVC_Handler)
    SysTick_Handler                          0x08000849   Thumb Code     2  stm32f2xx_it.o(i.SysTick_Handler)
    SystemInit                               0x0800084d   Thumb Code    74  system_stm32f2xx.o(i.SystemInit)
    UsageFault_Handler                       0x080008a5   Thumb Code     4  stm32f2xx_it.o(i.UsageFault_Handler)
    __scatterload_copy                       0x080008a9   Thumb Code    14  handlers.o(i.__scatterload_copy)
    __scatterload_null                       0x080008b7   Thumb Code     2  handlers.o(i.__scatterload_null)
    __scatterload_zeroinit                   0x080008b9   Thumb Code    14  handlers.o(i.__scatterload_zeroinit)
    main                                     0x080008c9   Thumb Code   158  main.o(i.main)
    GPIO_PIN                                 0x08000978   Data           8  stm32_eval.o(.constdata)
    GPIO_CLK                                 0x08000980   Data          16  stm32_eval.o(.constdata)
    BUTTON_PIN                               0x08000990   Data           4  stm32_eval.o(.constdata)
    BUTTON_CLK                               0x08000994   Data           8  stm32_eval.o(.constdata)
    BUTTON_EXTI_LINE                         0x0800099c   Data           4  stm32_eval.o(.constdata)
    BUTTON_PORT_SOURCE                       0x080009a0   Data           2  stm32_eval.o(.constdata)
    BUTTON_PIN_SOURCE                        0x080009a2   Data           2  stm32_eval.o(.constdata)
    BUTTON_IRQn                              0x080009a4   Data           2  stm32_eval.o(.constdata)
    COM_USART_CLK                            0x080009a8   Data           4  stm32_eval.o(.constdata)
    COM_TX_PORT_CLK                          0x080009ac   Data           4  stm32_eval.o(.constdata)
    COM_RX_PORT_CLK                          0x080009b0   Data           4  stm32_eval.o(.constdata)
    COM_TX_PIN                               0x080009b4   Data           2  stm32_eval.o(.constdata)
    COM_RX_PIN                               0x080009b6   Data           2  stm32_eval.o(.constdata)
    COM_TX_PIN_SOURCE                        0x080009b8   Data           1  stm32_eval.o(.constdata)
    COM_RX_PIN_SOURCE                        0x080009b9   Data           1  stm32_eval.o(.constdata)
    COM_TX_AF                                0x080009ba   Data           1  stm32_eval.o(.constdata)
    COM_RX_AF                                0x080009bb   Data           1  stm32_eval.o(.constdata)
    Region$$Table$$Base                      0x080009bc   Number         0  anon$$obj.o(Region$$Table)
    Region$$Table$$Limit                     0x080009dc   Number         0  anon$$obj.o(Region$$Table)
    WriteReadStatus                          0x20000000   Data           4  main.o(.data)
    Index                                    0x20000004   Data           4  main.o(.data)
    GPIO_PORT                                0x20000008   Data          16  stm32_eval.o(.data)
    BUTTON_PORT                              0x20000018   Data           8  stm32_eval.o(.data)
    COM_USART                                0x20000020   Data           4  stm32_eval.o(.data)
    COM_TX_PORT                              0x20000024   Data           4  stm32_eval.o(.data)
    COM_RX_PORT                              0x20000028   Data           4  stm32_eval.o(.data)
    NVIC_InitStructure                       0x2000002c   Data           4  stm32_eval.o(.data)
    TxBuffer                                 0x20000030   Data         512  main.o(.bss)
    RxBuffer                                 0x20000230   Data         512  main.o(.bss)
    __initial_sp                             0x20000830   Data           0  startup_stm32f2xx.o(STACK)



==============================================================================

Memory Map of the image

  Image Entry point : 0x08000185

  Load Region LR_IROM1 (Base: 0x08000000, Size: 0x00000a0c, Max: 0x00100000, ABSOLUTE)

    Execution Region ER_IROM1 (Base: 0x08000000, Size: 0x000009dc, Max: 0x00100000, ABSOLUTE)

    Base Addr    Size         Type   Attr      Idx    E Section Name        Object

    0x08000000   0x00000184   Data   RO         4004    RESET               startup_stm32f2xx.o
    0x08000184   0x00000000   Code   RO         4010  * .ARM.Collect$$$$00000000  mc_w.l(entry.o)
    0x08000184   0x00000004   Code   RO         4013    .ARM.Collect$$$$00000001  mc_w.l(entry2.o)
    0x08000188   0x00000004   Code   RO         4016    .ARM.Collect$$$$00000004  mc_w.l(entry5.o)
    0x0800018c   0x00000000   Code   RO         4018    .ARM.Collect$$$$00000008  mc_w.l(entry7b.o)
    0x0800018c   0x00000000   Code   RO         4020    .ARM.Collect$$$$0000000A  mc_w.l(entry8b.o)
    0x0800018c   0x00000008   Code   RO         4021    .ARM.Collect$$$$0000000B  mc_w.l(entry9a.o)
    0x08000194   0x00000000   Code   RO         4023    .ARM.Collect$$$$0000000D  mc_w.l(entry10a.o)
    0x08000194   0x00000000   Code   RO         4025    .ARM.Collect$$$$0000000F  mc_w.l(entry11a.o)
    0x08000194   0x00000004   Code   RO         4014    .ARM.Collect$$$$00002712  mc_w.l(entry2.o)
    0x08000198   0x00000024   Code   RO         4005    .text               startup_stm32f2xx.o
    0x080001bc   0x00000024   Code   RO         4027    .text               mc_w.l(init.o)
    0x080001e0   0x00000004   Code   RO           81    i.BusFault_Handler  stm32f2xx_it.o
    0x080001e4   0x00000002   Code   RO           82    i.DebugMon_Handler  stm32f2xx_it.o
    0x080001e6   0x00000002   PAD
    0x080001e8   0x00000034   Code   RO         1528    i.FSMC_NORSRAMCmd   stm32f2xx_fsmc.o
    0x0800021c   0x000000e6   Code   RO         1530    i.FSMC_NORSRAMInit  stm32f2xx_fsmc.o
    0x08000302   0x0000001a   Code   RO            1    i.Fill_Buffer       main.o
    0x0800031c   0x00000090   Code   RO         1638    i.GPIO_Init         stm32f2xx_gpio.o
    0x080003ac   0x00000046   Code   RO         1639    i.GPIO_PinAFConfig  stm32f2xx_gpio.o
    0x080003f2   0x00000004   Code   RO           83    i.HardFault_Handler  stm32f2xx_it.o
    0x080003f6   0x00000004   Code   RO           84    i.MemManage_Handler  stm32f2xx_it.o
    0x080003fa   0x00000002   Code   RO           85    i.NMI_Handler       stm32f2xx_it.o
    0x080003fc   0x00000002   Code   RO           86    i.PendSV_Handler    stm32f2xx_it.o
    0x080003fe   0x00000002   PAD
    0x08000400   0x00000020   Code   RO         2198    i.RCC_AHB1PeriphClockCmd  stm32f2xx_rcc.o
    0x08000420   0x00000020   Code   RO         2204    i.RCC_AHB3PeriphClockCmd  stm32f2xx_rcc.o
    0x08000440   0x00000290   Code   RO          234    i.SRAM_Init         stm322xg_eval_sram.o
    0x080006d0   0x00000016   Code   RO          235    i.SRAM_ReadBuffer   stm322xg_eval_sram.o
    0x080006e6   0x00000018   Code   RO          236    i.SRAM_WriteBuffer  stm322xg_eval_sram.o
    0x080006fe   0x00000002   PAD
    0x08000700   0x00000048   Code   RO          147    i.STM_EVAL_LEDInit  stm32_eval.o
    0x08000748   0x00000018   Code   RO          148    i.STM_EVAL_LEDOff   stm32_eval.o
    0x08000760   0x00000018   Code   RO          149    i.STM_EVAL_LEDOn    stm32_eval.o
    0x08000778   0x00000002   Code   RO           87    i.SVC_Handler       stm32f2xx_it.o
    0x0800077a   0x00000002   PAD
    0x0800077c   0x000000cc   Code   RO         3973    i.SetSysClock       system_stm32f2xx.o
    0x08000848   0x00000002   Code   RO           88    i.SysTick_Handler   stm32f2xx_it.o
    0x0800084a   0x00000002   PAD
    0x0800084c   0x00000058   Code   RO         3975    i.SystemInit        system_stm32f2xx.o
    0x080008a4   0x00000004   Code   RO           89    i.UsageFault_Handler  stm32f2xx_it.o
    0x080008a8   0x0000000e   Code   RO         4031    i.__scatterload_copy  mc_w.l(handlers.o)
    0x080008b6   0x00000002   Code   RO         4032    i.__scatterload_null  mc_w.l(handlers.o)
    0x080008b8   0x0000000e   Code   RO         4033    i.__scatterload_zeroinit  mc_w.l(handlers.o)
    0x080008c6   0x00000002   PAD
    0x080008c8   0x000000b0   Code   RO            2    i.main              main.o
    0x08000978   0x00000044   Data   RO          157    .constdata          stm32_eval.o
    0x080009bc   0x00000020   Data   RO         4029    Region$$Table       anon$$obj.o


    Execution Region RW_IRAM1 (Base: 0x20000000, Size: 0x00000830, Max: 0x00020000, ABSOLUTE)

    Base Addr    Size         Type   Attr      Idx    E Section Name        Object

    0x20000000   0x00000008   Data   RW            4    .data               main.o
    0x20000008   0x00000028   Data   RW          158    .data               stm32_eval.o
    0x20000030   0x00000400   Zero   RW            3    .bss                main.o
    0x20000430   0x00000400   Zero   RW         4002    STACK               startup_stm32f2xx.o


==============================================================================

Image component sizes


      Code (inc. data)   RO Data    RW Data    ZI Data      Debug   Object Name

       202         18          0          8       1024     246951   main.o
        36          8        388          0       1024        984   startup_stm32f2xx.o
       702         16          0          0          0       3001   stm322xg_eval_sram.o
       120         30         68         40          0       4130   stm32_eval.o
       282          6          0          0          0       2189   stm32f2xx_fsmc.o
       214          0          0          0          0       2139   stm32f2xx_gpio.o
        26          0          0          0          0       4270   stm32f2xx_it.o
        64         12          0          0          0       1370   stm32f2xx_rcc.o
       292         26          0          0          0       1629   system_stm32f2xx.o

    ----------------------------------------------------------------------
      1948        116        488         48       2048     266663   Object Totals
         0          0         32          0          0          0   (incl. Generated)
        10          0          0          0          0          0   (incl. Padding)

    ----------------------------------------------------------------------

      Code (inc. data)   RO Data    RW Data    ZI Data      Debug   Library Member Name

         0          0          0          0          0          0   entry.o
         0          0          0          0          0          0   entry10a.o
         0          0          0          0          0          0   entry11a.o
         8          4          0          0          0          0   entry2.o
         4          0          0          0          0          0   entry5.o
         0          0          0          0          0          0   entry7b.o
         0          0          0          0          0          0   entry8b.o
         8          4          0          0          0          0   entry9a.o
        30          0          0          0          0          0   handlers.o
        36          8          0          0          0         68   init.o

    ----------------------------------------------------------------------
        88         16          0          0          0         68   Library Totals
         2          0          0          0          0          0   (incl. Padding)

    ----------------------------------------------------------------------

      Code (inc. data)   RO Data    RW Data    ZI Data      Debug   Library Name

        86         16          0          0          0         68   mc_w.l

    ----------------------------------------------------------------------
        88         16          0          0          0         68   Library Totals

    ----------------------------------------------------------------------

==============================================================================


      Code (inc. data)   RO Data    RW Data    ZI Data      Debug   

      2036        132        488         48       2048     265739   Grand Totals
      2036        132        488         48       2048     265739   ELF Image Totals
      2036        132        488         48          0          0   ROM Totals

==============================================================================

    Total RO  Size (Code + RO Data)                 2524 (   2.46kB)
    Total RW  Size (RW Data + ZI Data)              2096 (   2.05kB)
    Total ROM Size (Code + RO Data + RW Data)       2572 (   2.51kB)

==============================================================================

