<html>
<body>
<pre>
<h1>礦ision Build Log</h1>
<h2>Tool Versions:</h2>
IDE-Version: μVision V5.21.1.0
Copyright (C) 2016 ARM Ltd and ARM Germany GmbH. All rights reserved.
License Information: Z Microsoft, Microsoft, LIC=JL2VE-56QI5-2LVCT-R4XIJ-VVYYH-TQ18T
 
Tool Versions:
Toolchain:       MDK-ARM Plus  Version: 5.21a
Toolchain Path:  C:\Keil_v5\ARM\ARMCC\Bin
C Compiler:      Armcc.exe V5.06 update 3 (build 300)
Assembler:       Armasm.exe V5.06 update 3 (build 300)
Linker/Locator:  ArmLink.exe V5.06 update 3 (build 300)
Library Manager: ArmAr.exe V5.06 update 3 (build 300)
Hex Converter:   FromElf.exe V5.06 update 3 (build 300)
CPU DLL:         SARMCM3.DLL V5.21a
Dialog DLL:      DCM.DLL V1.13.8.0
Target DLL:      Segger\JL2CM3.dll V2.99.23.0
Dialog DLL:      TCM.DLL V1.14.14.0
 
<h2>Project:</h2>
E:\资料\现代通信课程设计\给学生\project\STM32F2xx_StdPeriph_Lib_1.0.0\Project\音视频模块\音频\MDK-ARM\Project.uvprojx
Project File Date:  10/30/2019

<h2>Output:</h2>
*** Using Compiler 'V5.06 update 3 (build 300)', folder: 'C:\Keil_v5\ARM\ARMCC\Bin'
Build target 'SRAM'
compiling stm32_eval.c...
compiling stm32f2xx_it.c...
compiling main.c...
..\main.c(94): warning:  #167-D: argument of type "unsigned char *" is incompatible with parameter of type "char *restrict"
  		sprintf(temp,"NAND FLASH OK");
..\main.c(175): warning:  #167-D: argument of type "unsigned char *" is incompatible with parameter of type "char *restrict"
  				sprintf(temp,"%d",(uint8_t *)now);
..\main.c(184): warning:  #167-D: argument of type "unsigned char *" is incompatible with parameter of type "char *restrict"
  				sprintf(temp,"%d",(uint8_t *)now);
..\main.c(194): warning:  #167-D: argument of type "unsigned char *" is incompatible with parameter of type "char *restrict"
  				     sprintf(temp,"%d",(uint8_t *)volume);
..\main.c(207): warning:  #167-D: argument of type "unsigned char *" is incompatible with parameter of type "char *restrict"
  				sprintf(temp,"%d",(uint8_t*)volume);
..\main.c: 5 warnings, 0 errors
compiling ASC16.c...
compiling fonts.c...
compiling stm322xg_eval_keypad.c...
compiling large_font.c...
compiling stm322xg_eval_lcd.c...
compiling stm322xg_eval_audio_codec.c...
..\..\..\..\Utilities\STM32_EVAL\STM322xG_EVAL\stm322xg_eval_audio_codec.c(722): warning:  #177-D: function "Codec_CtrlInterface_Init" was declared but never referenced
  static void Codec_CtrlInterface_Init(void)
..\..\..\..\Utilities\STM32_EVAL\STM322xG_EVAL\stm322xg_eval_audio_codec.c: 1 warning, 0 errors
compiling stm322xg_eval_nand.c...
compiling HzLib.c...
compiling audio_sample.c...
compiling stm322xg_eval_sram.c...
compiling misc.c...
compiling stm32f2xx_adc.c...
compiling stm32f2xx_can.c...
compiling stm32f2xx_crc.c...
compiling stm32f2xx_cryp.c...
compiling stm32f2xx_cryp_des.c...
compiling stm32f2xx_cryp_aes.c...
compiling stm32f2xx_cryp_tdes.c...
compiling stm32f2xx_dbgmcu.c...
compiling stm32f2xx_dac.c...
compiling stm32f2xx_dcmi.c...
compiling stm32f2xx_dma.c...
compiling stm32f2xx_exti.c...
compiling stm32f2xx_fsmc.c...
compiling stm32f2xx_flash.c...
compiling stm32f2xx_gpio.c...
compiling stm32f2xx_hash_sha1.c...
compiling stm32f2xx_hash_md5.c...
compiling stm32f2xx_hash.c...
compiling stm32f2xx_iwdg.c...
compiling stm32f2xx_i2c.c...
compiling stm32f2xx_pwr.c...
compiling stm32f2xx_rng.c...
compiling stm32f2xx_rcc.c...
compiling stm32f2xx_rtc.c...
compiling stm32f2xx_sdio.c...
compiling stm32f2xx_spi.c...
compiling stm32f2xx_syscfg.c...
compiling stm32f2xx_usart.c...
compiling stm32f2xx_tim.c...
assembling startup_stm32f2xx.s...
compiling stm32f2xx_wwdg.c...
compiling system_stm32f2xx.c...
linking...
Program Size: Code=10712 RO-data=10704 RW-data=244 ZI-data=9308  
".\Obj\STM3220F_EVAL.axf" - 0 Error(s), 6 Warning(s).

<h2>Software Packages used:</h2>

Package Vendor: ARM
                http://www.keil.com/pack/ARM.CMSIS.4.5.0.pack
                ARM::CMSIS:CORE:4.3.0
                CMSIS (Cortex Microcontroller Software Interface Standard)
   * Component: CORE Version: 4.3.0

<h2>Collection of Component include folders:</h2>
  E:\资料\现代通信课程设计\给学生\project\STM32F2xx_StdPeriph_Lib_1.0.0\Project\音视频模块\音频\MDK-ARM\RTE
  C:\Keil_v5\ARM\PACK\ARM\CMSIS\4.5.0\CMSIS\Include
  C:\Keil_v5\ARM\PACK\Keil\STM32F2xx_DFP\2.6.0\Drivers\CMSIS\Device\ST\STM32F2xx\Include

<h2>Collection of Component Files used:</h2>

   * Component: ARM::CMSIS:CORE:4.3.0
Build Time Elapsed:  00:00:07
</pre>
</body>
</html>
