<html>
<body>
<pre>
<h1>礦ision Build Log</h1>
<h2>Project:</h2>
F:\产品光盘刻录\EDCP光盘资料\EDCP-ARM光盘资料\软件开发资料\STM32F2xx_StdPeriph_Lib_1.0.0\Project\控制模块\步进电机\MDK-ARM\Project.uvproj
Project File Date:  08/17/2012

<h2>Output:</h2>
Build target 'Project'
compiling main.c...
..\main.c(36): warning:  #223-D: function "STM322xG_LCD_Init" declared implicitly
compiling stm32f2xx_it.c...
compiling moto.c...
compiling fonts.c...
compiling HzLib.c...
compiling ASC16.c...
compiling large_font.c...
compiling systick.c...
compiling stm32_eval.c...
compiling stm322xg_eval_lcd.c...
compiling stm322xg_eval_keypad.c...
compiling misc.c...
compiling stm32f2xx_adc.c...
compiling stm32f2xx_can.c...
compiling stm32f2xx_crc.c...
compiling stm32f2xx_cryp.c...
compiling stm32f2xx_cryp_aes.c...
compiling stm32f2xx_cryp_des.c...
compiling stm32f2xx_cryp_tdes.c...
compiling stm32f2xx_dac.c...
compiling stm32f2xx_dbgmcu.c...
compiling stm32f2xx_dcmi.c...
compiling stm32f2xx_dma.c...
compiling stm32f2xx_exti.c...
compiling stm32f2xx_flash.c...
compiling stm32f2xx_fsmc.c...
compiling stm32f2xx_gpio.c...
compiling stm32f2xx_hash.c...
compiling stm32f2xx_hash_md5.c...
compiling stm32f2xx_hash_sha1.c...
compiling stm32f2xx_i2c.c...
compiling stm32f2xx_iwdg.c...
compiling stm32f2xx_pwr.c...
compiling stm32f2xx_rcc.c...
compiling stm32f2xx_rng.c...
compiling stm32f2xx_rtc.c...
compiling stm32f2xx_sdio.c...
compiling stm32f2xx_spi.c...
compiling stm32f2xx_syscfg.c...
compiling stm32f2xx_tim.c...
compiling stm32f2xx_usart.c...
compiling stm32f2xx_wwdg.c...
compiling system_stm32f2xx.c...
assembling startup_stm32f2xx.s...
linking...
Program Size: Code=7108 RO-data=19852 RW-data=44 ZI-data=1028  
FromELF: creating hex file...
".\Obj\STM3220F_EVAL.axf" - 0 Error(s), 1 Warning(s).
Load "F:\\产品光盘刻录\\EDCP光盘资料\\EDCP-ARM光盘资料\\软件开发资料\\STM32F2xx_StdPeriph_Lib_1.0.0\\Project\\控制模块\\步进电机\\MDK-ARM\\Obj\\STM3220F_EVAL.AXF" 
Load "F:\\产品光盘刻录\\EDCP光盘资料\\EDCP-ARM光盘资料\\软件开发资料\\STM32F2xx_StdPeriph_Lib_1.0.0\\Project\\控制模块\\步进电机\\MDK-ARM\\Obj\\STM3220F_EVAL.AXF" 
Set JLink Project File to "F:\产品光盘刻录\EDCP光盘资料\EDCP-ARM光盘资料\软件开发资料\STM32F2xx_StdPeriph_Lib_1.0.0\Project\控制模块\步进电机\MDK-ARM\JLinkSettings.ini"
 
JLink info:
------------
DLL: V4.24b, compiled Feb 22 2011 20:47:17
Firmware: J-Link ARM V8 compiled Apr 27 2011 20:42:35
Hardware: V8.00
S/N : 20090626 
Feature(s) : RDI,FlashDL,FlashBP,JFlash,GDBFull 
 
* JLink Info: Found SWD-DP with ID 0x2BA01477
* JLink Info: TPIU fitted.
* JLink Info: ETM fitted.
* JLink Info:   FPUnit: 6 code (BP) slots and 2 literal slots
* JLink Info: Found Cortex-M3 r2p0, Little endian.
ROMTableAddr = 0xE00FF003
* JLink Info: Found SWD-DP with ID 0x2BA01477
* JLink Info: TPIU fitted.
* JLink Info: ETM fitted.
* JLink Info:   FPUnit: 6 code (BP) slots and 2 literal slots
* JLink Info: Found Cortex-M3 r2p0, Little endian.
* JLink Info: Found SWD-DP with ID 0x2BA01477
* JLink Info: TPIU fitted.
* JLink Info: ETM fitted.
* JLink Info:   FPUnit: 6 code (BP) slots and 2 literal slots
* JLink Info: Found Cortex-M3 r2p0, Little endian.
 
Target info:
------------
Device: STM32F207ZG
VTarget = 3.300V
State of Pins: 
TCK: 0, TDI: 1, TDO: 1, TMS: 0, TRES: 1, TRST: 0
Hardware-Breakpoints: 6
Software-Breakpoints: 2048
Watchpoints:          4
JTAG speed: 2000 kHz
 
Erase Done.
Programming Done.
Verify OK.
* JLink Info: Found SWD-DP with ID 0x2BA01477
* JLink Info: TPIU fitted.
* JLink Info: ETM fitted.
* JLink Info:   FPUnit: 6 code (BP) slots and 2 literal slots
* JLink Info: Found Cortex-M3 r2p0, Little endian.
Application running ...
